Archive member included to satisfy reference by file (symbol)

C:/ST/STM32CubeIDE_1.14.1/STM32CubeIDE/plugins/com.st.stm32cube.ide.mcu.externaltools.gnu-tools-for-stm32.11.3.rel1.win32_1.1.100.202309141235/tools/bin/../lib/gcc/arm-none-eabi/11.3.1/../../../../arm-none-eabi/lib/thumb/v7e-m+fp/hard\libc_nano.a(libc_a-exit.o)
                              C:/ST/STM32CubeIDE_1.14.1/STM32CubeIDE/plugins/com.st.stm32cube.ide.mcu.externaltools.gnu-tools-for-stm32.11.3.rel1.win32_1.1.100.202309141235/tools/bin/../lib/gcc/arm-none-eabi/11.3.1/../../../../arm-none-eabi/lib/thumb/v7e-m+fp/hard/crt0.o (exit)
C:/ST/STM32CubeIDE_1.14.1/STM32CubeIDE/plugins/com.st.stm32cube.ide.mcu.externaltools.gnu-tools-for-stm32.11.3.rel1.win32_1.1.100.202309141235/tools/bin/../lib/gcc/arm-none-eabi/11.3.1/../../../../arm-none-eabi/lib/thumb/v7e-m+fp/hard\libc_nano.a(libc_a-malloc.o)
                              ./Core/Src/NTC.o (malloc)
C:/ST/STM32CubeIDE_1.14.1/STM32CubeIDE/plugins/com.st.stm32cube.ide.mcu.externaltools.gnu-tools-for-stm32.11.3.rel1.win32_1.1.100.202309141235/tools/bin/../lib/gcc/arm-none-eabi/11.3.1/../../../../arm-none-eabi/lib/thumb/v7e-m+fp/hard\libc_nano.a(libc_a-mallocr.o)
                              C:/ST/STM32CubeIDE_1.14.1/STM32CubeIDE/plugins/com.st.stm32cube.ide.mcu.externaltools.gnu-tools-for-stm32.11.3.rel1.win32_1.1.100.202309141235/tools/bin/../lib/gcc/arm-none-eabi/11.3.1/../../../../arm-none-eabi/lib/thumb/v7e-m+fp/hard\libc_nano.a(libc_a-malloc.o) (_malloc_r)
C:/ST/STM32CubeIDE_1.14.1/STM32CubeIDE/plugins/com.st.stm32cube.ide.mcu.externaltools.gnu-tools-for-stm32.11.3.rel1.win32_1.1.100.202309141235/tools/bin/../lib/gcc/arm-none-eabi/11.3.1/../../../../arm-none-eabi/lib/thumb/v7e-m+fp/hard\libc_nano.a(libc_a-mlock.o)
                              C:/ST/STM32CubeIDE_1.14.1/STM32CubeIDE/plugins/com.st.stm32cube.ide.mcu.externaltools.gnu-tools-for-stm32.11.3.rel1.win32_1.1.100.202309141235/tools/bin/../lib/gcc/arm-none-eabi/11.3.1/../../../../arm-none-eabi/lib/thumb/v7e-m+fp/hard\libc_nano.a(libc_a-mallocr.o) (__malloc_lock)
C:/ST/STM32CubeIDE_1.14.1/STM32CubeIDE/plugins/com.st.stm32cube.ide.mcu.externaltools.gnu-tools-for-stm32.11.3.rel1.win32_1.1.100.202309141235/tools/bin/../lib/gcc/arm-none-eabi/11.3.1/../../../../arm-none-eabi/lib/thumb/v7e-m+fp/hard\libc_nano.a(libc_a-nano-vfprintf_float.o)
                              (_printf_float)
C:/ST/STM32CubeIDE_1.14.1/STM32CubeIDE/plugins/com.st.stm32cube.ide.mcu.externaltools.gnu-tools-for-stm32.11.3.rel1.win32_1.1.100.202309141235/tools/bin/../lib/gcc/arm-none-eabi/11.3.1/../../../../arm-none-eabi/lib/thumb/v7e-m+fp/hard\libc_nano.a(libc_a-nano-vfprintf_i.o)
                              C:/ST/STM32CubeIDE_1.14.1/STM32CubeIDE/plugins/com.st.stm32cube.ide.mcu.externaltools.gnu-tools-for-stm32.11.3.rel1.win32_1.1.100.202309141235/tools/bin/../lib/gcc/arm-none-eabi/11.3.1/../../../../arm-none-eabi/lib/thumb/v7e-m+fp/hard\libc_nano.a(libc_a-nano-vfprintf_float.o) (_printf_common)
C:/ST/STM32CubeIDE_1.14.1/STM32CubeIDE/plugins/com.st.stm32cube.ide.mcu.externaltools.gnu-tools-for-stm32.11.3.rel1.win32_1.1.100.202309141235/tools/bin/../lib/gcc/arm-none-eabi/11.3.1/../../../../arm-none-eabi/lib/thumb/v7e-m+fp/hard\libc_nano.a(libc_a-findfp.o)
                              C:/ST/STM32CubeIDE_1.14.1/STM32CubeIDE/plugins/com.st.stm32cube.ide.mcu.externaltools.gnu-tools-for-stm32.11.3.rel1.win32_1.1.100.202309141235/tools/bin/../lib/gcc/arm-none-eabi/11.3.1/../../../../arm-none-eabi/lib/thumb/v7e-m+fp/hard\libc_nano.a(libc_a-exit.o) (__stdio_exit_handler)
C:/ST/STM32CubeIDE_1.14.1/STM32CubeIDE/plugins/com.st.stm32cube.ide.mcu.externaltools.gnu-tools-for-stm32.11.3.rel1.win32_1.1.100.202309141235/tools/bin/../lib/gcc/arm-none-eabi/11.3.1/../../../../arm-none-eabi/lib/thumb/v7e-m+fp/hard\libc_nano.a(libc_a-fwalk.o)
                              C:/ST/STM32CubeIDE_1.14.1/STM32CubeIDE/plugins/com.st.stm32cube.ide.mcu.externaltools.gnu-tools-for-stm32.11.3.rel1.win32_1.1.100.202309141235/tools/bin/../lib/gcc/arm-none-eabi/11.3.1/../../../../arm-none-eabi/lib/thumb/v7e-m+fp/hard\libc_nano.a(libc_a-findfp.o) (_fwalk_sglue)
C:/ST/STM32CubeIDE_1.14.1/STM32CubeIDE/plugins/com.st.stm32cube.ide.mcu.externaltools.gnu-tools-for-stm32.11.3.rel1.win32_1.1.100.202309141235/tools/bin/../lib/gcc/arm-none-eabi/11.3.1/../../../../arm-none-eabi/lib/thumb/v7e-m+fp/hard\libc_nano.a(libc_a-sprintf.o)
                              ./Core/Src/SD_Card.o (sprintf)
C:/ST/STM32CubeIDE_1.14.1/STM32CubeIDE/plugins/com.st.stm32cube.ide.mcu.externaltools.gnu-tools-for-stm32.11.3.rel1.win32_1.1.100.202309141235/tools/bin/../lib/gcc/arm-none-eabi/11.3.1/../../../../arm-none-eabi/lib/thumb/v7e-m+fp/hard\libc_nano.a(libc_a-stdio.o)
[...]
Memory Configuration

Name             Origin             Length             Attributes
RAM              0x0000000020000000 0x0000000000020000 xrw
FLASH            0x0000000008000000 0x0000000000080000 xr
*default*        0x0000000000000000 0xffffffffffffffff

Linker script and memory map

LOAD C:/ST/STM32CubeIDE_1.14.1/STM32CubeIDE/plugins/com.st.stm32cube.ide.mcu.externaltools.gnu-tools-for-stm32.11.3.rel1.win32_1.1.100.202309141235/tools/bin/../lib/gcc/arm-none-eabi/11.3.1/thumb/v7e-m+fp/hard/crti.o
LOAD C:/ST/STM32CubeIDE_1.14.1/STM32CubeIDE/plugins/com.st.stm32cube.ide.mcu.externaltools.gnu-tools-for-stm32.11.3.rel1.win32_1.1.100.202309141235/tools/bin/../lib/gcc/arm-none-eabi/11.3.1/thumb/v7e-m+fp/hard/crtbegin.o
LOAD C:/ST/STM32CubeIDE_1.14.1/STM32CubeIDE/plugins/com.st.stm32cube.ide.mcu.externaltools.gnu-tools-for-stm32.11.3.rel1.win32_1.1.100.202309141235/tools/bin/../lib/gcc/arm-none-eabi/11.3.1/../../../../arm-none-eabi/lib/thumb/v7e-m+fp/hard/crt0.o
LOAD ./Core/Src/ADC.o
LOAD ./Core/Src/Accelerometer.o
LOAD ./Core/Src/Data.o
LOAD ./Core/Src/GPIO.o
LOAD ./Core/Src/HTML_Code.o
LOAD ./Core/Src/I2C.o
LOAD ./Core/Src/ISR.o
LOAD ./Core/Src/NTC.o
LOAD ./Core/Src/Pressure_Sensor.o
LOAD ./Core/Src/SDIO.o
LOAD ./Core/Src/SD_Card.o
LOAD ./Core/Src/Timer.o
LOAD ./Core/Src/UART.o
LOAD ./Core/Src/Ultrasonic.o
LOAD ./Core/Src/Water_Resistance.o
LOAD ./Core/Src/main.o
LOAD ./Core/Src/stm32f4xx_hal_msp.o
LOAD ./Core/Src/stm32f4xx_it.o
LOAD ./Core/Src/syscalls.o
LOAD ./Core/Src/sysmem.o
LOAD ./Core/Src/system_stm32f4xx.o
LOAD ./Core/Startup/startup_stm32f411ceux.o
LOAD ./Drivers/STM32F4xx_HAL_Driver/Src/stm32f4xx_hal.o
LOAD ./Drivers/STM32F4xx_HAL_Driver/Src/stm32f4xx_hal_adc.o
LOAD ./Drivers/STM32F4xx_HAL_Driver/Src/stm32f4xx_hal_adc_ex.o
LOAD ./Drivers/STM32F4xx_HAL_Driver/Src/stm32f4xx_hal_cortex.o
LOAD ./Drivers/STM32F4xx_HAL_Driver/Src/stm32f4xx_hal_dma.o
LOAD ./Drivers/STM32F4xx_HAL_Driver/Src/stm32f4xx_hal_dma_ex.o
LOAD ./Drivers/STM32F4xx_HAL_Driver/Src/stm32f4xx_hal_exti.o
LOAD ./Drivers/STM32F4xx_HAL_Driver/Src/stm32f4xx_hal_flash.o
LOAD ./Drivers/STM32F4xx_HAL_Driver/Src/stm32f4xx_hal_flash_ex.o
LOAD ./Drivers/STM32F4xx_HAL_Driver/Src/stm32f4xx_hal_flash_ramfunc.o
LOAD ./Drivers/STM32F4xx_HAL_Driver/Src/stm32f4xx_hal_gpio.o
LOAD ./Drivers/STM32F4xx_HAL_Driver/Src/stm32f4xx_hal_i2c.o
LOAD ./Drivers/STM32F4xx_HAL_Driver/Src/stm32f4xx_hal_i2c_ex.o
LOAD ./Drivers/STM32F4xx_HAL_Driver/Src/stm32f4xx_hal_pwr.o
LOAD ./Drivers/STM32F4xx_HAL_Driver/Src/stm32f4xx_hal_pwr_ex.o
LOAD ./Drivers/STM32F4xx_HAL_Driver/Src/stm32f4xx_hal_rcc.o
LOAD ./Drivers/STM32F4xx_HAL_Driver/Src/stm32f4xx_hal_rcc_ex.o
LOAD ./Drivers/STM32F4xx_HAL_Driver/Src/stm32f4xx_hal_sd.o
LOAD ./Drivers/STM32F4xx_HAL_Driver/Src/stm32f4xx_hal_tim.o
LOAD ./Drivers/STM32F4xx_HAL_Driver/Src/stm32f4xx_hal_tim_ex.o
LOAD ./Drivers/STM32F4xx_HAL_Driver/Src/stm32f4xx_hal_uart.o
LOAD ./Drivers/STM32F4xx_HAL_Driver/Src/stm32f4xx_ll_adc.o
LOAD ./Drivers/STM32F4xx_HAL_Driver/Src/stm32f4xx_ll_sdmmc.o
LOAD ./FATFS/App/fatfs.o
LOAD ./FATFS/Target/bsp_driver_sd.o
LOAD ./FATFS/Target/fatfs_platform.o
LOAD ./FATFS/Target/sd_diskio.o
LOAD ./Middlewares/Third_Party/FatFs/src/diskio.o
LOAD ./Middlewares/Third_Party/FatFs/src/ff.o
LOAD ./Middlewares/Third_Party/FatFs/src/ff_gen_drv.o
LOAD ./Middlewares/Third_Party/FatFs/src/option/ccsbcs.o
LOAD ./Middlewares/Third_Party/FatFs/src/option/syscall.o
START GROUP
LOAD C:/ST/STM32CubeIDE_1.14.1/STM32CubeIDE/plugins/com.st.stm32cube.ide.mcu.externaltools.gnu-tools-for-stm32.11.3.rel1.win32_1.1.100.202309141235/tools/bin/../lib/gcc/arm-none-eabi/11.3.1/../../../../arm-none-eabi/lib/thumb/v7e-m+fp/hard\libc_nano.a
LOAD C:/ST/STM32CubeIDE_1.14.1/STM32CubeIDE/plugins/com.st.stm32cube.ide.mcu.externaltools.gnu-tools-for-stm32.11.3.rel1.win32_1.1.100.202309141235/tools/bin/../lib/gcc/arm-none-eabi/11.3.1/../../../../arm-none-eabi/lib/thumb/v7e-m+fp/hard\libm.a
END GROUP
START GROUP
LOAD C:/ST/STM32CubeIDE_1.14.1/STM32CubeIDE/plugins/com.st.stm32cube.ide.mcu.externaltools.gnu-tools-for-stm32.11.3.rel1.win32_1.1.100.202309141235/tools/bin/../lib/gcc/arm-none-eabi/11.3.1/thumb/v7e-m+fp/hard\libgcc.a
LOAD C:/ST/STM32CubeIDE_1.14.1/STM32CubeIDE/plugins/com.st.stm32cube.ide.mcu.externaltools.gnu-tools-for-stm32.11.3.rel1.win32_1.1.100.202309141235/tools/bin/../lib/gcc/arm-none-eabi/11.3.1/../../../../arm-none-eabi/lib/thumb/v7e-m+fp/hard\libc_nano.a
END GROUP
START GROUP
LOAD C:/ST/STM32CubeIDE_1.14.1/STM32CubeIDE/plugins/com.st.stm32cube.ide.mcu.externaltools.gnu-tools-for-stm32.11.3.rel1.win32_1.1.100.202309141235/tools/bin/../lib/gcc/arm-none-eabi/11.3.1/thumb/v7e-m+fp/hard\libgcc.a
LOAD C:/ST/STM32CubeIDE_1.14.1/STM32CubeIDE/plugins/com.st.stm32cube.ide.mcu.externaltools.gnu-tools-for-stm32.11.3.rel1.win32_1.1.100.202309141235/tools/bin/../lib/gcc/arm-none-eabi/11.3.1/../../../../arm-none-eabi/lib/thumb/v7e-m+fp/hard\libc_nano.a
LOAD C:/ST/STM32CubeIDE_1.14.1/STM32CubeIDE/plugins/com.st.stm32cube.ide.mcu.externaltools.gnu-tools-for-stm32.11.3.rel1.win32_1.1.100.202309141235/tools/bin/../lib/gcc/arm-none-eabi/11.3.1/../../../../arm-none-eabi/lib/thumb/v7e-m+fp/hard\libnosys.a
END GROUP
START GROUP
LOAD C:/ST/STM32CubeIDE_1.14.1/STM32CubeIDE/plugins/com.st.stm32cube.ide.mcu.externaltools.gnu-tools-for-stm32.11.3.rel1.win32_1.1.100.202309141235/tools/bin/../lib/gcc/arm-none-eabi/11.3.1/thumb/v7e-m+fp/hard\libgcc.a
LOAD C:/ST/STM32CubeIDE_1.14.1/STM32CubeIDE/plugins/com.st.stm32cube.ide.mcu.externaltools.gnu-tools-for-stm32.11.3.rel1.win32_1.1.100.202309141235/tools/bin/../lib/gcc/arm-none-eabi/11.3.1/../../../../arm-none-eabi/lib/thumb/v7e-m+fp/hard\libc_nano.a
LOAD C:/ST/STM32CubeIDE_1.14.1/STM32CubeIDE/plugins/com.st.stm32cube.ide.mcu.externaltools.gnu-tools-for-stm32.11.3.rel1.win32_1.1.100.202309141235/tools/bin/../lib/gcc/arm-none-eabi/11.3.1/../../../../arm-none-eabi/lib/thumb/v7e-m+fp/hard\libnosys.a
END GROUP
LOAD C:/ST/STM32CubeIDE_1.14.1/STM32CubeIDE/plugins/com.st.stm32cube.ide.mcu.externaltools.gnu-tools-for-stm32.11.3.rel1.win32_1.1.100.202309141235/tools/bin/../lib/gcc/arm-none-eabi/11.3.1/thumb/v7e-m+fp/hard/crtend.o
LOAD C:/ST/STM32CubeIDE_1.14.1/STM32CubeIDE/plugins/com.st.stm32cube.ide.mcu.externaltools.gnu-tools-for-stm32.11.3.rel1.win32_1.1.100.202309141235/tools/bin/../lib/gcc/arm-none-eabi/11.3.1/thumb/v7e-m+fp/hard/crtn.o
                0x0000000020020000                _estack = (ORIGIN (RAM) + LENGTH (RAM))
                0x0000000000000200                _Min_Heap_Size = 0x200
                0x0000000000000400                _Min_Stack_Size = 0x400

.isr_vector     0x0000000008000000      0x198
                0x0000000008000000                . = ALIGN (0x4)
 *(.isr_vector)
 .isr_vector    0x0000000008000000      0x198 ./Core/Startup/startup_stm32f411ceux.o
                0x0000000008000000                g_pfnVectors
                0x0000000008000198                . = ALIGN (0x4)

.text           0x00000000080001a0     0xafcc
                0x00000000080001a0                . = ALIGN (0x4)
 *(.text)
 .text          0x00000000080001a0       0x40 C:/ST/STM32CubeIDE_1.14.1/STM32CubeIDE/plugins/com.st.stm32cube.ide.mcu.externaltools.gnu-tools-for-stm32.11.3.rel1.win32_1.1.100.202309141235/tools/bin/../lib/gcc/arm-none-eabi/11.3.1/thumb/v7e-m+fp/hard/crtbegin.o
 .text          0x00000000080001e0       0x14 C:/ST/STM32CubeIDE_1.14.1/STM32CubeIDE/plugins/com.st.stm32cube.ide.mcu.externaltools.gnu-tools-for-stm32.11.3.rel1.win32_1.1.100.202309141235/tools/bin/../lib/gcc/arm-none-eabi/11.3.1/../../../../arm-none-eabi/lib/thumb/v7e-m+fp/hard\libc_nano.a(libc_a-strcmp.o)
                0x00000000080001e0                strcmp
 *fill*         0x00000000080001f4        0xc 
 .text          0x0000000008000200       0xa0 C:/ST/STM32CubeIDE_1.14.1/STM32CubeIDE/plugins/com.st.stm32cube.ide.mcu.externaltools.gnu-tools-for-stm32.11.3.rel1.win32_1.1.100.202309141235/tools/bin/../lib/gcc/arm-none-eabi/11.3.1/../../../../arm-none-eabi/lib/thumb/v7e-m+fp/hard\libc_nano.a(libc_a-memchr.o)
                0x0000000008000200                memchr
 .text          0x00000000080002a0       0x10 C:/ST/STM32CubeIDE_1.14.1/STM32CubeIDE/plugins/com.st.stm32cube.ide.mcu.externaltools.gnu-tools-for-stm32.11.3.rel1.win32_1.1.100.202309141235/tools/bin/../lib/gcc/arm-none-eabi/11.3.1/../../../../arm-none-eabi/lib/thumb/v7e-m+fp/hard\libc_nano.a(libc_a-strlen.o)
                0x00000000080002a0                strlen
 .text          0x00000000080002b0      0x378 C:/ST/STM32CubeIDE_1.14.1/STM32CubeIDE/plugins/com.st.stm32cube.ide.mcu.externaltools.gnu-tools-for-stm32.11.3.rel1.win32_1.1.100.202309141235/tools/bin/../lib/gcc/arm-none-eabi/11.3.1/thumb/v7e-m+fp/hard\libgcc.a(_arm_addsubdf3.o)
                0x00000000080002b0                __aeabi_drsub
                0x00000000080002b8                __aeabi_dsub
                0x00000000080002b8                __subdf3
                0x00000000080002bc                __aeabi_dadd
                0x00000000080002bc                __adddf3
                0x0000000008000534                __floatunsidf
                0x0000000008000534                __aeabi_ui2d
                0x0000000008000554                __floatsidf
                0x0000000008000554                __aeabi_i2d
                0x0000000008000578                __aeabi_f2d
                0x0000000008000578                __extendsfdf2
                0x00000000080005bc                __floatundidf
                0x00000000080005bc                __aeabi_ul2d
                0x00000000080005cc                __floatdidf
                0x00000000080005cc                __aeabi_l2d
 .text          0x0000000008000628      0x424 C:/ST/STM32CubeIDE_1.14.1/STM32CubeIDE/plugins/com.st.stm32cube.ide.mcu.externaltools.gnu-tools-for-stm32.11.3.rel1.win32_1.1.100.202309141235/tools/bin/../lib/gcc/arm-none-eabi/11.3.1/thumb/v7e-m+fp/hard\libgcc.a(_arm_muldivdf3.o)
                0x0000000008000628                __aeabi_dmul
                0x0000000008000628                __muldf3
                0x000000000800087c                __divdf3
                0x000000000800087c                __aeabi_ddiv
 .text          0x0000000008000a4c      0x110 C:/ST/STM32CubeIDE_1.14.1/STM32CubeIDE/plugins/com.st.stm32cube.ide.mcu.externaltools.gnu-tools-for-stm32.11.3.rel1.win32_1.1.100.202309141235/tools/bin/../lib/gcc/arm-none-eabi/11.3.1/thumb/v7e-m+fp/hard\libgcc.a(_arm_cmpdf2.o)
                0x0000000008000a4c                __gtdf2
                0x0000000008000a4c                __gedf2
                0x0000000008000a54                __ltdf2
                0x0000000008000a54                __ledf2
                0x0000000008000a5c                __nedf2
                0x0000000008000a5c                __eqdf2
                0x0000000008000a5c                __cmpdf2
                0x0000000008000ad8                __aeabi_cdrcmple
                0x0000000008000ae8                __aeabi_cdcmpeq
                0x0000000008000ae8                __aeabi_cdcmple
                0x0000000008000af8                __aeabi_dcmpeq
                0x0000000008000b0c                __aeabi_dcmplt
                0x0000000008000b20                __aeabi_dcmple
                0x0000000008000b34                __aeabi_dcmpge
                0x0000000008000b48                __aeabi_dcmpgt
 .text          0x0000000008000b5c       0x2c C:/ST/STM32CubeIDE_1.14.1/STM32CubeIDE/plugins/com.st.stm32cube.ide.mcu.externaltools.gnu-tools-for-stm32.11.3.rel1.win32_1.1.100.202309141235/tools/bin/../lib/gcc/arm-none-eabi/11.3.1/thumb/v7e-m+fp/hard\libgcc.a(_arm_unorddf2.o)
                0x0000000008000b5c                __unorddf2
                0x0000000008000b5c                __aeabi_dcmpun
 .text          0x0000000008000b88       0x50 C:/ST/STM32CubeIDE_1.14.1/STM32CubeIDE/plugins/com.st.stm32cube.ide.mcu.externaltools.gnu-tools-for-stm32.11.3.rel1.win32_1.1.100.202309141235/tools/bin/../lib/gcc/arm-none-eabi/11.3.1/thumb/v7e-m+fp/hard\libgcc.a(_arm_fixdfsi.o)
                0x0000000008000b88                __aeabi_d2iz
                0x0000000008000b88                __fixdfsi
 .text          0x0000000008000bd8       0xa0 C:/ST/STM32CubeIDE_1.14.1/STM32CubeIDE/plugins/com.st.stm32cube.ide.mcu.externaltools.gnu-tools-for-stm32.11.3.rel1.win32_1.1.100.202309141235/tools/bin/../lib/gcc/arm-none-eabi/11.3.1/thumb/v7e-m+fp/hard\libgcc.a(_arm_truncdfsf2.o)
                0x0000000008000bd8                __truncdfsf2
                0x0000000008000bd8                __aeabi_d2f
 .text          0x0000000008000c78       0x30 C:/ST/STM32CubeIDE_1.14.1/STM32CubeIDE/plugins/com.st.stm32cube.ide.mcu.externaltools.gnu-tools-for-stm32.11.3.rel1.win32_1.1.100.202309141235/tools/bin/../lib/gcc/arm-none-eabi/11.3.1/thumb/v7e-m+fp/hard\libgcc.a(_aeabi_uldivmod.o)
                0x0000000008000c78                __aeabi_uldivmod
 .text          0x0000000008000ca8      0x2c8 C:/ST/STM32CubeIDE_1.14.1/STM32CubeIDE/plugins/com.st.stm32cube.ide.mcu.externaltools.gnu-tools-for-stm32.11.3.rel1.win32_1.1.100.202309141235/tools/bin/../lib/gcc/arm-none-eabi/11.3.1/thumb/v7e-m+fp/hard\libgcc.a(_udivmoddi4.o)
                0x0000000008000ca8                __udivmoddi4
 .text          0x0000000008000f70        0x4 C:/ST/STM32CubeIDE_1.14.1/STM32CubeIDE/plugins/com.st.stm32cube.ide.mcu.externaltools.gnu-tools-for-stm32.11.3.rel1.win32_1.1.100.202309141235/tools/bin/../lib/gcc/arm-none-eabi/11.3.1/thumb/v7e-m+fp/hard\libgcc.a(_dvmd_tls.o)
                0x0000000008000f70                __aeabi_idiv0
                0x0000000008000f70                __aeabi_ldiv0
 *(.text*)
 .text.MX_ADC1_Init
                0x0000000008000f74       0x48 ./Core/Src/ADC.o
                0x0000000008000f74                MX_ADC1_Init
 .text.Acc_Init
                0x0000000008000fbc       0x58 ./Core/Src/Accelerometer.o
                0x0000000008000fbc                Acc_Init
 *fill*         0x0000000008001014        0x4 
 .text.Get_Axis
                0x0000000008001018      0x234 ./Core/Src/Accelerometer.o
                0x0000000008001018                Get_Axis
 .text.System_Start
                0x000000000800124c      0x10c ./Core/Src/Accelerometer.o
                0x000000000800124c                System_Start
 .text.Store_Data
                0x0000000008001358       0xb0 ./Core/Src/Data.o
                0x0000000008001358                Store_Data
 .text.MX_GPIO_Init
                0x0000000008001408       0xa4 ./Core/Src/GPIO.o
                0x0000000008001408                MX_GPIO_Init
 .text.MX_I2C1_Init
                0x00000000080014ac       0x3c ./Core/Src/I2C.o
                0x00000000080014ac                MX_I2C1_Init
 .text.I2C_WriteByte
                0x00000000080014e8       0x2c ./Core/Src/I2C.o
                0x00000000080014e8                I2C_WriteByte
 .text.Sleep_mode
                0x0000000008001514       0x50 ./Core/Src/ISR.o
                0x0000000008001514                Sleep_mode
 .text.HAL_TIM_PeriodElapsedCallback
                0x0000000008001564       0x4c ./Core/Src/ISR.o
                0x0000000008001564                HAL_TIM_PeriodElapsedCallback
 .text.NTC_Array
                0x00000000080015b0      0x508 ./Core/Src/NTC.o
                0x00000000080015b0                NTC_Array
 .text.PresureSensorData
                0x0000000008001ab8       0xe0 ./Core/Src/Pressure_Sensor.o
                0x0000000008001ab8                PresureSensorData
 .text.MX_SDIO_SD_Init
                0x0000000008001b98       0x20 ./Core/Src/SDIO.o
                0x0000000008001b98                MX_SDIO_SD_Init
 .text.SD_Card_Test
                0x0000000008001bb8       0x54 ./Core/Src/SD_Card.o
                0x0000000008001bb8                SD_Card_Test
 .text.File_Number_Create
                0x0000000008001c0c       0xd8 ./Core/Src/SD_Card.o
                0x0000000008001c0c                File_Number_Create
 .text.Num_Sys_Create
                0x0000000008001ce4       0xe0 ./Core/Src/SD_Card.o
                0x0000000008001ce4                Num_Sys_Create
 .text.HTML_File_Create
                0x0000000008001dc4      0x140 ./Core/Src/SD_Card.o
                0x0000000008001dc4                HTML_File_Create
 .text.Read_Log_Number
                0x0000000008001f04       0x70 ./Core/Src/SD_Card.o
                0x0000000008001f04                Read_Log_Number
 .text.Read_Number_Sys
                0x0000000008001f74       0x8c ./Core/Src/SD_Card.o
                0x0000000008001f74                Read_Number_Sys
 .text.Create_DataLog_File
                0x0000000008002000       0xac ./Core/Src/SD_Card.o
                0x0000000008002000                Create_DataLog_File
 .text.Update_Log_Num
                0x00000000080020ac       0x94 ./Core/Src/SD_Card.o
                0x00000000080020ac                Update_Log_Num
 .text.DATA_LOG
                0x0000000008002140      0x250 ./Core/Src/SD_Card.o
                0x0000000008002140                DATA_LOG
 .text.MX_TIM3_Init
                0x0000000008002390       0x6c ./Core/Src/Timer.o
                0x0000000008002390                MX_TIM3_Init
 .text.MX_TIM4_Init
                0x00000000080023fc       0x6c ./Core/Src/Timer.o
                0x00000000080023fc                MX_TIM4_Init
 .text.MX_USART1_UART_Init
                0x0000000008002468       0x38 ./Core/Src/UART.o
                0x0000000008002468                MX_USART1_UART_Init
 .text.UART_Printf
                0x00000000080024a0       0x3c ./Core/Src/UART.o
                0x00000000080024a0                UART_Printf
 *fill*         0x00000000080024dc        0x4 
 .text.Ultrasonic_Amplitude
                0x00000000080024e0       0xc4 ./Core/Src/Ultrasonic.o
                0x00000000080024e0                Ultrasonic_Amplitude
 *fill*         0x00000000080025a4        0x4 
 .text.Water_Res
                0x00000000080025a8       0xe4 ./Core/Src/Water_Resistance.o
                0x00000000080025a8                Water_Res
 .text.SystemClock_Config
                0x000000000800268c       0xa0 ./Core/Src/main.o
                0x000000000800268c                SystemClock_Config
 .text.startup.main
                0x000000000800272c      0x144 ./Core/Src/main.o
                0x000000000800272c                main
 .text.Error_Handler
                0x0000000008002870        0x4 ./Core/Src/main.o
                0x0000000008002870                Error_Handler
 .text.HAL_MspInit
                0x0000000008002874       0x38 ./Core/Src/stm32f4xx_hal_msp.o
                0x0000000008002874                HAL_MspInit
 .text.HAL_ADC_MspInit
                0x00000000080028ac       0x8c ./Core/Src/stm32f4xx_hal_msp.o
                0x00000000080028ac                HAL_ADC_MspInit
 .text.HAL_I2C_MspInit
                0x0000000008002938       0x6c ./Core/Src/stm32f4xx_hal_msp.o
                0x0000000008002938                HAL_I2C_MspInit
 .text.HAL_SD_MspInit
                0x00000000080029a4       0xa0 ./Core/Src/stm32f4xx_hal_msp.o
                0x00000000080029a4                HAL_SD_MspInit
 .text.HAL_TIM_Base_MspInit
                0x0000000008002a44       0x74 ./Core/Src/stm32f4xx_hal_msp.o
                0x0000000008002a44                HAL_TIM_Base_MspInit
 .text.HAL_UART_MspInit
                0x0000000008002ab8       0x98 ./Core/Src/stm32f4xx_hal_msp.o
                0x0000000008002ab8                HAL_UART_MspInit
 .text.NMI_Handler
                0x0000000008002b50        0x2 ./Core/Src/stm32f4xx_it.o
                0x0000000008002b50                NMI_Handler
 .text.HardFault_Handler
                0x0000000008002b52        0x2 ./Core/Src/stm32f4xx_it.o
                0x0000000008002b52                HardFault_Handler
 .text.MemManage_Handler
                0x0000000008002b54        0x2 ./Core/Src/stm32f4xx_it.o
                0x0000000008002b54                MemManage_Handler
 .text.BusFault_Handler
                0x0000000008002b56        0x2 ./Core/Src/stm32f4xx_it.o
                0x0000000008002b56                BusFault_Handler
 .text.UsageFault_Handler
                0x0000000008002b58        0x2 ./Core/Src/stm32f4xx_it.o
                0x0000000008002b58                UsageFault_Handler
 .text.SVC_Handler
                0x0000000008002b5a        0x2 ./Core/Src/stm32f4xx_it.o
                0x0000000008002b5a                SVC_Handler
 .text.DebugMon_Handler
                0x0000000008002b5c        0x2 ./Core/Src/stm32f4xx_it.o
                0x0000000008002b5c                DebugMon_Handler
 .text.PendSV_Handler
                0x0000000008002b5e        0x2 ./Core/Src/stm32f4xx_it.o
                0x0000000008002b5e                PendSV_Handler
 .text.SysTick_Handler
                0x0000000008002b60        0x4 ./Core/Src/stm32f4xx_it.o
                0x0000000008002b60                SysTick_Handler
 .text.TIM3_IRQHandler
                0x0000000008002b64        0xc ./Core/Src/stm32f4xx_it.o
                0x0000000008002b64                TIM3_IRQHandler
 .text.TIM4_IRQHandler
                0x0000000008002b70        0xc ./Core/Src/stm32f4xx_it.o
                0x0000000008002b70                TIM4_IRQHandler
 .text._getpid  0x0000000008002b7c        0x4 ./Core/Src/syscalls.o
                0x0000000008002b7c                _getpid
 .text._kill    0x0000000008002b80       0x10 ./Core/Src/syscalls.o
                0x0000000008002b80                _kill
 .text._exit    0x0000000008002b90        0xc ./Core/Src/syscalls.o
                0x0000000008002b90                _exit
 .text._read    0x0000000008002b9c       0x1c ./Core/Src/syscalls.o
                0x0000000008002b9c                _read
 .text._write   0x0000000008002bb8       0x1c ./Core/Src/syscalls.o
                0x0000000008002bb8                _write
 .text._close   0x0000000008002bd4        0x6 ./Core/Src/syscalls.o
                0x0000000008002bd4                _close
 .text._fstat   0x0000000008002bda        0xa ./Core/Src/syscalls.o
                0x0000000008002bda                _fstat
 .text._isatty  0x0000000008002be4        0x4 ./Core/Src/syscalls.o
                0x0000000008002be4                _isatty
 .text._lseek   0x0000000008002be8        0x4 ./Core/Src/syscalls.o
                0x0000000008002be8                _lseek
 .text._sbrk    0x0000000008002bec       0x40 ./Core/Src/sysmem.o
                0x0000000008002bec                _sbrk
 .text.SystemInit
                0x0000000008002c2c       0x14 ./Core/Src/system_stm32f4xx.o
                0x0000000008002c2c                SystemInit
 .text.Reset_Handler
                0x0000000008002c40       0x50 ./Core/Startup/startup_stm32f411ceux.o
                0x0000000008002c40                Reset_Handler
 .text.Default_Handler
                0x0000000008002c90        0x2 ./Core/Startup/startup_stm32f411ceux.o
                0x0000000008002c90                RTC_Alarm_IRQHandler
                0x0000000008002c90                EXTI2_IRQHandler
                0x0000000008002c90                SPI4_IRQHandler
                0x0000000008002c90                TIM1_CC_IRQHandler
                0x0000000008002c90                DMA2_Stream5_IRQHandler
                0x0000000008002c90                DMA1_Stream5_IRQHandler
                0x0000000008002c90                PVD_IRQHandler
                0x0000000008002c90                SDIO_IRQHandler
                0x0000000008002c90                TAMP_STAMP_IRQHandler
                0x0000000008002c90                EXTI3_IRQHandler
                0x0000000008002c90                TIM1_UP_TIM10_IRQHandler
                0x0000000008002c90                I2C3_ER_IRQHandler
                0x0000000008002c90                EXTI0_IRQHandler
                0x0000000008002c90                I2C2_EV_IRQHandler
                0x0000000008002c90                DMA1_Stream2_IRQHandler
                0x0000000008002c90                FPU_IRQHandler
                0x0000000008002c90                DMA2_Stream2_IRQHandler
                0x0000000008002c90                SPI1_IRQHandler
                0x0000000008002c90                TIM1_BRK_TIM9_IRQHandler
                0x0000000008002c90                DMA2_Stream3_IRQHandler
                0x0000000008002c90                USART6_IRQHandler
                0x0000000008002c90                DMA2_Stream0_IRQHandler
                0x0000000008002c90                I2C1_EV_IRQHandler
                0x0000000008002c90                DMA1_Stream6_IRQHandler
                0x0000000008002c90                DMA1_Stream1_IRQHandler
                0x0000000008002c90                RCC_IRQHandler
                0x0000000008002c90                Default_Handler
                0x0000000008002c90                EXTI15_10_IRQHandler
                0x0000000008002c90                ADC_IRQHandler
                0x0000000008002c90                DMA1_Stream7_IRQHandler
                0x0000000008002c90                SPI5_IRQHandler
                0x0000000008002c90                TIM5_IRQHandler
                0x0000000008002c90                DMA2_Stream7_IRQHandler
                0x0000000008002c90                I2C3_EV_IRQHandler
                0x0000000008002c90                EXTI9_5_IRQHandler
                0x0000000008002c90                RTC_WKUP_IRQHandler
                0x0000000008002c90                SPI2_IRQHandler
                0x0000000008002c90                DMA1_Stream0_IRQHandler
                0x0000000008002c90                EXTI4_IRQHandler
                0x0000000008002c90                WWDG_IRQHandler
                0x0000000008002c90                TIM2_IRQHandler
                0x0000000008002c90                OTG_FS_WKUP_IRQHandler
                0x0000000008002c90                TIM1_TRG_COM_TIM11_IRQHandler
                0x0000000008002c90                EXTI1_IRQHandler
                0x0000000008002c90                USART2_IRQHandler
                0x0000000008002c90                I2C2_ER_IRQHandler
                0x0000000008002c90                DMA2_Stream1_IRQHandler
                0x0000000008002c90                FLASH_IRQHandler
                0x0000000008002c90                DMA2_Stream4_IRQHandler
                0x0000000008002c90                USART1_IRQHandler
                0x0000000008002c90                OTG_FS_IRQHandler
                0x0000000008002c90                SPI3_IRQHandler
                0x0000000008002c90                DMA1_Stream4_IRQHandler
                0x0000000008002c90                I2C1_ER_IRQHandler
                0x0000000008002c90                DMA2_Stream6_IRQHandler
                0x0000000008002c90                DMA1_Stream3_IRQHandler
 *fill*         0x0000000008002c92        0x2 
 .text.HAL_InitTick
                0x0000000008002c94       0x48 ./Drivers/STM32F4xx_HAL_Driver/Src/stm32f4xx_hal.o
                0x0000000008002c94                HAL_InitTick
 .text.HAL_Init
                0x0000000008002cdc       0x34 ./Drivers/STM32F4xx_HAL_Driver/Src/stm32f4xx_hal.o
                0x0000000008002cdc                HAL_Init
 .text.HAL_IncTick
                0x0000000008002d10       0x18 ./Drivers/STM32F4xx_HAL_Driver/Src/stm32f4xx_hal.o
                0x0000000008002d10                HAL_IncTick
 .text.HAL_GetTick
                0x0000000008002d28        0xc ./Drivers/STM32F4xx_HAL_Driver/Src/stm32f4xx_hal.o
                0x0000000008002d28                HAL_GetTick
 .text.HAL_Delay
                0x0000000008002d34       0x28 ./Drivers/STM32F4xx_HAL_Driver/Src/stm32f4xx_hal.o
                0x0000000008002d34                HAL_Delay
 .text.HAL_SuspendTick
                0x0000000008002d5c        0xe ./Drivers/STM32F4xx_HAL_Driver/Src/stm32f4xx_hal.o
                0x0000000008002d5c                HAL_SuspendTick
 .text.HAL_ResumeTick
                0x0000000008002d6a        0xe ./Drivers/STM32F4xx_HAL_Driver/Src/stm32f4xx_hal.o
                0x0000000008002d6a                HAL_ResumeTick
 .text.HAL_ADC_Init
                0x0000000008002d78      0x14c ./Drivers/STM32F4xx_HAL_Driver/Src/stm32f4xx_hal_adc.o
                0x0000000008002d78                HAL_ADC_Init
 .text.HAL_ADC_Start
                0x0000000008002ec4       0xe8 ./Drivers/STM32F4xx_HAL_Driver/Src/stm32f4xx_hal_adc.o
                0x0000000008002ec4                HAL_ADC_Start
 .text.HAL_ADC_Stop
                0x0000000008002fac       0x36 ./Drivers/STM32F4xx_HAL_Driver/Src/stm32f4xx_hal_adc.o
                0x0000000008002fac                HAL_ADC_Stop
 .text.HAL_ADC_PollForConversion
                0x0000000008002fe2       0xa6 ./Drivers/STM32F4xx_HAL_Driver/Src/stm32f4xx_hal_adc.o
                0x0000000008002fe2                HAL_ADC_PollForConversion
 .text.HAL_ADC_GetValue
                0x0000000008003088        0x6 ./Drivers/STM32F4xx_HAL_Driver/Src/stm32f4xx_hal_adc.o
                0x0000000008003088                HAL_ADC_GetValue
 *fill*         0x000000000800308e        0x2 
 .text.HAL_ADC_ConfigChannel
                0x0000000008003090      0x134 ./Drivers/STM32F4xx_HAL_Driver/Src/stm32f4xx_hal_adc.o
                0x0000000008003090                HAL_ADC_ConfigChannel
 .text.HAL_NVIC_SetPriorityGrouping
                0x00000000080031c4       0x24 ./Drivers/STM32F4xx_HAL_Driver/Src/stm32f4xx_hal_cortex.o
                0x00000000080031c4                HAL_NVIC_SetPriorityGrouping
 .text.HAL_NVIC_SetPriority
                0x00000000080031e8       0x64 ./Drivers/STM32F4xx_HAL_Driver/Src/stm32f4xx_hal_cortex.o
                0x00000000080031e8                HAL_NVIC_SetPriority
 .text.HAL_NVIC_EnableIRQ
                0x000000000800324c       0x1c ./Drivers/STM32F4xx_HAL_Driver/Src/stm32f4xx_hal_cortex.o
                0x000000000800324c                HAL_NVIC_EnableIRQ
 .text.HAL_SYSTICK_Config
                0x0000000008003268       0x28 ./Drivers/STM32F4xx_HAL_Driver/Src/stm32f4xx_hal_cortex.o
                0x0000000008003268                HAL_SYSTICK_Config
 .text.HAL_GPIO_Init
                0x0000000008003290      0x190 ./Drivers/STM32F4xx_HAL_Driver/Src/stm32f4xx_hal_gpio.o
                0x0000000008003290                HAL_GPIO_Init
 .text.HAL_GPIO_ReadPin
                0x0000000008003420        0xc ./Drivers/STM32F4xx_HAL_Driver/Src/stm32f4xx_hal_gpio.o
                0x0000000008003420                HAL_GPIO_ReadPin
 .text.HAL_GPIO_WritePin
                0x000000000800342c        0xa ./Drivers/STM32F4xx_HAL_Driver/Src/stm32f4xx_hal_gpio.o
                0x000000000800342c                HAL_GPIO_WritePin
 .text.I2C_IsAcknowledgeFailed
                0x0000000008003436       0x34 ./Drivers/STM32F4xx_HAL_Driver/Src/stm32f4xx_hal_i2c.o
 .text.I2C_WaitOnFlagUntilTimeout
                0x000000000800346a       0x80 ./Drivers/STM32F4xx_HAL_Driver/Src/stm32f4xx_hal_i2c.o
 .text.I2C_WaitOnMasterAddressFlagUntilTimeout
                0x00000000080034ea       0x84 ./Drivers/STM32F4xx_HAL_Driver/Src/stm32f4xx_hal_i2c.o
 .text.I2C_WaitOnTXEFlagUntilTimeout
                0x000000000800356e       0x54 ./Drivers/STM32F4xx_HAL_Driver/Src/stm32f4xx_hal_i2c.o
 *fill*         0x00000000080035c2        0x2 
 .text.I2C_RequestMemoryWrite
                0x00000000080035c4       0xb0 ./Drivers/STM32F4xx_HAL_Driver/Src/stm32f4xx_hal_i2c.o
 .text.I2C_RequestMemoryRead
                0x0000000008003674      0x104 ./Drivers/STM32F4xx_HAL_Driver/Src/stm32f4xx_hal_i2c.o
 .text.I2C_WaitOnBTFFlagUntilTimeout
                0x0000000008003778       0x54 ./Drivers/STM32F4xx_HAL_Driver/Src/stm32f4xx_hal_i2c.o
 .text.I2C_WaitOnRXNEFlagUntilTimeout
                0x00000000080037cc       0x66 ./Drivers/STM32F4xx_HAL_Driver/Src/stm32f4xx_hal_i2c.o
 *fill*         0x0000000008003832        0x2 
 .text.HAL_I2C_Init
                0x0000000008003834      0x150 ./Drivers/STM32F4xx_HAL_Driver/Src/stm32f4xx_hal_i2c.o
                0x0000000008003834                HAL_I2C_Init
 .text.HAL_I2C_Mem_Write
                0x0000000008003984      0x120 ./Drivers/STM32F4xx_HAL_Driver/Src/stm32f4xx_hal_i2c.o
                0x0000000008003984                HAL_I2C_Mem_Write
 .text.HAL_I2C_Mem_Read
                0x0000000008003aa4      0x220 ./Drivers/STM32F4xx_HAL_Driver/Src/stm32f4xx_hal_i2c.o
                0x0000000008003aa4                HAL_I2C_Mem_Read
 .text.HAL_PWR_EnterSLEEPMode
                0x0000000008003cc4       0x20 ./Drivers/STM32F4xx_HAL_Driver/Src/stm32f4xx_hal_pwr.o
                0x0000000008003cc4                HAL_PWR_EnterSLEEPMode
 .text.HAL_RCC_OscConfig
                0x0000000008003ce4      0x358 ./Drivers/STM32F4xx_HAL_Driver/Src/stm32f4xx_hal_rcc.o
                0x0000000008003ce4                HAL_RCC_OscConfig
 .text.HAL_RCC_GetSysClockFreq
                0x000000000800403c       0x5c ./Drivers/STM32F4xx_HAL_Driver/Src/stm32f4xx_hal_rcc.o
                0x000000000800403c                HAL_RCC_GetSysClockFreq
 .text.HAL_RCC_ClockConfig
                0x0000000008004098      0x134 ./Drivers/STM32F4xx_HAL_Driver/Src/stm32f4xx_hal_rcc.o
                0x0000000008004098                HAL_RCC_ClockConfig
 .text.HAL_RCC_GetPCLK1Freq
                0x00000000080041cc       0x20 ./Drivers/STM32F4xx_HAL_Driver/Src/stm32f4xx_hal_rcc.o
                0x00000000080041cc                HAL_RCC_GetPCLK1Freq
 .text.HAL_RCC_GetPCLK2Freq
                0x00000000080041ec       0x20 ./Drivers/STM32F4xx_HAL_Driver/Src/stm32f4xx_hal_rcc.o
                0x00000000080041ec                HAL_RCC_GetPCLK2Freq
 .text.SD_FindSCR.constprop.0
                0x000000000800420c       0xd2 ./Drivers/STM32F4xx_HAL_Driver/Src/stm32f4xx_hal_sd.o
 *fill*         0x00000000080042de        0x2 
 .text.HAL_SD_ReadBlocks
                0x00000000080042e0      0x210 ./Drivers/STM32F4xx_HAL_Driver/Src/stm32f4xx_hal_sd.o
                0x00000000080042e0                HAL_SD_ReadBlocks
 .text.HAL_SD_WriteBlocks
                0x00000000080044f0      0x1a8 ./Drivers/STM32F4xx_HAL_Driver/Src/stm32f4xx_hal_sd.o
                0x00000000080044f0                HAL_SD_WriteBlocks
 .text.HAL_SD_GetCardCSD
                0x0000000008004698      0x16c ./Drivers/STM32F4xx_HAL_Driver/Src/stm32f4xx_hal_sd.o
                0x0000000008004698                HAL_SD_GetCardCSD
 .text.HAL_SD_InitCard
                0x0000000008004804      0x204 ./Drivers/STM32F4xx_HAL_Driver/Src/stm32f4xx_hal_sd.o
                0x0000000008004804                HAL_SD_InitCard
 .text.HAL_SD_Init
                0x0000000008004a08       0x36 ./Drivers/STM32F4xx_HAL_Driver/Src/stm32f4xx_hal_sd.o
                0x0000000008004a08                HAL_SD_Init
 .text.HAL_SD_GetCardInfo
                0x0000000008004a3e       0x24 ./Drivers/STM32F4xx_HAL_Driver/Src/stm32f4xx_hal_sd.o
                0x0000000008004a3e                HAL_SD_GetCardInfo
 *fill*         0x0000000008004a62        0x2 
 .text.HAL_SD_ConfigWideBusOperation
                0x0000000008004a64      0x114 ./Drivers/STM32F4xx_HAL_Driver/Src/stm32f4xx_hal_sd.o
                0x0000000008004a64                HAL_SD_ConfigWideBusOperation
 .text.HAL_SD_GetCardState
                0x0000000008004b78       0x28 ./Drivers/STM32F4xx_HAL_Driver/Src/stm32f4xx_hal_sd.o
                0x0000000008004b78                HAL_SD_GetCardState
 .text.HAL_TIM_Base_Start_IT
                0x0000000008004ba0       0x64 ./Drivers/STM32F4xx_HAL_Driver/Src/stm32f4xx_hal_tim.o
                0x0000000008004ba0                HAL_TIM_Base_Start_IT
 .text.HAL_TIM_OC_DelayElapsedCallback
                0x0000000008004c04        0x2 ./Drivers/STM32F4xx_HAL_Driver/Src/stm32f4xx_hal_tim.o
                0x0000000008004c04                HAL_TIM_OC_DelayElapsedCallback
 .text.HAL_TIM_IC_CaptureCallback
                0x0000000008004c06        0x2 ./Drivers/STM32F4xx_HAL_Driver/Src/stm32f4xx_hal_tim.o
                0x0000000008004c06                HAL_TIM_IC_CaptureCallback
 .text.HAL_TIM_PWM_PulseFinishedCallback
                0x0000000008004c08        0x2 ./Drivers/STM32F4xx_HAL_Driver/Src/stm32f4xx_hal_tim.o
                0x0000000008004c08                HAL_TIM_PWM_PulseFinishedCallback
 .text.HAL_TIM_TriggerCallback
                0x0000000008004c0a        0x2 ./Drivers/STM32F4xx_HAL_Driver/Src/stm32f4xx_hal_tim.o
                0x0000000008004c0a                HAL_TIM_TriggerCallback
 .text.HAL_TIM_IRQHandler
                0x0000000008004c0c      0x128 ./Drivers/STM32F4xx_HAL_Driver/Src/stm32f4xx_hal_tim.o
                0x0000000008004c0c                HAL_TIM_IRQHandler
 .text.TIM_Base_SetConfig
                0x0000000008004d34       0xa8 ./Drivers/STM32F4xx_HAL_Driver/Src/stm32f4xx_hal_tim.o
                0x0000000008004d34                TIM_Base_SetConfig
 .text.HAL_TIM_Base_Init
                0x0000000008004ddc       0x58 ./Drivers/STM32F4xx_HAL_Driver/Src/stm32f4xx_hal_tim.o
                0x0000000008004ddc                HAL_TIM_Base_Init
 .text.TIM_ETR_SetConfig
                0x0000000008004e34       0x14 ./Drivers/STM32F4xx_HAL_Driver/Src/stm32f4xx_hal_tim.o
                0x0000000008004e34                TIM_ETR_SetConfig
 .text.HAL_TIM_ConfigClockSource
                0x0000000008004e48      0x132 ./Drivers/STM32F4xx_HAL_Driver/Src/stm32f4xx_hal_tim.o
                0x0000000008004e48                HAL_TIM_ConfigClockSource
 *fill*         0x0000000008004f7a        0x2 
 .text.HAL_TIMEx_MasterConfigSynchronization
                0x0000000008004f7c       0x6c ./Drivers/STM32F4xx_HAL_Driver/Src/stm32f4xx_hal_tim_ex.o
                0x0000000008004f7c                HAL_TIMEx_MasterConfigSynchronization
 .text.HAL_TIMEx_CommutCallback
                0x0000000008004fe8        0x2 ./Drivers/STM32F4xx_HAL_Driver/Src/stm32f4xx_hal_tim_ex.o
                0x0000000008004fe8                HAL_TIMEx_CommutCallback
 .text.HAL_TIMEx_BreakCallback
                0x0000000008004fea        0x2 ./Drivers/STM32F4xx_HAL_Driver/Src/stm32f4xx_hal_tim_ex.o
                0x0000000008004fea                HAL_TIMEx_BreakCallback
 .text.UART_EndRxTransfer
                0x0000000008004fec       0x5c ./Drivers/STM32F4xx_HAL_Driver/Src/stm32f4xx_hal_uart.o
 .text.UART_SetConfig
                0x0000000008005048       0xbc ./Drivers/STM32F4xx_HAL_Driver/Src/stm32f4xx_hal_uart.o
 .text.UART_WaitOnFlagUntilTimeout.constprop.0
                0x0000000008005104       0x64 ./Drivers/STM32F4xx_HAL_Driver/Src/stm32f4xx_hal_uart.o
 .text.HAL_UART_Init
                0x0000000008005168       0x5e ./Drivers/STM32F4xx_HAL_Driver/Src/stm32f4xx_hal_uart.o
                0x0000000008005168                HAL_UART_Init
 .text.HAL_UART_Transmit
                0x00000000080051c6       0x9c ./Drivers/STM32F4xx_HAL_Driver/Src/stm32f4xx_hal_uart.o
                0x00000000080051c6                HAL_UART_Transmit
 .text.SDIO_Init
                0x0000000008005262       0x38 ./Drivers/STM32F4xx_HAL_Driver/Src/stm32f4xx_ll_sdmmc.o
                0x0000000008005262                SDIO_Init
 .text.SDIO_ReadFIFO
                0x000000000800529a        0x6 ./Drivers/STM32F4xx_HAL_Driver/Src/stm32f4xx_ll_sdmmc.o
                0x000000000800529a                SDIO_ReadFIFO
 .text.SDIO_WriteFIFO
                0x00000000080052a0        0xa ./Drivers/STM32F4xx_HAL_Driver/Src/stm32f4xx_ll_sdmmc.o
                0x00000000080052a0                SDIO_WriteFIFO
 .text.SDIO_PowerState_ON
                0x00000000080052aa        0x8 ./Drivers/STM32F4xx_HAL_Driver/Src/stm32f4xx_ll_sdmmc.o
                0x00000000080052aa                SDIO_PowerState_ON
 .text.SDIO_GetPowerState
                0x00000000080052b2        0x8 ./Drivers/STM32F4xx_HAL_Driver/Src/stm32f4xx_ll_sdmmc.o
                0x00000000080052b2                SDIO_GetPowerState
 .text.SDIO_SendCommand
                0x00000000080052ba       0x26 ./Drivers/STM32F4xx_HAL_Driver/Src/stm32f4xx_ll_sdmmc.o
                0x00000000080052ba                SDIO_SendCommand
 .text.SDIO_GetResponse
                0x00000000080052e0        0x6 ./Drivers/STM32F4xx_HAL_Driver/Src/stm32f4xx_ll_sdmmc.o
                0x00000000080052e0                SDIO_GetResponse
 .text.SDIO_ConfigData
                0x00000000080052e6       0x26 ./Drivers/STM32F4xx_HAL_Driver/Src/stm32f4xx_ll_sdmmc.o
                0x00000000080052e6                SDIO_ConfigData
 .text.SDMMC_CmdGoIdleState
                0x000000000800530c       0x4c ./Drivers/STM32F4xx_HAL_Driver/Src/stm32f4xx_ll_sdmmc.o
                0x000000000800530c                SDMMC_CmdGoIdleState
 .text.SDMMC_GetCmdResp1
                0x0000000008005358      0x120 ./Drivers/STM32F4xx_HAL_Driver/Src/stm32f4xx_ll_sdmmc.o
                0x0000000008005358                SDMMC_GetCmdResp1
 .text.SDMMC_CmdBlockLength
                0x0000000008005478       0x32 ./Drivers/STM32F4xx_HAL_Driver/Src/stm32f4xx_ll_sdmmc.o
                0x0000000008005478                SDMMC_CmdBlockLength
 .text.SDMMC_CmdReadSingleBlock
                0x00000000080054aa       0x32 ./Drivers/STM32F4xx_HAL_Driver/Src/stm32f4xx_ll_sdmmc.o
                0x00000000080054aa                SDMMC_CmdReadSingleBlock
 .text.SDMMC_CmdReadMultiBlock
                0x00000000080054dc       0x32 ./Drivers/STM32F4xx_HAL_Driver/Src/stm32f4xx_ll_sdmmc.o
                0x00000000080054dc                SDMMC_CmdReadMultiBlock
 .text.SDMMC_CmdWriteSingleBlock
                0x000000000800550e       0x32 ./Drivers/STM32F4xx_HAL_Driver/Src/stm32f4xx_ll_sdmmc.o
                0x000000000800550e                SDMMC_CmdWriteSingleBlock
 .text.SDMMC_CmdWriteMultiBlock
                0x0000000008005540       0x32 ./Drivers/STM32F4xx_HAL_Driver/Src/stm32f4xx_ll_sdmmc.o
                0x0000000008005540                SDMMC_CmdWriteMultiBlock
 *fill*         0x0000000008005572        0x2 
 .text.SDMMC_CmdStopTransfer
                0x0000000008005574       0x34 ./Drivers/STM32F4xx_HAL_Driver/Src/stm32f4xx_ll_sdmmc.o
                0x0000000008005574                SDMMC_CmdStopTransfer
 .text.SDMMC_CmdSelDesel
                0x00000000080055a8       0x32 ./Drivers/STM32F4xx_HAL_Driver/Src/stm32f4xx_ll_sdmmc.o
                0x00000000080055a8                SDMMC_CmdSelDesel
 .text.SDMMC_CmdAppCommand
                0x00000000080055da       0x32 ./Drivers/STM32F4xx_HAL_Driver/Src/stm32f4xx_ll_sdmmc.o
                0x00000000080055da                SDMMC_CmdAppCommand
 .text.SDMMC_CmdBusWidth
                0x000000000800560c       0x32 ./Drivers/STM32F4xx_HAL_Driver/Src/stm32f4xx_ll_sdmmc.o
                0x000000000800560c                SDMMC_CmdBusWidth
 .text.SDMMC_CmdSendSCR
                0x000000000800563e       0x32 ./Drivers/STM32F4xx_HAL_Driver/Src/stm32f4xx_ll_sdmmc.o
                0x000000000800563e                SDMMC_CmdSendSCR
 .text.SDMMC_CmdSendStatus
                0x0000000008005670       0x32 ./Drivers/STM32F4xx_HAL_Driver/Src/stm32f4xx_ll_sdmmc.o
                0x0000000008005670                SDMMC_CmdSendStatus
 *fill*         0x00000000080056a2        0x2 
 .text.SDMMC_GetCmdResp2
                0x00000000080056a4       0x4c ./Drivers/STM32F4xx_HAL_Driver/Src/stm32f4xx_ll_sdmmc.o
                0x00000000080056a4                SDMMC_GetCmdResp2
 .text.SDMMC_CmdSendCID
                0x00000000080056f0       0x2c ./Drivers/STM32F4xx_HAL_Driver/Src/stm32f4xx_ll_sdmmc.o
                0x00000000080056f0                SDMMC_CmdSendCID
 .text.SDMMC_CmdSendCSD
                0x000000000800571c       0x2c ./Drivers/STM32F4xx_HAL_Driver/Src/stm32f4xx_ll_sdmmc.o
                0x000000000800571c                SDMMC_CmdSendCSD
 .text.SDMMC_GetCmdResp3
                0x0000000008005748       0x40 ./Drivers/STM32F4xx_HAL_Driver/Src/stm32f4xx_ll_sdmmc.o
                0x0000000008005748                SDMMC_GetCmdResp3
 .text.SDMMC_CmdAppOperCommand
                0x0000000008005788       0x34 ./Drivers/STM32F4xx_HAL_Driver/Src/stm32f4xx_ll_sdmmc.o
                0x0000000008005788                SDMMC_CmdAppOperCommand
 .text.SDMMC_GetCmdResp6
                0x00000000080057bc       0x84 ./Drivers/STM32F4xx_HAL_Driver/Src/stm32f4xx_ll_sdmmc.o
                0x00000000080057bc                SDMMC_GetCmdResp6
 .text.SDMMC_CmdSetRelAdd
                0x0000000008005840       0x32 ./Drivers/STM32F4xx_HAL_Driver/Src/stm32f4xx_ll_sdmmc.o
                0x0000000008005840                SDMMC_CmdSetRelAdd
 *fill*         0x0000000008005872        0x2 
 .text.SDMMC_GetCmdResp7
                0x0000000008005874       0x58 ./Drivers/STM32F4xx_HAL_Driver/Src/stm32f4xx_ll_sdmmc.o
                0x0000000008005874                SDMMC_GetCmdResp7
 .text.SDMMC_CmdOperCond
                0x00000000080058cc       0x30 ./Drivers/STM32F4xx_HAL_Driver/Src/stm32f4xx_ll_sdmmc.o
                0x00000000080058cc                SDMMC_CmdOperCond
 .text.MX_FATFS_Init
                0x00000000080058fc       0x1c ./FATFS/App/fatfs.o
                0x00000000080058fc                MX_FATFS_Init
 .text.get_fattime
                0x0000000008005918        0x4 ./FATFS/App/fatfs.o
                0x0000000008005918                get_fattime
 .text.BSP_SD_ReadBlocks
                0x000000000800591c       0x20 ./FATFS/Target/bsp_driver_sd.o
                0x000000000800591c                BSP_SD_ReadBlocks
 .text.BSP_SD_WriteBlocks
                0x000000000800593c       0x20 ./FATFS/Target/bsp_driver_sd.o
                0x000000000800593c                BSP_SD_WriteBlocks
 .text.BSP_SD_GetCardState
                0x000000000800595c       0x14 ./FATFS/Target/bsp_driver_sd.o
                0x000000000800595c                BSP_SD_GetCardState
 .text.BSP_SD_GetCardInfo
                0x0000000008005970        0xc ./FATFS/Target/bsp_driver_sd.o
                0x0000000008005970                BSP_SD_GetCardInfo
 .text.BSP_SD_IsDetected
                0x000000000800597c       0x1c ./FATFS/Target/bsp_driver_sd.o
                0x000000000800597c                BSP_SD_IsDetected
 .text.BSP_SD_Init
                0x0000000008005998       0x2c ./FATFS/Target/bsp_driver_sd.o
                0x0000000008005998                BSP_SD_Init
 .text.BSP_PlatformIsDetected
                0x00000000080059c4       0x18 ./FATFS/Target/fatfs_platform.o
                0x00000000080059c4                BSP_PlatformIsDetected
 .text.SD_ioctl
                0x00000000080059dc       0x54 ./FATFS/Target/sd_diskio.o
                0x00000000080059dc                SD_ioctl
 .text.SD_read  0x0000000008005a30       0x20 ./FATFS/Target/sd_diskio.o
                0x0000000008005a30                SD_read
 .text.SD_status
                0x0000000008005a50       0x20 ./FATFS/Target/sd_diskio.o
                0x0000000008005a50                SD_status
 .text.SD_write
                0x0000000008005a70       0x20 ./FATFS/Target/sd_diskio.o
                0x0000000008005a70                SD_write
 .text.SD_initialize
                0x0000000008005a90       0x2c ./FATFS/Target/sd_diskio.o
                0x0000000008005a90                SD_initialize
 .text.disk_status
                0x0000000008005abc       0x14 ./Middlewares/Third_Party/FatFs/src/diskio.o
                0x0000000008005abc                disk_status
 .text.disk_initialize
                0x0000000008005ad0       0x28 ./Middlewares/Third_Party/FatFs/src/diskio.o
                0x0000000008005ad0                disk_initialize
 .text.disk_read
                0x0000000008005af8       0x1c ./Middlewares/Third_Party/FatFs/src/diskio.o
                0x0000000008005af8                disk_read
 .text.disk_write
                0x0000000008005b14       0x1c ./Middlewares/Third_Party/FatFs/src/diskio.o
                0x0000000008005b14                disk_write
 .text.disk_ioctl
                0x0000000008005b30       0x1c ./Middlewares/Third_Party/FatFs/src/diskio.o
                0x0000000008005b30                disk_ioctl
 .text.ld_dword
                0x0000000008005b4c        0x4 ./Middlewares/Third_Party/FatFs/src/ff.o
 .text.st_dword
                0x0000000008005b50       0x10 ./Middlewares/Third_Party/FatFs/src/ff.o
 .text.mem_set  0x0000000008005b60        0xc ./Middlewares/Third_Party/FatFs/src/ff.o
 .text.chk_lock
                0x0000000008005b6c       0x74 ./Middlewares/Third_Party/FatFs/src/ff.o
 .text.inc_lock
                0x0000000008005be0       0x84 ./Middlewares/Third_Party/FatFs/src/ff.o
 .text.dec_lock
                0x0000000008005c64       0x3c ./Middlewares/Third_Party/FatFs/src/ff.o
 .text.clear_lock
                0x0000000008005ca0       0x1c ./Middlewares/Third_Party/FatFs/src/ff.o
 .text.clust2sect
                0x0000000008005cbc       0x16 ./Middlewares/Third_Party/FatFs/src/ff.o
 .text.clmt_clust
                0x0000000008005cd2       0x26 ./Middlewares/Third_Party/FatFs/src/ff.o
 .text.st_clust
                0x0000000008005cf8       0x18 ./Middlewares/Third_Party/FatFs/src/ff.o
 .text.sum_sfn  0x0000000008005d10       0x1e ./Middlewares/Third_Party/FatFs/src/ff.o
 .text.get_ldnumber
                0x0000000008005d2e       0x30 ./Middlewares/Third_Party/FatFs/src/ff.o
 .text.validate
                0x0000000008005d5e       0x34 ./Middlewares/Third_Party/FatFs/src/ff.o
 .text.get_fileinfo
                0x0000000008005d92       0xea ./Middlewares/Third_Party/FatFs/src/ff.o
 .text.mem_cpy.part.0
                0x0000000008005e7c       0x12 ./Middlewares/Third_Party/FatFs/src/ff.o
 .text.sync_window.part.0
                0x0000000008005e8e       0x4c ./Middlewares/Third_Party/FatFs/src/ff.o
 .text.sync_window
                0x0000000008005eda        0xc ./Middlewares/Third_Party/FatFs/src/ff.o
 .text.move_window
                0x0000000008005ee6       0x32 ./Middlewares/Third_Party/FatFs/src/ff.o
 .text.check_fs
                0x0000000008005f18       0x78 ./Middlewares/Third_Party/FatFs/src/ff.o
 .text.find_volume
                0x0000000008005f90      0x29c ./Middlewares/Third_Party/FatFs/src/ff.o
 .text.put_fat  0x000000000800622c      0x12a ./Middlewares/Third_Party/FatFs/src/ff.o
 .text.sync_fs  0x0000000008006356       0x94 ./Middlewares/Third_Party/FatFs/src/ff.o
 .text.ld_clust.isra.0
                0x00000000080063ea       0x10 ./Middlewares/Third_Party/FatFs/src/ff.o
 .text.get_fat.isra.0
                0x00000000080063fa       0xd6 ./Middlewares/Third_Party/FatFs/src/ff.o
 .text.remove_chain
                0x00000000080064d0       0x70 ./Middlewares/Third_Party/FatFs/src/ff.o
 .text.create_chain
                0x0000000008006540       0xb0 ./Middlewares/Third_Party/FatFs/src/ff.o
 .text.dir_sdi  0x00000000080065f0       0x86 ./Middlewares/Third_Party/FatFs/src/ff.o
 .text.dir_next
                0x0000000008006676       0xf8 ./Middlewares/Third_Party/FatFs/src/ff.o
 *fill*         0x000000000800676e        0x2 
 .text.dir_find
                0x0000000008006770      0x160 ./Middlewares/Third_Party/FatFs/src/ff.o
 .text.dir_register
                0x00000000080068d0      0x284 ./Middlewares/Third_Party/FatFs/src/ff.o
 .text.follow_path
                0x0000000008006b54      0x270 ./Middlewares/Third_Party/FatFs/src/ff.o
 .text.f_mount  0x0000000008006dc4       0x54 ./Middlewares/Third_Party/FatFs/src/ff.o
                0x0000000008006dc4                f_mount
 .text.f_open   0x0000000008006e18      0x200 ./Middlewares/Third_Party/FatFs/src/ff.o
                0x0000000008006e18                f_open
 .text.f_read   0x0000000008007018      0x16e ./Middlewares/Third_Party/FatFs/src/ff.o
                0x0000000008007018                f_read
 .text.f_write  0x0000000008007186      0x196 ./Middlewares/Third_Party/FatFs/src/ff.o
                0x0000000008007186                f_write
 .text.putc_bfd
                0x000000000800731c       0x44 ./Middlewares/Third_Party/FatFs/src/ff.o
 .text.putc_flush
                0x0000000008007360       0x2e ./Middlewares/Third_Party/FatFs/src/ff.o
 .text.f_sync   0x000000000800738e       0x96 ./Middlewares/Third_Party/FatFs/src/ff.o
                0x000000000800738e                f_sync
 .text.f_close  0x0000000008007424       0x22 ./Middlewares/Third_Party/FatFs/src/ff.o
                0x0000000008007424                f_close
 .text.f_lseek  0x0000000008007446      0x210 ./Middlewares/Third_Party/FatFs/src/ff.o
                0x0000000008007446                f_lseek
 .text.f_opendir
                0x0000000008007656       0x80 ./Middlewares/Third_Party/FatFs/src/ff.o
                0x0000000008007656                f_opendir
 .text.f_closedir
                0x00000000080076d6       0x28 ./Middlewares/Third_Party/FatFs/src/ff.o
                0x00000000080076d6                f_closedir
 .text.f_stat   0x00000000080076fe       0x3e ./Middlewares/Third_Party/FatFs/src/ff.o
                0x00000000080076fe                f_stat
 .text.f_gets   0x000000000800773c       0x4a ./Middlewares/Third_Party/FatFs/src/ff.o
                0x000000000800773c                f_gets
 .text.f_puts   0x0000000008007786       0x24 ./Middlewares/Third_Party/FatFs/src/ff.o
                0x0000000008007786                f_puts
 *fill*         0x00000000080077aa        0x2 
 .text.FATFS_LinkDriverEx
                0x00000000080077ac       0x40 ./Middlewares/Third_Party/FatFs/src/ff_gen_drv.o
                0x00000000080077ac                FATFS_LinkDriverEx
 .text.FATFS_LinkDriver
                0x00000000080077ec        0x6 ./Middlewares/Third_Party/FatFs/src/ff_gen_drv.o
                0x00000000080077ec                FATFS_LinkDriver
 *fill*         0x00000000080077f2        0x2 
 .text.ff_convert
                0x00000000080077f4       0x38 ./Middlewares/Third_Party/FatFs/src/option/ccsbcs.o
                0x00000000080077f4                ff_convert
 .text.ff_wtoupper
                0x000000000800782c       0x84 ./Middlewares/Third_Party/FatFs/src/option/ccsbcs.o
                0x000000000800782c                ff_wtoupper
 .text.exit     0x00000000080078b0       0x24 C:/ST/STM32CubeIDE_1.14.1/STM32CubeIDE/plugins/com.st.stm32cube.ide.mcu.externaltools.gnu-tools-for-stm32.11.3.rel1.win32_1.1.100.202309141235/tools/bin/../lib/gcc/arm-none-eabi/11.3.1/../../../../arm-none-eabi/lib/thumb/v7e-m+fp/hard\libc_nano.a(libc_a-exit.o)
                0x00000000080078b0                exit
 .text.malloc   0x00000000080078d4       0x10 C:/ST/STM32CubeIDE_1.14.1/STM32CubeIDE/plugins/com.st.stm32cube.ide.mcu.externaltools.gnu-tools-for-stm32.11.3.rel1.win32_1.1.100.202309141235/tools/bin/../lib/gcc/arm-none-eabi/11.3.1/../../../../arm-none-eabi/lib/thumb/v7e-m+fp/hard\libc_nano.a(libc_a-malloc.o)
                0x00000000080078d4                malloc
 .text.sbrk_aligned
                0x00000000080078e4       0x40 C:/ST/STM32CubeIDE_1.14.1/STM32CubeIDE/plugins/com.st.stm32cube.ide.mcu.externaltools.gnu-tools-for-stm32.11.3.rel1.win32_1.1.100.202309141235/tools/bin/../lib/gcc/arm-none-eabi/11.3.1/../../../../arm-none-eabi/lib/thumb/v7e-m+fp/hard\libc_nano.a(libc_a-mallocr.o)
 .text._malloc_r
                0x0000000008007924      0x100 C:/ST/STM32CubeIDE_1.14.1/STM32CubeIDE/plugins/com.st.stm32cube.ide.mcu.externaltools.gnu-tools-for-stm32.11.3.rel1.win32_1.1.100.202309141235/tools/bin/../lib/gcc/arm-none-eabi/11.3.1/../../../../arm-none-eabi/lib/thumb/v7e-m+fp/hard\libc_nano.a(libc_a-mallocr.o)
                0x0000000008007924                _malloc_r
 .text.__malloc_lock
                0x0000000008007a24        0xc C:/ST/STM32CubeIDE_1.14.1/STM32CubeIDE/plugins/com.st.stm32cube.ide.mcu.externaltools.gnu-tools-for-stm32.11.3.rel1.win32_1.1.100.202309141235/tools/bin/../lib/gcc/arm-none-eabi/11.3.1/../../../../arm-none-eabi/lib/thumb/v7e-m+fp/hard\libc_nano.a(libc_a-mlock.o)
                0x0000000008007a24                __malloc_lock
 .text.__malloc_unlock
                0x0000000008007a30        0xc C:/ST/STM32CubeIDE_1.14.1/STM32CubeIDE/plugins/com.st.stm32cube.ide.mcu.externaltools.gnu-tools-for-stm32.11.3.rel1.win32_1.1.100.202309141235/tools/bin/../lib/gcc/arm-none-eabi/11.3.1/../../../../arm-none-eabi/lib/thumb/v7e-m+fp/hard\libc_nano.a(libc_a-mlock.o)
                0x0000000008007a30                __malloc_unlock
 .text.__cvt    0x0000000008007a3c       0xc4 C:/ST/STM32CubeIDE_1.14.1/STM32CubeIDE/plugins/com.st.stm32cube.ide.mcu.externaltools.gnu-tools-for-stm32.11.3.rel1.win32_1.1.100.202309141235/tools/bin/../lib/gcc/arm-none-eabi/11.3.1/../../../../arm-none-eabi/lib/thumb/v7e-m+fp/hard\libc_nano.a(libc_a-nano-vfprintf_float.o)
                0x0000000008007a3c                __cvt
 .text.__exponent
                0x0000000008007b00       0x7c C:/ST/STM32CubeIDE_1.14.1/STM32CubeIDE/plugins/com.st.stm32cube.ide.mcu.externaltools.gnu-tools-for-stm32.11.3.rel1.win32_1.1.100.202309141235/tools/bin/../lib/gcc/arm-none-eabi/11.3.1/../../../../arm-none-eabi/lib/thumb/v7e-m+fp/hard\libc_nano.a(libc_a-nano-vfprintf_float.o)
                0x0000000008007b00                __exponent
 .text._printf_float
                0x0000000008007b7c      0x46c C:/ST/STM32CubeIDE_1.14.1/STM32CubeIDE/plugins/com.st.stm32cube.ide.mcu.externaltools.gnu-tools-for-stm32.11.3.rel1.win32_1.1.100.202309141235/tools/bin/../lib/gcc/arm-none-eabi/11.3.1/../../../../arm-none-eabi/lib/thumb/v7e-m+fp/hard\libc_nano.a(libc_a-nano-vfprintf_float.o)
                0x0000000008007b7c                _printf_float
 .text._printf_common
                0x0000000008007fe8       0xda C:/ST/STM32CubeIDE_1.14.1/STM32CubeIDE/plugins/com.st.stm32cube.ide.mcu.externaltools.gnu-tools-for-stm32.11.3.rel1.win32_1.1.100.202309141235/tools/bin/../lib/gcc/arm-none-eabi/11.3.1/../../../../arm-none-eabi/lib/thumb/v7e-m+fp/hard\libc_nano.a(libc_a-nano-vfprintf_i.o)
                0x0000000008007fe8                _printf_common
 *fill*         0x00000000080080c2        0x2 
 .text._printf_i
                0x00000000080080c4      0x244 C:/ST/STM32CubeIDE_1.14.1/STM32CubeIDE/plugins/com.st.stm32cube.ide.mcu.externaltools.gnu-tools-for-stm32.11.3.rel1.win32_1.1.100.202309141235/tools/bin/../lib/gcc/arm-none-eabi/11.3.1/../../../../arm-none-eabi/lib/thumb/v7e-m+fp/hard\libc_nano.a(libc_a-nano-vfprintf_i.o)
                0x00000000080080c4                _printf_i
 .text.std      0x0000000008008308       0x6c C:/ST/STM32CubeIDE_1.14.1/STM32CubeIDE/plugins/com.st.stm32cube.ide.mcu.externaltools.gnu-tools-for-stm32.11.3.rel1.win32_1.1.100.202309141235/tools/bin/../lib/gcc/arm-none-eabi/11.3.1/../../../../arm-none-eabi/lib/thumb/v7e-m+fp/hard\libc_nano.a(libc_a-findfp.o)
 .text.stdio_exit_handler
                0x0000000008008374       0x18 C:/ST/STM32CubeIDE_1.14.1/STM32CubeIDE/plugins/com.st.stm32cube.ide.mcu.externaltools.gnu-tools-for-stm32.11.3.rel1.win32_1.1.100.202309141235/tools/bin/../lib/gcc/arm-none-eabi/11.3.1/../../../../arm-none-eabi/lib/thumb/v7e-m+fp/hard\libc_nano.a(libc_a-findfp.o)
 .text.cleanup_stdio
                0x000000000800838c       0x40 C:/ST/STM32CubeIDE_1.14.1/STM32CubeIDE/plugins/com.st.stm32cube.ide.mcu.externaltools.gnu-tools-for-stm32.11.3.rel1.win32_1.1.100.202309141235/tools/bin/../lib/gcc/arm-none-eabi/11.3.1/../../../../arm-none-eabi/lib/thumb/v7e-m+fp/hard\libc_nano.a(libc_a-findfp.o)
 .text.global_stdio_init.part.0
                0x00000000080083cc       0x3c C:/ST/STM32CubeIDE_1.14.1/STM32CubeIDE/plugins/com.st.stm32cube.ide.mcu.externaltools.gnu-tools-for-stm32.11.3.rel1.win32_1.1.100.202309141235/tools/bin/../lib/gcc/arm-none-eabi/11.3.1/../../../../arm-none-eabi/lib/thumb/v7e-m+fp/hard\libc_nano.a(libc_a-findfp.o)
 .text.__sfp_lock_acquire
                0x0000000008008408        0xc C:/ST/STM32CubeIDE_1.14.1/STM32CubeIDE/plugins/com.st.stm32cube.ide.mcu.externaltools.gnu-tools-for-stm32.11.3.rel1.win32_1.1.100.202309141235/tools/bin/../lib/gcc/arm-none-eabi/11.3.1/../../../../arm-none-eabi/lib/thumb/v7e-m+fp/hard\libc_nano.a(libc_a-findfp.o)
                0x0000000008008408                __sfp_lock_acquire
 .text.__sfp_lock_release
                0x0000000008008414        0xc C:/ST/STM32CubeIDE_1.14.1/STM32CubeIDE/plugins/com.st.stm32cube.ide.mcu.externaltools.gnu-tools-for-stm32.11.3.rel1.win32_1.1.100.202309141235/tools/bin/../lib/gcc/arm-none-eabi/11.3.1/../../../../arm-none-eabi/lib/thumb/v7e-m+fp/hard\libc_nano.a(libc_a-findfp.o)
                0x0000000008008414                __sfp_lock_release
 .text.__sinit  0x0000000008008420       0x30 C:/ST/STM32CubeIDE_1.14.1/STM32CubeIDE/plugins/com.st.stm32cube.ide.mcu.externaltools.gnu-tools-for-stm32.11.3.rel1.win32_1.1.100.202309141235/tools/bin/../lib/gcc/arm-none-eabi/11.3.1/../../../../arm-none-eabi/lib/thumb/v7e-m+fp/hard\libc_nano.a(libc_a-findfp.o)
                0x0000000008008420                __sinit
 .text._fwalk_sglue
                0x0000000008008450       0x3c C:/ST/STM32CubeIDE_1.14.1/STM32CubeIDE/plugins/com.st.stm32cube.ide.mcu.externaltools.gnu-tools-for-stm32.11.3.rel1.win32_1.1.100.202309141235/tools/bin/../lib/gcc/arm-none-eabi/11.3.1/../../../../arm-none-eabi/lib/thumb/v7e-m+fp/hard\libc_nano.a(libc_a-fwalk.o)
                0x0000000008008450                _fwalk_sglue
 .text.sprintf  0x000000000800848c       0x40 C:/ST/STM32CubeIDE_1.14.1/STM32CubeIDE/plugins/com.st.stm32cube.ide.mcu.externaltools.gnu-tools-for-stm32.11.3.rel1.win32_1.1.100.202309141235/tools/bin/../lib/gcc/arm-none-eabi/11.3.1/../../../../arm-none-eabi/lib/thumb/v7e-m+fp/hard\libc_nano.a(libc_a-sprintf.o)
                0x000000000800848c                siprintf
                0x000000000800848c                sprintf
 .text.__sread  0x00000000080084cc       0x22 C:/ST/STM32CubeIDE_1.14.1/STM32CubeIDE/plugins/com.st.stm32cube.ide.mcu.externaltools.gnu-tools-for-stm32.11.3.rel1.win32_1.1.100.202309141235/tools/bin/../lib/gcc/arm-none-eabi/11.3.1/../../../../arm-none-eabi/lib/thumb/v7e-m+fp/hard\libc_nano.a(libc_a-stdio.o)
                0x00000000080084cc                __sread
 .text.__swrite
                0x00000000080084ee       0x38 C:/ST/STM32CubeIDE_1.14.1/STM32CubeIDE/plugins/com.st.stm32cube.ide.mcu.externaltools.gnu-tools-for-stm32.11.3.rel1.win32_1.1.100.202309141235/tools/bin/../lib/gcc/arm-none-eabi/11.3.1/../../../../arm-none-eabi/lib/thumb/v7e-m+fp/hard\libc_nano.a(libc_a-stdio.o)
                0x00000000080084ee                __swrite
 .text.__sseek  0x0000000008008526       0x24 C:/ST/STM32CubeIDE_1.14.1/STM32CubeIDE/plugins/com.st.stm32cube.ide.mcu.externaltools.gnu-tools-for-stm32.11.3.rel1.win32_1.1.100.202309141235/tools/bin/../lib/gcc/arm-none-eabi/11.3.1/../../../../arm-none-eabi/lib/thumb/v7e-m+fp/hard\libc_nano.a(libc_a-stdio.o)
                0x0000000008008526                __sseek
 .text.__sclose
                0x000000000800854a        0x8 C:/ST/STM32CubeIDE_1.14.1/STM32CubeIDE/plugins/com.st.stm32cube.ide.mcu.externaltools.gnu-tools-for-stm32.11.3.rel1.win32_1.1.100.202309141235/tools/bin/../lib/gcc/arm-none-eabi/11.3.1/../../../../arm-none-eabi/lib/thumb/v7e-m+fp/hard\libc_nano.a(libc_a-stdio.o)
                0x000000000800854a                __sclose
 .text._vsnprintf_r
                0x0000000008008552       0x56 C:/ST/STM32CubeIDE_1.14.1/STM32CubeIDE/plugins/com.st.stm32cube.ide.mcu.externaltools.gnu-tools-for-stm32.11.3.rel1.win32_1.1.100.202309141235/tools/bin/../lib/gcc/arm-none-eabi/11.3.1/../../../../arm-none-eabi/lib/thumb/v7e-m+fp/hard\libc_nano.a(libc_a-vsnprintf.o)
                0x0000000008008552                _vsniprintf_r
                0x0000000008008552                _vsnprintf_r
 .text.vsnprintf
                0x00000000080085a8       0x1c C:/ST/STM32CubeIDE_1.14.1/STM32CubeIDE/plugins/com.st.stm32cube.ide.mcu.externaltools.gnu-tools-for-stm32.11.3.rel1.win32_1.1.100.202309141235/tools/bin/../lib/gcc/arm-none-eabi/11.3.1/../../../../arm-none-eabi/lib/thumb/v7e-m+fp/hard\libc_nano.a(libc_a-vsnprintf.o)
                0x00000000080085a8                vsniprintf
                0x00000000080085a8                vsnprintf
 .text.memset   0x00000000080085c4       0x10 C:/ST/STM32CubeIDE_1.14.1/STM32CubeIDE/plugins/com.st.stm32cube.ide.mcu.externaltools.gnu-tools-for-stm32.11.3.rel1.win32_1.1.100.202309141235/tools/bin/../lib/gcc/arm-none-eabi/11.3.1/../../../../arm-none-eabi/lib/thumb/v7e-m+fp/hard\libc_nano.a(libc_a-memset.o)
                0x00000000080085c4                memset
 .text._localeconv_r
                0x00000000080085d4        0x8 C:/ST/STM32CubeIDE_1.14.1/STM32CubeIDE/plugins/com.st.stm32cube.ide.mcu.externaltools.gnu-tools-for-stm32.11.3.rel1.win32_1.1.100.202309141235/tools/bin/../lib/gcc/arm-none-eabi/11.3.1/../../../../arm-none-eabi/lib/thumb/v7e-m+fp/hard\libc_nano.a(libc_a-localeconv.o)
                0x00000000080085d4                _localeconv_r
 .text._close_r
                0x00000000080085dc       0x20 C:/ST/STM32CubeIDE_1.14.1/STM32CubeIDE/plugins/com.st.stm32cube.ide.mcu.externaltools.gnu-tools-for-stm32.11.3.rel1.win32_1.1.100.202309141235/tools/bin/../lib/gcc/arm-none-eabi/11.3.1/../../../../arm-none-eabi/lib/thumb/v7e-m+fp/hard\libc_nano.a(libc_a-closer.o)
                0x00000000080085dc                _close_r
 .text._lseek_r
                0x00000000080085fc       0x24 C:/ST/STM32CubeIDE_1.14.1/STM32CubeIDE/plugins/com.st.stm32cube.ide.mcu.externaltools.gnu-tools-for-stm32.11.3.rel1.win32_1.1.100.202309141235/tools/bin/../lib/gcc/arm-none-eabi/11.3.1/../../../../arm-none-eabi/lib/thumb/v7e-m+fp/hard\libc_nano.a(libc_a-lseekr.o)
                0x00000000080085fc                _lseek_r
 .text._read_r  0x0000000008008620       0x24 C:/ST/STM32CubeIDE_1.14.1/STM32CubeIDE/plugins/com.st.stm32cube.ide.mcu.externaltools.gnu-tools-for-stm32.11.3.rel1.win32_1.1.100.202309141235/tools/bin/../lib/gcc/arm-none-eabi/11.3.1/../../../../arm-none-eabi/lib/thumb/v7e-m+fp/hard\libc_nano.a(libc_a-readr.o)
                0x0000000008008620                _read_r
 .text._sbrk_r  0x0000000008008644       0x20 C:/ST/STM32CubeIDE_1.14.1/STM32CubeIDE/plugins/com.st.stm32cube.ide.mcu.externaltools.gnu-tools-for-stm32.11.3.rel1.win32_1.1.100.202309141235/tools/bin/../lib/gcc/arm-none-eabi/11.3.1/../../../../arm-none-eabi/lib/thumb/v7e-m+fp/hard\libc_nano.a(libc_a-sbrkr.o)
                0x0000000008008644                _sbrk_r
 .text._write_r
                0x0000000008008664       0x24 C:/ST/STM32CubeIDE_1.14.1/STM32CubeIDE/plugins/com.st.stm32cube.ide.mcu.externaltools.gnu-tools-for-stm32.11.3.rel1.win32_1.1.100.202309141235/tools/bin/../lib/gcc/arm-none-eabi/11.3.1/../../../../arm-none-eabi/lib/thumb/v7e-m+fp/hard\libc_nano.a(libc_a-writer.o)
                0x0000000008008664                _write_r
 .text.__errno  0x0000000008008688        0xc C:/ST/STM32CubeIDE_1.14.1/STM32CubeIDE/plugins/com.st.stm32cube.ide.mcu.externaltools.gnu-tools-for-stm32.11.3.rel1.win32_1.1.100.202309141235/tools/bin/../lib/gcc/arm-none-eabi/11.3.1/../../../../arm-none-eabi/lib/thumb/v7e-m+fp/hard\libc_nano.a(libc_a-errno.o)
                0x0000000008008688                __errno
 .text.__libc_init_array
                0x0000000008008694       0x48 C:/ST/STM32CubeIDE_1.14.1/STM32CubeIDE/plugins/com.st.stm32cube.ide.mcu.externaltools.gnu-tools-for-stm32.11.3.rel1.win32_1.1.100.202309141235/tools/bin/../lib/gcc/arm-none-eabi/11.3.1/../../../../arm-none-eabi/lib/thumb/v7e-m+fp/hard\libc_nano.a(libc_a-init.o)
                0x0000000008008694                __libc_init_array
 .text.__retarget_lock_init_recursive
                0x00000000080086dc        0x2 C:/ST/STM32CubeIDE_1.14.1/STM32CubeIDE/plugins/com.st.stm32cube.ide.mcu.externaltools.gnu-tools-for-stm32.11.3.rel1.win32_1.1.100.202309141235/tools/bin/../lib/gcc/arm-none-eabi/11.3.1/../../../../arm-none-eabi/lib/thumb/v7e-m+fp/hard\libc_nano.a(libc_a-lock.o)
                0x00000000080086dc                __retarget_lock_init_recursive
 .text.__retarget_lock_acquire_recursive
                0x00000000080086de        0x2 C:/ST/STM32CubeIDE_1.14.1/STM32CubeIDE/plugins/com.st.stm32cube.ide.mcu.externaltools.gnu-tools-for-stm32.11.3.rel1.win32_1.1.100.202309141235/tools/bin/../lib/gcc/arm-none-eabi/11.3.1/../../../../arm-none-eabi/lib/thumb/v7e-m+fp/hard\libc_nano.a(libc_a-lock.o)
                0x00000000080086de                __retarget_lock_acquire_recursive
 .text.__retarget_lock_release_recursive
                0x00000000080086e0        0x2 C:/ST/STM32CubeIDE_1.14.1/STM32CubeIDE/plugins/com.st.stm32cube.ide.mcu.externaltools.gnu-tools-for-stm32.11.3.rel1.win32_1.1.100.202309141235/tools/bin/../lib/gcc/arm-none-eabi/11.3.1/../../../../arm-none-eabi/lib/thumb/v7e-m+fp/hard\libc_nano.a(libc_a-lock.o)
                0x00000000080086e0                __retarget_lock_release_recursive
 .text.quorem   0x00000000080086e2      0x110 C:/ST/STM32CubeIDE_1.14.1/STM32CubeIDE/plugins/com.st.stm32cube.ide.mcu.externaltools.gnu-tools-for-stm32.11.3.rel1.win32_1.1.100.202309141235/tools/bin/../lib/gcc/arm-none-eabi/11.3.1/../../../../arm-none-eabi/lib/thumb/v7e-m+fp/hard\libc_nano.a(libc_a-dtoa.o)
 *fill*         0x00000000080087f2        0x6 
 .text._dtoa_r  0x00000000080087f8      0xbe4 C:/ST/STM32CubeIDE_1.14.1/STM32CubeIDE/plugins/com.st.stm32cube.ide.mcu.externaltools.gnu-tools-for-stm32.11.3.rel1.win32_1.1.100.202309141235/tools/bin/../lib/gcc/arm-none-eabi/11.3.1/../../../../arm-none-eabi/lib/thumb/v7e-m+fp/hard\libc_nano.a(libc_a-dtoa.o)
                0x00000000080087f8                _dtoa_r
 .text._free_r  0x00000000080093dc       0x98 C:/ST/STM32CubeIDE_1.14.1/STM32CubeIDE/plugins/com.st.stm32cube.ide.mcu.externaltools.gnu-tools-for-stm32.11.3.rel1.win32_1.1.100.202309141235/tools/bin/../lib/gcc/arm-none-eabi/11.3.1/../../../../arm-none-eabi/lib/thumb/v7e-m+fp/hard\libc_nano.a(libc_a-freer.o)
                0x00000000080093dc                _free_r
 .text._Balloc  0x0000000008009474       0x80 C:/ST/STM32CubeIDE_1.14.1/STM32CubeIDE/plugins/com.st.stm32cube.ide.mcu.externaltools.gnu-tools-for-stm32.11.3.rel1.win32_1.1.100.202309141235/tools/bin/../lib/gcc/arm-none-eabi/11.3.1/../../../../arm-none-eabi/lib/thumb/v7e-m+fp/hard\libc_nano.a(libc_a-mprec.o)
                0x0000000008009474                _Balloc
 .text._Bfree   0x00000000080094f4       0x44 C:/ST/STM32CubeIDE_1.14.1/STM32CubeIDE/plugins/com.st.stm32cube.ide.mcu.externaltools.gnu-tools-for-stm32.11.3.rel1.win32_1.1.100.202309141235/tools/bin/../lib/gcc/arm-none-eabi/11.3.1/../../../../arm-none-eabi/lib/thumb/v7e-m+fp/hard\libc_nano.a(libc_a-mprec.o)
                0x00000000080094f4                _Bfree
 .text.__multadd
                0x0000000008009538       0x8c C:/ST/STM32CubeIDE_1.14.1/STM32CubeIDE/plugins/com.st.stm32cube.ide.mcu.externaltools.gnu-tools-for-stm32.11.3.rel1.win32_1.1.100.202309141235/tools/bin/../lib/gcc/arm-none-eabi/11.3.1/../../../../arm-none-eabi/lib/thumb/v7e-m+fp/hard\libc_nano.a(libc_a-mprec.o)
                0x0000000008009538                __multadd
 .text.__hi0bits
                0x00000000080095c4       0x40 C:/ST/STM32CubeIDE_1.14.1/STM32CubeIDE/plugins/com.st.stm32cube.ide.mcu.externaltools.gnu-tools-for-stm32.11.3.rel1.win32_1.1.100.202309141235/tools/bin/../lib/gcc/arm-none-eabi/11.3.1/../../../../arm-none-eabi/lib/thumb/v7e-m+fp/hard\libc_nano.a(libc_a-mprec.o)
                0x00000000080095c4                __hi0bits
 .text.__lo0bits
                0x0000000008009604       0x5a C:/ST/STM32CubeIDE_1.14.1/STM32CubeIDE/plugins/com.st.stm32cube.ide.mcu.externaltools.gnu-tools-for-stm32.11.3.rel1.win32_1.1.100.202309141235/tools/bin/../lib/gcc/arm-none-eabi/11.3.1/../../../../arm-none-eabi/lib/thumb/v7e-m+fp/hard\libc_nano.a(libc_a-mprec.o)
                0x0000000008009604                __lo0bits
 *fill*         0x000000000800965e        0x2 
 .text.__i2b    0x0000000008009660       0x2c C:/ST/STM32CubeIDE_1.14.1/STM32CubeIDE/plugins/com.st.stm32cube.ide.mcu.externaltools.gnu-tools-for-stm32.11.3.rel1.win32_1.1.100.202309141235/tools/bin/../lib/gcc/arm-none-eabi/11.3.1/../../../../arm-none-eabi/lib/thumb/v7e-m+fp/hard\libc_nano.a(libc_a-mprec.o)
                0x0000000008009660                __i2b
 .text.__multiply
                0x000000000800968c      0x154 C:/ST/STM32CubeIDE_1.14.1/STM32CubeIDE/plugins/com.st.stm32cube.ide.mcu.externaltools.gnu-tools-for-stm32.11.3.rel1.win32_1.1.100.202309141235/tools/bin/../lib/gcc/arm-none-eabi/11.3.1/../../../../arm-none-eabi/lib/thumb/v7e-m+fp/hard\libc_nano.a(libc_a-mprec.o)
                0x000000000800968c                __multiply
 .text.__pow5mult
                0x00000000080097e0       0xb4 C:/ST/STM32CubeIDE_1.14.1/STM32CubeIDE/plugins/com.st.stm32cube.ide.mcu.externaltools.gnu-tools-for-stm32.11.3.rel1.win32_1.1.100.202309141235/tools/bin/../lib/gcc/arm-none-eabi/11.3.1/../../../../arm-none-eabi/lib/thumb/v7e-m+fp/hard\libc_nano.a(libc_a-mprec.o)
                0x00000000080097e0                __pow5mult
 .text.__lshift
                0x0000000008009894       0xd8 C:/ST/STM32CubeIDE_1.14.1/STM32CubeIDE/plugins/com.st.stm32cube.ide.mcu.externaltools.gnu-tools-for-stm32.11.3.rel1.win32_1.1.100.202309141235/tools/bin/../lib/gcc/arm-none-eabi/11.3.1/../../../../arm-none-eabi/lib/thumb/v7e-m+fp/hard\libc_nano.a(libc_a-mprec.o)
                0x0000000008009894                __lshift
 .text.__mcmp   0x000000000800996c       0x38 C:/ST/STM32CubeIDE_1.14.1/STM32CubeIDE/plugins/com.st.stm32cube.ide.mcu.externaltools.gnu-tools-for-stm32.11.3.rel1.win32_1.1.100.202309141235/tools/bin/../lib/gcc/arm-none-eabi/11.3.1/../../../../arm-none-eabi/lib/thumb/v7e-m+fp/hard\libc_nano.a(libc_a-mprec.o)
                0x000000000800996c                __mcmp
 .text.__mdiff  0x00000000080099a4      0x114 C:/ST/STM32CubeIDE_1.14.1/STM32CubeIDE/plugins/com.st.stm32cube.ide.mcu.externaltools.gnu-tools-for-stm32.11.3.rel1.win32_1.1.100.202309141235/tools/bin/../lib/gcc/arm-none-eabi/11.3.1/../../../../arm-none-eabi/lib/thumb/v7e-m+fp/hard\libc_nano.a(libc_a-mprec.o)
                0x00000000080099a4                __mdiff
 .text.__d2b    0x0000000008009ab8       0xb4 C:/ST/STM32CubeIDE_1.14.1/STM32CubeIDE/plugins/com.st.stm32cube.ide.mcu.externaltools.gnu-tools-for-stm32.11.3.rel1.win32_1.1.100.202309141235/tools/bin/../lib/gcc/arm-none-eabi/11.3.1/../../../../arm-none-eabi/lib/thumb/v7e-m+fp/hard\libc_nano.a(libc_a-mprec.o)
                0x0000000008009ab8                __d2b
 .text.__ssputs_r
                0x0000000008009b6c       0xb4 C:/ST/STM32CubeIDE_1.14.1/STM32CubeIDE/plugins/com.st.stm32cube.ide.mcu.externaltools.gnu-tools-for-stm32.11.3.rel1.win32_1.1.100.202309141235/tools/bin/../lib/gcc/arm-none-eabi/11.3.1/../../../../arm-none-eabi/lib/thumb/v7e-m+fp/hard\libc_nano.a(libc_a-nano-svfprintf.o)
                0x0000000008009b6c                __ssputs_r
 .text._svfprintf_r
                0x0000000008009c20      0x1fc C:/ST/STM32CubeIDE_1.14.1/STM32CubeIDE/plugins/com.st.stm32cube.ide.mcu.externaltools.gnu-tools-for-stm32.11.3.rel1.win32_1.1.100.202309141235/tools/bin/../lib/gcc/arm-none-eabi/11.3.1/../../../../arm-none-eabi/lib/thumb/v7e-m+fp/hard\libc_nano.a(libc_a-nano-svfprintf.o)
                0x0000000008009c20                _svfiprintf_r
                0x0000000008009c20                _svfprintf_r
 .text.__sflush_r
                0x0000000008009e1c      0x10c C:/ST/STM32CubeIDE_1.14.1/STM32CubeIDE/plugins/com.st.stm32cube.ide.mcu.externaltools.gnu-tools-for-stm32.11.3.rel1.win32_1.1.100.202309141235/tools/bin/../lib/gcc/arm-none-eabi/11.3.1/../../../../arm-none-eabi/lib/thumb/v7e-m+fp/hard\libc_nano.a(libc_a-fflush.o)
                0x0000000008009e1c                __sflush_r
 .text._fflush_r
                0x0000000008009f28       0x50 C:/ST/STM32CubeIDE_1.14.1/STM32CubeIDE/plugins/com.st.stm32cube.ide.mcu.externaltools.gnu-tools-for-stm32.11.3.rel1.win32_1.1.100.202309141235/tools/bin/../lib/gcc/arm-none-eabi/11.3.1/../../../../arm-none-eabi/lib/thumb/v7e-m+fp/hard\libc_nano.a(libc_a-fflush.o)
                0x0000000008009f28                _fflush_r
 .text.memmove  0x0000000008009f78       0x34 C:/ST/STM32CubeIDE_1.14.1/STM32CubeIDE/plugins/com.st.stm32cube.ide.mcu.externaltools.gnu-tools-for-stm32.11.3.rel1.win32_1.1.100.202309141235/tools/bin/../lib/gcc/arm-none-eabi/11.3.1/../../../../arm-none-eabi/lib/thumb/v7e-m+fp/hard\libc_nano.a(libc_a-memmove.o)
                0x0000000008009f78                memmove
 .text.memcpy   0x0000000008009fac       0x1c C:/ST/STM32CubeIDE_1.14.1/STM32CubeIDE/plugins/com.st.stm32cube.ide.mcu.externaltools.gnu-tools-for-stm32.11.3.rel1.win32_1.1.100.202309141235/tools/bin/../lib/gcc/arm-none-eabi/11.3.1/../../../../arm-none-eabi/lib/thumb/v7e-m+fp/hard\libc_nano.a(libc_a-memcpy-stub.o)
                0x0000000008009fac                memcpy
 .text.__assert_func
                0x0000000008009fc8       0x3c C:/ST/STM32CubeIDE_1.14.1/STM32CubeIDE/plugins/com.st.stm32cube.ide.mcu.externaltools.gnu-tools-for-stm32.11.3.rel1.win32_1.1.100.202309141235/tools/bin/../lib/gcc/arm-none-eabi/11.3.1/../../../../arm-none-eabi/lib/thumb/v7e-m+fp/hard\libc_nano.a(libc_a-assert.o)
                0x0000000008009fc8                __assert_func
 .text._calloc_r
                0x000000000800a004       0x2c C:/ST/STM32CubeIDE_1.14.1/STM32CubeIDE/plugins/com.st.stm32cube.ide.mcu.externaltools.gnu-tools-for-stm32.11.3.rel1.win32_1.1.100.202309141235/tools/bin/../lib/gcc/arm-none-eabi/11.3.1/../../../../arm-none-eabi/lib/thumb/v7e-m+fp/hard\libc_nano.a(libc_a-callocr.o)
                0x000000000800a004                _calloc_r
 .text.__ascii_mbtowc
                0x000000000800a030       0x24 C:/ST/STM32CubeIDE_1.14.1/STM32CubeIDE/plugins/com.st.stm32cube.ide.mcu.externaltools.gnu-tools-for-stm32.11.3.rel1.win32_1.1.100.202309141235/tools/bin/../lib/gcc/arm-none-eabi/11.3.1/../../../../arm-none-eabi/lib/thumb/v7e-m+fp/hard\libc_nano.a(libc_a-mbtowc_r.o)
                0x000000000800a030                __ascii_mbtowc
 .text._realloc_r
                0x000000000800a054       0x5e C:/ST/STM32CubeIDE_1.14.1/STM32CubeIDE/plugins/com.st.stm32cube.ide.mcu.externaltools.gnu-tools-for-stm32.11.3.rel1.win32_1.1.100.202309141235/tools/bin/../lib/gcc/arm-none-eabi/11.3.1/../../../../arm-none-eabi/lib/thumb/v7e-m+fp/hard\libc_nano.a(libc_a-reallocr.o)
                0x000000000800a054                _realloc_r
 .text.__ascii_wctomb
                0x000000000800a0b2       0x1a C:/ST/STM32CubeIDE_1.14.1/STM32CubeIDE/plugins/com.st.stm32cube.ide.mcu.externaltools.gnu-tools-for-stm32.11.3.rel1.win32_1.1.100.202309141235/tools/bin/../lib/gcc/arm-none-eabi/11.3.1/../../../../arm-none-eabi/lib/thumb/v7e-m+fp/hard\libc_nano.a(libc_a-wctomb_r.o)
                0x000000000800a0b2                __ascii_wctomb
 .text.fprintf  0x000000000800a0cc       0x24 C:/ST/STM32CubeIDE_1.14.1/STM32CubeIDE/plugins/com.st.stm32cube.ide.mcu.externaltools.gnu-tools-for-stm32.11.3.rel1.win32_1.1.100.202309141235/tools/bin/../lib/gcc/arm-none-eabi/11.3.1/../../../../arm-none-eabi/lib/thumb/v7e-m+fp/hard\libc_nano.a(libc_a-fprintf.o)
                0x000000000800a0cc                fiprintf
                0x000000000800a0cc                fprintf
 .text.abort    0x000000000800a0f0        0xe C:/ST/STM32CubeIDE_1.14.1/STM32CubeIDE/plugins/com.st.stm32cube.ide.mcu.externaltools.gnu-tools-for-stm32.11.3.rel1.win32_1.1.100.202309141235/tools/bin/../lib/gcc/arm-none-eabi/11.3.1/../../../../arm-none-eabi/lib/thumb/v7e-m+fp/hard\libc_nano.a(libc_a-abort.o)
                0x000000000800a0f0                abort
 .text._malloc_usable_size_r
                0x000000000800a0fe       0x10 C:/ST/STM32CubeIDE_1.14.1/STM32CubeIDE/plugins/com.st.stm32cube.ide.mcu.externaltools.gnu-tools-for-stm32.11.3.rel1.win32_1.1.100.202309141235/tools/bin/../lib/gcc/arm-none-eabi/11.3.1/../../../../arm-none-eabi/lib/thumb/v7e-m+fp/hard\libc_nano.a(libc_a-msizer.o)
                0x000000000800a0fe                _malloc_usable_size_r
 .text.__sfputc_r
                0x000000000800a10e       0x2e C:/ST/STM32CubeIDE_1.14.1/STM32CubeIDE/plugins/com.st.stm32cube.ide.mcu.externaltools.gnu-tools-for-stm32.11.3.rel1.win32_1.1.100.202309141235/tools/bin/../lib/gcc/arm-none-eabi/11.3.1/../../../../arm-none-eabi/lib/thumb/v7e-m+fp/hard\libc_nano.a(libc_a-nano-vfprintf.o)
 .text.__sfputs_r
                0x000000000800a13c       0x24 C:/ST/STM32CubeIDE_1.14.1/STM32CubeIDE/plugins/com.st.stm32cube.ide.mcu.externaltools.gnu-tools-for-stm32.11.3.rel1.win32_1.1.100.202309141235/tools/bin/../lib/gcc/arm-none-eabi/11.3.1/../../../../arm-none-eabi/lib/thumb/v7e-m+fp/hard\libc_nano.a(libc_a-nano-vfprintf.o)
                0x000000000800a13c                __sfputs_r
 .text._vfprintf_r
                0x000000000800a160      0x234 C:/ST/STM32CubeIDE_1.14.1/STM32CubeIDE/plugins/com.st.stm32cube.ide.mcu.externaltools.gnu-tools-for-stm32.11.3.rel1.win32_1.1.100.202309141235/tools/bin/../lib/gcc/arm-none-eabi/11.3.1/../../../../arm-none-eabi/lib/thumb/v7e-m+fp/hard\libc_nano.a(libc_a-nano-vfprintf.o)
                0x000000000800a160                _vfprintf_r
                0x000000000800a160                _vfiprintf_r
 .text.__swbuf_r
                0x000000000800a394       0x7a C:/ST/STM32CubeIDE_1.14.1/STM32CubeIDE/plugins/com.st.stm32cube.ide.mcu.externaltools.gnu-tools-for-stm32.11.3.rel1.win32_1.1.100.202309141235/tools/bin/../lib/gcc/arm-none-eabi/11.3.1/../../../../arm-none-eabi/lib/thumb/v7e-m+fp/hard\libc_nano.a(libc_a-wbuf.o)
                0x000000000800a394                __swbuf_r
 *fill*         0x000000000800a40e        0x2 
 .text.__swsetup_r
                0x000000000800a410       0xb0 C:/ST/STM32CubeIDE_1.14.1/STM32CubeIDE/plugins/com.st.stm32cube.ide.mcu.externaltools.gnu-tools-for-stm32.11.3.rel1.win32_1.1.100.202309141235/tools/bin/../lib/gcc/arm-none-eabi/11.3.1/../../../../arm-none-eabi/lib/thumb/v7e-m+fp/hard\libc_nano.a(libc_a-wsetup.o)
                0x000000000800a410                __swsetup_r
 .text._raise_r
                0x000000000800a4c0       0x50 C:/ST/STM32CubeIDE_1.14.1/STM32CubeIDE/plugins/com.st.stm32cube.ide.mcu.externaltools.gnu-tools-for-stm32.11.3.rel1.win32_1.1.100.202309141235/tools/bin/../lib/gcc/arm-none-eabi/11.3.1/../../../../arm-none-eabi/lib/thumb/v7e-m+fp/hard\libc_nano.a(libc_a-signal.o)
                0x000000000800a4c0                _raise_r
 .text.raise    0x000000000800a510       0x10 C:/ST/STM32CubeIDE_1.14.1/STM32CubeIDE/plugins/com.st.stm32cube.ide.mcu.externaltools.gnu-tools-for-stm32.11.3.rel1.win32_1.1.100.202309141235/tools/bin/../lib/gcc/arm-none-eabi/11.3.1/../../../../arm-none-eabi/lib/thumb/v7e-m+fp/hard\libc_nano.a(libc_a-signal.o)
                0x000000000800a510                raise
 .text._kill_r  0x000000000800a520       0x24 C:/ST/STM32CubeIDE_1.14.1/STM32CubeIDE/plugins/com.st.stm32cube.ide.mcu.externaltools.gnu-tools-for-stm32.11.3.rel1.win32_1.1.100.202309141235/tools/bin/../lib/gcc/arm-none-eabi/11.3.1/../../../../arm-none-eabi/lib/thumb/v7e-m+fp/hard\libc_nano.a(libc_a-signalr.o)
                0x000000000800a520                _kill_r
 .text._getpid_r
                0x000000000800a544        0x4 C:/ST/STM32CubeIDE_1.14.1/STM32CubeIDE/plugins/com.st.stm32cube.ide.mcu.externaltools.gnu-tools-for-stm32.11.3.rel1.win32_1.1.100.202309141235/tools/bin/../lib/gcc/arm-none-eabi/11.3.1/../../../../arm-none-eabi/lib/thumb/v7e-m+fp/hard\libc_nano.a(libc_a-signalr.o)
                0x000000000800a544                _getpid_r
 .text.__swhatbuf_r
                0x000000000800a548       0x4c C:/ST/STM32CubeIDE_1.14.1/STM32CubeIDE/plugins/com.st.stm32cube.ide.mcu.externaltools.gnu-tools-for-stm32.11.3.rel1.win32_1.1.100.202309141235/tools/bin/../lib/gcc/arm-none-eabi/11.3.1/../../../../arm-none-eabi/lib/thumb/v7e-m+fp/hard\libc_nano.a(libc_a-makebuf.o)
                0x000000000800a548                __swhatbuf_r
 .text.__smakebuf_r
                0x000000000800a594       0x78 C:/ST/STM32CubeIDE_1.14.1/STM32CubeIDE/plugins/com.st.stm32cube.ide.mcu.externaltools.gnu-tools-for-stm32.11.3.rel1.win32_1.1.100.202309141235/tools/bin/../lib/gcc/arm-none-eabi/11.3.1/../../../../arm-none-eabi/lib/thumb/v7e-m+fp/hard\libc_nano.a(libc_a-makebuf.o)
                0x000000000800a594                __smakebuf_r
 .text._fstat_r
                0x000000000800a60c       0x24 C:/ST/STM32CubeIDE_1.14.1/STM32CubeIDE/plugins/com.st.stm32cube.ide.mcu.externaltools.gnu-tools-for-stm32.11.3.rel1.win32_1.1.100.202309141235/tools/bin/../lib/gcc/arm-none-eabi/11.3.1/../../../../arm-none-eabi/lib/thumb/v7e-m+fp/hard\libc_nano.a(libc_a-fstatr.o)
                0x000000000800a60c                _fstat_r
 .text._isatty_r
                0x000000000800a630       0x20 C:/ST/STM32CubeIDE_1.14.1/STM32CubeIDE/plugins/com.st.stm32cube.ide.mcu.externaltools.gnu-tools-for-stm32.11.3.rel1.win32_1.1.100.202309141235/tools/bin/../lib/gcc/arm-none-eabi/11.3.1/../../../../arm-none-eabi/lib/thumb/v7e-m+fp/hard\libc_nano.a(libc_a-isattyr.o)
                0x000000000800a630                _isatty_r
 .text.atan2    0x000000000800a650        0x4 C:/ST/STM32CubeIDE_1.14.1/STM32CubeIDE/plugins/com.st.stm32cube.ide.mcu.externaltools.gnu-tools-for-stm32.11.3.rel1.win32_1.1.100.202309141235/tools/bin/../lib/gcc/arm-none-eabi/11.3.1/../../../../arm-none-eabi/lib/thumb/v7e-m+fp/hard\libm.a(libm_a-w_atan2.o)
                0x000000000800a650                atan2
 *fill*         0x000000000800a654        0x4 
 .text.log      0x000000000800a658       0x7c C:/ST/STM32CubeIDE_1.14.1/STM32CubeIDE/plugins/com.st.stm32cube.ide.mcu.externaltools.gnu-tools-for-stm32.11.3.rel1.win32_1.1.100.202309141235/tools/bin/../lib/gcc/arm-none-eabi/11.3.1/../../../../arm-none-eabi/lib/thumb/v7e-m+fp/hard\libm.a(libm_a-w_log.o)
                0x000000000800a658                log
 .text.sqrt     0x000000000800a6d4       0x58 C:/ST/STM32CubeIDE_1.14.1/STM32CubeIDE/plugins/com.st.stm32cube.ide.mcu.externaltools.gnu-tools-for-stm32.11.3.rel1.win32_1.1.100.202309141235/tools/bin/../lib/gcc/arm-none-eabi/11.3.1/../../../../arm-none-eabi/lib/thumb/v7e-m+fp/hard\libm.a(libm_a-w_sqrt.o)
                0x000000000800a6d4                sqrt
 *fill*         0x000000000800a72c        0x4 
 .text.nan      0x000000000800a730       0x10 C:/ST/STM32CubeIDE_1.14.1/STM32CubeIDE/plugins/com.st.stm32cube.ide.mcu.externaltools.gnu-tools-for-stm32.11.3.rel1.win32_1.1.100.202309141235/tools/bin/../lib/gcc/arm-none-eabi/11.3.1/../../../../arm-none-eabi/lib/thumb/v7e-m+fp/hard\libm.a(libm_a-s_nan.o)
                0x000000000800a730                nan
 .text.__ieee754_sqrt
                0x000000000800a740      0x1b4 C:/ST/STM32CubeIDE_1.14.1/STM32CubeIDE/plugins/com.st.stm32cube.ide.mcu.externaltools.gnu-tools-for-stm32.11.3.rel1.win32_1.1.100.202309141235/tools/bin/../lib/gcc/arm-none-eabi/11.3.1/../../../../arm-none-eabi/lib/thumb/v7e-m+fp/hard\libm.a(libm_a-e_sqrt.o)
                0x000000000800a740                __ieee754_sqrt
 *fill*         0x000000000800a8f4        0x4 
 .text.__ieee754_atan2
                0x000000000800a8f8      0x18c C:/ST/STM32CubeIDE_1.14.1/STM32CubeIDE/plugins/com.st.stm32cube.ide.mcu.externaltools.gnu-tools-for-stm32.11.3.rel1.win32_1.1.100.202309141235/tools/bin/../lib/gcc/arm-none-eabi/11.3.1/../../../../arm-none-eabi/lib/thumb/v7e-m+fp/hard\libm.a(libm_a-e_atan2.o)
                0x000000000800a8f8                __ieee754_atan2
 *fill*         0x000000000800aa84        0x4 
 .text.__ieee754_log
                0x000000000800aa88      0x374 C:/ST/STM32CubeIDE_1.14.1/STM32CubeIDE/plugins/com.st.stm32cube.ide.mcu.externaltools.gnu-tools-for-stm32.11.3.rel1.win32_1.1.100.202309141235/tools/bin/../lib/gcc/arm-none-eabi/11.3.1/../../../../arm-none-eabi/lib/thumb/v7e-m+fp/hard\libm.a(libm_a-e_log.o)
                0x000000000800aa88                __ieee754_log
 *fill*         0x000000000800adfc        0x4 
 .text.atan     0x000000000800ae00      0x340 C:/ST/STM32CubeIDE_1.14.1/STM32CubeIDE/plugins/com.st.stm32cube.ide.mcu.externaltools.gnu-tools-for-stm32.11.3.rel1.win32_1.1.100.202309141235/tools/bin/../lib/gcc/arm-none-eabi/11.3.1/../../../../arm-none-eabi/lib/thumb/v7e-m+fp/hard\libm.a(libm_a-s_atan.o)
                0x000000000800ae00                atan
 .text.fabs     0x000000000800b140       0x12 C:/ST/STM32CubeIDE_1.14.1/STM32CubeIDE/plugins/com.st.stm32cube.ide.mcu.externaltools.gnu-tools-for-stm32.11.3.rel1.win32_1.1.100.202309141235/tools/bin/../lib/gcc/arm-none-eabi/11.3.1/../../../../arm-none-eabi/lib/thumb/v7e-m+fp/hard\libm.a(libm_a-s_fabs.o)
                0x000000000800b140                fabs
 *(.glue_7)
 .glue_7        0x000000000800b152        0x0 linker stubs
 *(.glue_7t)
 .glue_7t       0x000000000800b152        0x0 linker stubs
 *(.eh_frame)
 *fill*         0x000000000800b152        0x2 
 .eh_frame      0x000000000800b154        0x0 C:/ST/STM32CubeIDE_1.14.1/STM32CubeIDE/plugins/com.st.stm32cube.ide.mcu.externaltools.gnu-tools-for-stm32.11.3.rel1.win32_1.1.100.202309141235/tools/bin/../lib/gcc/arm-none-eabi/11.3.1/thumb/v7e-m+fp/hard/crtbegin.o
 *(.init)
 .init          0x000000000800b154        0x4 C:/ST/STM32CubeIDE_1.14.1/STM32CubeIDE/plugins/com.st.stm32cube.ide.mcu.externaltools.gnu-tools-for-stm32.11.3.rel1.win32_1.1.100.202309141235/tools/bin/../lib/gcc/arm-none-eabi/11.3.1/thumb/v7e-m+fp/hard/crti.o
                0x000000000800b154                _init
 .init          0x000000000800b158        0x8 C:/ST/STM32CubeIDE_1.14.1/STM32CubeIDE/plugins/com.st.stm32cube.ide.mcu.externaltools.gnu-tools-for-stm32.11.3.rel1.win32_1.1.100.202309141235/tools/bin/../lib/gcc/arm-none-eabi/11.3.1/thumb/v7e-m+fp/hard/crtn.o
 *(.fini)
 .fini          0x000000000800b160        0x4 C:/ST/STM32CubeIDE_1.14.1/STM32CubeIDE/plugins/com.st.stm32cube.ide.mcu.externaltools.gnu-tools-for-stm32.11.3.rel1.win32_1.1.100.202309141235/tools/bin/../lib/gcc/arm-none-eabi/11.3.1/thumb/v7e-m+fp/hard/crti.o
                0x000000000800b160                _fini
 .fini          0x000000000800b164        0x8 C:/ST/STM32CubeIDE_1.14.1/STM32CubeIDE/plugins/com.st.stm32cube.ide.mcu.externaltools.gnu-tools-for-stm32.11.3.rel1.win32_1.1.100.202309141235/tools/bin/../lib/gcc/arm-none-eabi/11.3.1/thumb/v7e-m+fp/hard/crtn.o
                0x000000000800b16c                . = ALIGN (0x4)
                0x000000000800b16c                _etext = .

.vfp11_veneer   0x000000000800b16c        0x0
 .vfp11_veneer  0x000000000800b16c        0x0 linker stubs

.v4_bx          0x000000000800b16c        0x0
 .v4_bx         0x000000000800b16c        0x0 linker stubs

.iplt           0x000000000800b16c        0x0
 .iplt          0x000000000800b16c        0x0 C:/ST/STM32CubeIDE_1.14.1/STM32CubeIDE/plugins/com.st.stm32cube.ide.mcu.externaltools.gnu-tools-for-stm32.11.3.rel1.win32_1.1.100.202309141235/tools/bin/../lib/gcc/arm-none-eabi/11.3.1/thumb/v7e-m+fp/hard/crtbegin.o

.rodata         0x000000000800b170     0x7ef0
                0x000000000800b170                . = ALIGN (0x4)
 *(.rodata)
 *(.rodata*)
 .rodata.Get_Axis.str1.1
                0x000000000800b170       0x2a ./Core/Src/Accelerometer.o
 .rodata.System_Start.str1.1
                0x000000000800b19a       0x50 ./Core/Src/Accelerometer.o
 .rodata.GERMAN
                0x000000000800b1ea     0x384e ./Core/Src/HTML_Code.o
                0x000000000800b1ea                GERMAN
 .rodata.USA    0x000000000800ea38     0x3846 ./Core/Src/HTML_Code.o
                0x000000000800ea38                USA
 .rodata.Sleep_mode.str1.1
                0x000000000801227e       0x39 ./Core/Src/ISR.o
 .rodata.NTC_Array.str1.1
                0x00000000080122b7       0x1b ./Core/Src/NTC.o
 .rodata.SD_Card_Test.str1.1
                0x00000000080122d2       0x74 ./Core/Src/SD_Card.o
                                         0x75 (size before relaxing)
 .rodata.File_Number_Create.str1.1
                0x0000000008012346       0xde ./Core/Src/SD_Card.o
 .rodata.Num_Sys_Create.str1.1
                0x0000000008012424       0x91 ./Core/Src/SD_Card.o
 .rodata.HTML_File_Create.str1.1
                0x00000000080124b5       0xf4 ./Core/Src/SD_Card.o
 .rodata.Create_DataLog_File.str1.1
                0x00000000080125a9      0x11f ./Core/Src/SD_Card.o
 .rodata.Update_Log_Num.str1.1
                0x00000000080126c8       0x1b ./Core/Src/SD_Card.o
 .rodata.DATA_LOG.str1.1
                0x00000000080126e3       0x81 ./Core/Src/SD_Card.o
 .rodata.File_Name
                0x0000000008012764        0x9 ./Core/Src/SD_Card.o
                0x0000000008012764                File_Name
 .rodata.main.str1.1
                0x000000000801276d       0x94 ./Core/Src/main.o
 .rodata.AHBPrescTable
                0x0000000008012801       0x10 ./Core/Src/system_stm32f4xx.o
                0x0000000008012801                AHBPrescTable
 .rodata.APBPrescTable
                0x0000000008012811        0x8 ./Core/Src/system_stm32f4xx.o
                0x0000000008012811                APBPrescTable
 *fill*         0x0000000008012819        0x3 
 .rodata.SD_Driver
                0x000000000801281c       0x14 ./FATFS/Target/sd_diskio.o
                0x000000000801281c                SD_Driver
 .rodata.follow_path.str1.1
                0x0000000008012830       0x10 ./Middlewares/Third_Party/FatFs/src/ff.o
 .rodata.ExCvt  0x0000000008012840       0x80 ./Middlewares/Third_Party/FatFs/src/ff.o
 .rodata.LfnOfs
                0x00000000080128c0        0xd ./Middlewares/Third_Party/FatFs/src/ff.o
 *fill*         0x00000000080128cd        0x1 
 .rodata.Tbl    0x00000000080128ce      0x100 ./Middlewares/Third_Party/FatFs/src/option/ccsbcs.o
 .rodata.cvt1.1
                0x00000000080129ce      0x1f2 ./Middlewares/Third_Party/FatFs/src/option/ccsbcs.o
 .rodata.cvt2.0
                0x0000000008012bc0       0xbc ./Middlewares/Third_Party/FatFs/src/option/ccsbcs.o
 .rodata._printf_float.str1.1
                0x0000000008012c7c       0x12 C:/ST/STM32CubeIDE_1.14.1/STM32CubeIDE/plugins/com.st.stm32cube.ide.mcu.externaltools.gnu-tools-for-stm32.11.3.rel1.win32_1.1.100.202309141235/tools/bin/../lib/gcc/arm-none-eabi/11.3.1/../../../../arm-none-eabi/lib/thumb/v7e-m+fp/hard\libc_nano.a(libc_a-nano-vfprintf_float.o)
 .rodata._printf_i.str1.1
                0x0000000008012c8e       0x22 C:/ST/STM32CubeIDE_1.14.1/STM32CubeIDE/plugins/com.st.stm32cube.ide.mcu.externaltools.gnu-tools-for-stm32.11.3.rel1.win32_1.1.100.202309141235/tools/bin/../lib/gcc/arm-none-eabi/11.3.1/../../../../arm-none-eabi/lib/thumb/v7e-m+fp/hard\libc_nano.a(libc_a-nano-vfprintf_i.o)
 .rodata._dtoa_r.str1.1