Archive member included to satisfy reference by file (symbol)

C:/ST/STM32CubeIDE_1.14.1/STM32CubeIDE/plugins/com.st.stm32cube.ide.mcu.externaltools.gnu-tools-for-stm32.11.3.rel1.win32_1.1.100.202309141235/tools/bin/../lib/gcc/arm-none-eabi/11.3.1/../../../../arm-none-eabi/lib/thumb/v7e-m+fp/hard\libc_nano.a(libc_a-exit.o)
                              C:/ST/STM32CubeIDE_1.14.1/STM32CubeIDE/plugins/com.st.stm32cube.ide.mcu.externaltools.gnu-tools-for-stm32.11.3.rel1.win32_1.1.100.202309141235/tools/bin/../lib/gcc/arm-none-eabi/11.3.1/../../../../arm-none-eabi/lib/thumb/v7e-m+fp/hard/crt0.o (exit)
C:/ST/STM32CubeIDE_1.14.1/STM32CubeIDE/plugins/com.st.stm32cube.ide.mcu.externaltools.gnu-tools-for-stm32.11.3.rel1.win32_1.1.100.202309141235/tools/bin/../lib/gcc/arm-none-eabi/11.3.1/../../../../arm-none-eabi/lib/thumb/v7e-m+fp/hard\libc_nano.a(libc_a-malloc.o)
                              ./Core/Src/NTC.o (malloc)
C:/ST/STM32CubeIDE_1.14.1/STM32CubeIDE/plugins/com.st.stm32cube.ide.mcu.externaltools.gnu-tools-for-stm32.11.3.rel1.win32_1.1.100.202309141235/tools/bin/../lib/gcc/arm-none-eabi/11.3.1/../../../../arm-none-eabi/lib/thumb/v7e-m+fp/hard\libc_nano.a(libc_a-mallocr.o)
                              C:/ST/STM32CubeIDE_1.14.1/STM32CubeIDE/plugins/com.st.stm32cube.ide.mcu.externaltools.gnu-tools-for-stm32.11.3.rel1.win32_1.1.100.202309141235/tools/bin/../lib/gcc/arm-none-eabi/11.3.1/../../../../arm-none-eabi/lib/thumb/v7e-m+fp/hard\libc_nano.a(libc_a-malloc.o) (_malloc_r)
C:/ST/STM32CubeIDE_1.14.1/STM32CubeIDE/plugins/com.st.stm32cube.ide.mcu.externaltools.gnu-tools-for-stm32.11.3.rel1.win32_1.1.100.202309141235/tools/bin/../lib/gcc/arm-none-eabi/11.3.1/../../../../arm-none-eabi/lib/thumb/v7e-m+fp/hard\libc_nano.a(libc_a-mlock.o)
                              C:/ST/STM32CubeIDE_1.14.1/STM32CubeIDE/plugins/com.st.stm32cube.ide.mcu.externaltools.gnu-tools-for-stm32.11.3.rel1.win32_1.1.100.202309141235/tools/bin/../lib/gcc/arm-none-eabi/11.3.1/../../../../arm-none-eabi/lib/thumb/v7e-m+fp/hard\libc_nano.a(libc_a-mallocr.o) (__malloc_lock)
C:/ST/STM32CubeIDE_1.14.1/STM32CubeIDE/plugins/com.st.stm32cube.ide.mcu.externaltools.gnu-tools-for-stm32.11.3.rel1.win32_1.1.100.202309141235/tools/bin/../lib/gcc/arm-none-eabi/11.3.1/../../../../arm-none-eabi/lib/thumb/v7e-m+fp/hard\libc_nano.a(libc_a-nano-vfprintf_float.o)
                              (_printf_float)
C:/ST/STM32CubeIDE_1.14.1/STM32CubeIDE/plugins/com.st.stm32cube.ide.mcu.externaltools.gnu-tools-for-stm32.11.3.rel1.win32_1.1.100.202309141235/tools/bin/../lib/gcc/arm-none-eabi/11.3.1/../../../../arm-none-eabi/lib/thumb/v7e-m+fp/hard\libc_nano.a(libc_a-nano-vfprintf_i.o)
                              C:/ST/STM32CubeIDE_1.14.1/STM32CubeIDE/plugins/com.st.stm32cube.ide.mcu.externaltools.gnu-tools-for-stm32.11.3.rel1.win32_1.1.100.202309141235/tools/bin/../lib/gcc/arm-none-eabi/11.3.1/../../../../arm-none-eabi/lib/thumb/v7e-m+fp/hard\libc_nano.a(libc_a-nano-vfprintf_float.o) (_printf_common)
C:/ST/STM32CubeIDE_1.14.1/STM32CubeIDE/plugins/com.st.stm32cube.ide.mcu.externaltools.gnu-tools-for-stm32.11.3.rel1.win32_1.1.100.202309141235/tools/bin/../lib/gcc/arm-none-eabi/11.3.1/../../../../arm-none-eabi/lib/thumb/v7e-m+fp/hard\libc_nano.a(libc_a-findfp.o)
                              C:/ST/STM32CubeIDE_1.14.1/STM32CubeIDE/plugins/com.st.stm32cube.ide.mcu.externaltools.gnu-tools-for-stm32.11.3.rel1.win32_1.1.100.202309141235/tools/bin/../lib/gcc/arm-none-eabi/11.3.1/../../../../arm-none-eabi/lib/thumb/v7e-m+fp/hard\libc_nano.a(libc_a-exit.o) (__stdio_exit_handler)
C:/ST/STM32CubeIDE_1.14.1/STM32CubeIDE/plugins/com.st.stm32cube.ide.mcu.externaltools.gnu-tools-for-stm32.11.3.rel1.win32_1.1.100.202309141235/tools/bin/../lib/gcc/arm-none-eabi/11.3.1/../../../../arm-none-eabi/lib/thumb/v7e-m+fp/hard\libc_nano.a(libc_a-fwalk.o)
                              C:/ST/STM32CubeIDE_1.14.1/STM32CubeIDE/plugins/com.st.stm32cube.ide.mcu.externaltools.gnu-tools-for-stm32.11.3.rel1.win32_1.1.100.202309141235/tools/bin/../lib/gcc/arm-none-eabi/11.3.1/../../../../arm-none-eabi/lib/thumb/v7e-m+fp/hard\libc_nano.a(libc_a-findfp.o) (_fwalk_sglue)
C:/ST/STM32CubeIDE_1.14.1/STM32CubeIDE/plugins/com.st.stm32cube.ide.mcu.externaltools.gnu-tools-for-stm32.11.3.rel1.win32_1.1.100.202309141235/tools/bin/../lib/gcc/arm-none-eabi/11.3.1/../../../../arm-none-eabi/lib/thumb/v7e-m+fp/hard\libc_nano.a(libc_a-sprintf.o)
                              ./Core/Src/SD_Card.o (sprintf)
C:/ST/STM32CubeIDE_1.14.1/STM32CubeIDE/plugins/com.st.stm32cube.ide.mcu.externaltools.gnu-tools-for-stm32.11.3.rel1.win32_1.1.100.202309141235/tools/bin/../lib/gcc/arm-none-eabi/11.3.1/../../../../arm-none-eabi/lib/thumb/v7e-m+fp/hard\libc_nano.a(libc_a-stdio.o)
[...]
Memory Configuration

Name             Origin             Length             Attributes
RAM              0x0000000020000000 0x0000000000020000 xrw
FLASH            0x0000000008000000 0x0000000000080000 xr
*default*        0x0000000000000000 0xffffffffffffffff

Linker script and memory map

LOAD C:/ST/STM32CubeIDE_1.14.1/STM32CubeIDE/plugins/com.st.stm32cube.ide.mcu.externaltools.gnu-tools-for-stm32.11.3.rel1.win32_1.1.100.202309141235/tools/bin/../lib/gcc/arm-none-eabi/11.3.1/thumb/v7e-m+fp/hard/crti.o
LOAD C:/ST/STM32CubeIDE_1.14.1/STM32CubeIDE/plugins/com.st.stm32cube.ide.mcu.externaltools.gnu-tools-for-stm32.11.3.rel1.win32_1.1.100.202309141235/tools/bin/../lib/gcc/arm-none-eabi/11.3.1/thumb/v7e-m+fp/hard/crtbegin.o
LOAD C:/ST/STM32CubeIDE_1.14.1/STM32CubeIDE/plugins/com.st.stm32cube.ide.mcu.externaltools.gnu-tools-for-stm32.11.3.rel1.win32_1.1.100.202309141235/tools/bin/../lib/gcc/arm-none-eabi/11.3.1/../../../../arm-none-eabi/lib/thumb/v7e-m+fp/hard/crt0.o
LOAD ./Core/Src/ADC.o
LOAD ./Core/Src/Accelerometer.o
LOAD ./Core/Src/Data.o
LOAD ./Core/Src/GPIO.o
LOAD ./Core/Src/HTML_Code.o
LOAD ./Core/Src/I2C.o
LOAD ./Core/Src/ISR.o
LOAD ./Core/Src/NTC.o
LOAD ./Core/Src/Pressure_Sensor.o
LOAD ./Core/Src/SDIO.o
LOAD ./Core/Src/SD_Card.o
LOAD ./Core/Src/Timer.o
LOAD ./Core/Src/UART.o
LOAD ./Core/Src/Ultrasonic.o
LOAD ./Core/Src/Water_Resistance.o
LOAD ./Core/Src/main.o
LOAD ./Core/Src/stm32f4xx_hal_msp.o
LOAD ./Core/Src/stm32f4xx_it.o
LOAD ./Core/Src/syscalls.o
LOAD ./Core/Src/sysmem.o
LOAD ./Core/Src/system_stm32f4xx.o
LOAD ./Core/Startup/startup_stm32f411ceux.o
LOAD ./Drivers/STM32F4xx_HAL_Driver/Src/stm32f4xx_hal.o
LOAD ./Drivers/STM32F4xx_HAL_Driver/Src/stm32f4xx_hal_adc.o
LOAD ./Drivers/STM32F4xx_HAL_Driver/Src/stm32f4xx_hal_adc_ex.o
LOAD ./Drivers/STM32F4xx_HAL_Driver/Src/stm32f4xx_hal_cortex.o
LOAD ./Drivers/STM32F4xx_HAL_Driver/Src/stm32f4xx_hal_dma.o
LOAD ./Drivers/STM32F4xx_HAL_Driver/Src/stm32f4xx_hal_dma_ex.o
LOAD ./Drivers/STM32F4xx_HAL_Driver/Src/stm32f4xx_hal_exti.o
LOAD ./Drivers/STM32F4xx_HAL_Driver/Src/stm32f4xx_hal_flash.o
LOAD ./Drivers/STM32F4xx_HAL_Driver/Src/stm32f4xx_hal_flash_ex.o
LOAD ./Drivers/STM32F4xx_HAL_Driver/Src/stm32f4xx_hal_flash_ramfunc.o
LOAD ./Drivers/STM32F4xx_HAL_Driver/Src/stm32f4xx_hal_gpio.o
LOAD ./Drivers/STM32F4xx_HAL_Driver/Src/stm32f4xx_hal_i2c.o
LOAD ./Drivers/STM32F4xx_HAL_Driver/Src/stm32f4xx_hal_i2c_ex.o
LOAD ./Drivers/STM32F4xx_HAL_Driver/Src/stm32f4xx_hal_pwr.o
LOAD ./Drivers/STM32F4xx_HAL_Driver/Src/stm32f4xx_hal_pwr_ex.o
LOAD ./Drivers/STM32F4xx_HAL_Driver/Src/stm32f4xx_hal_rcc.o
LOAD ./Drivers/STM32F4xx_HAL_Driver/Src/stm32f4xx_hal_rcc_ex.o
LOAD ./Drivers/STM32F4xx_HAL_Driver/Src/stm32f4xx_hal_sd.o
LOAD ./Drivers/STM32F4xx_HAL_Driver/Src/stm32f4xx_hal_tim.o
LOAD ./Drivers/STM32F4xx_HAL_Driver/Src/stm32f4xx_hal_tim_ex.o
LOAD ./Drivers/STM32F4xx_HAL_Driver/Src/stm32f4xx_hal_uart.o
LOAD ./Drivers/STM32F4xx_HAL_Driver/Src/stm32f4xx_ll_adc.o
LOAD ./Drivers/STM32F4xx_HAL_Driver/Src/stm32f4xx_ll_sdmmc.o
LOAD ./FATFS/App/fatfs.o
LOAD ./FATFS/Target/bsp_driver_sd.o
LOAD ./FATFS/Target/fatfs_platform.o
LOAD ./FATFS/Target/sd_diskio.o
LOAD ./Middlewares/Third_Party/FatFs/src/diskio.o
LOAD ./Middlewares/Third_Party/FatFs/src/ff.o
LOAD ./Middlewares/Third_Party/FatFs/src/ff_gen_drv.o
LOAD ./Middlewares/Third_Party/FatFs/src/option/ccsbcs.o
LOAD ./Middlewares/Third_Party/FatFs/src/option/syscall.o
START GROUP
LOAD C:/ST/STM32CubeIDE_1.14.1/STM32CubeIDE/plugins/com.st.stm32cube.ide.mcu.externaltools.gnu-tools-for-stm32.11.3.rel1.win32_1.1.100.202309141235/tools/bin/../lib/gcc/arm-none-eabi/11.3.1/../../../../arm-none-eabi/lib/thumb/v7e-m+fp/hard\libc_nano.a
LOAD C:/ST/STM32CubeIDE_1.14.1/STM32CubeIDE/plugins/com.st.stm32cube.ide.mcu.externaltools.gnu-tools-for-stm32.11.3.rel1.win32_1.1.100.202309141235/tools/bin/../lib/gcc/arm-none-eabi/11.3.1/../../../../arm-none-eabi/lib/thumb/v7e-m+fp/hard\libm.a
END GROUP
START GROUP
LOAD C:/ST/STM32CubeIDE_1.14.1/STM32CubeIDE/plugins/com.st.stm32cube.ide.mcu.externaltools.gnu-tools-for-stm32.11.3.rel1.win32_1.1.100.202309141235/tools/bin/../lib/gcc/arm-none-eabi/11.3.1/thumb/v7e-m+fp/hard\libgcc.a
LOAD C:/ST/STM32CubeIDE_1.14.1/STM32CubeIDE/plugins/com.st.stm32cube.ide.mcu.externaltools.gnu-tools-for-stm32.11.3.rel1.win32_1.1.100.202309141235/tools/bin/../lib/gcc/arm-none-eabi/11.3.1/../../../../arm-none-eabi/lib/thumb/v7e-m+fp/hard\libc_nano.a
END GROUP
START GROUP
LOAD C:/ST/STM32CubeIDE_1.14.1/STM32CubeIDE/plugins/com.st.stm32cube.ide.mcu.externaltools.gnu-tools-for-stm32.11.3.rel1.win32_1.1.100.202309141235/tools/bin/../lib/gcc/arm-none-eabi/11.3.1/thumb/v7e-m+fp/hard\libgcc.a
LOAD C:/ST/STM32CubeIDE_1.14.1/STM32CubeIDE/plugins/com.st.stm32cube.ide.mcu.externaltools.gnu-tools-for-stm32.11.3.rel1.win32_1.1.100.202309141235/tools/bin/../lib/gcc/arm-none-eabi/11.3.1/../../../../arm-none-eabi/lib/thumb/v7e-m+fp/hard\libc_nano.a
LOAD C:/ST/STM32CubeIDE_1.14.1/STM32CubeIDE/plugins/com.st.stm32cube.ide.mcu.externaltools.gnu-tools-for-stm32.11.3.rel1.win32_1.1.100.202309141235/tools/bin/../lib/gcc/arm-none-eabi/11.3.1/../../../../arm-none-eabi/lib/thumb/v7e-m+fp/hard\libnosys.a
END GROUP
START GROUP
LOAD C:/ST/STM32CubeIDE_1.14.1/STM32CubeIDE/plugins/com.st.stm32cube.ide.mcu.externaltools.gnu-tools-for-stm32.11.3.rel1.win32_1.1.100.202309141235/tools/bin/../lib/gcc/arm-none-eabi/11.3.1/thumb/v7e-m+fp/hard\libgcc.a
LOAD C:/ST/STM32CubeIDE_1.14.1/STM32CubeIDE/plugins/com.st.stm32cube.ide.mcu.externaltools.gnu-tools-for-stm32.11.3.rel1.win32_1.1.100.202309141235/tools/bin/../lib/gcc/arm-none-eabi/11.3.1/../../../../arm-none-eabi/lib/thumb/v7e-m+fp/hard\libc_nano.a
LOAD C:/ST/STM32CubeIDE_1.14.1/STM32CubeIDE/plugins/com.st.stm32cube.ide.mcu.externaltools.gnu-tools-for-stm32.11.3.rel1.win32_1.1.100.202309141235/tools/bin/../lib/gcc/arm-none-eabi/11.3.1/../../../../arm-none-eabi/lib/thumb/v7e-m+fp/hard\libnosys.a
END GROUP
LOAD C:/ST/STM32CubeIDE_1.14.1/STM32CubeIDE/plugins/com.st.stm32cube.ide.mcu.externaltools.gnu-tools-for-stm32.11.3.rel1.win32_1.1.100.202309141235/tools/bin/../lib/gcc/arm-none-eabi/11.3.1/thumb/v7e-m+fp/hard/crtend.o
LOAD C:/ST/STM32CubeIDE_1.14.1/STM32CubeIDE/plugins/com.st.stm32cube.ide.mcu.externaltools.gnu-tools-for-stm32.11.3.rel1.win32_1.1.100.202309141235/tools/bin/../lib/gcc/arm-none-eabi/11.3.1/thumb/v7e-m+fp/hard/crtn.o
                0x0000000020020000                _estack = (ORIGIN (RAM) + LENGTH (RAM))
                0x0000000000000200                _Min_Heap_Size = 0x200
                0x0000000000000400                _Min_Stack_Size = 0x400

.isr_vector     0x0000000008000000      0x198
                0x0000000008000000                . = ALIGN (0x4)
 *(.isr_vector)
 .isr_vector    0x0000000008000000      0x198 ./Core/Startup/startup_stm32f411ceux.o
                0x0000000008000000                g_pfnVectors
                0x0000000008000198                . = ALIGN (0x4)

.text           0x00000000080001a0     0xaf0c
                0x00000000080001a0                . = ALIGN (0x4)
 *(.text)
 .text          0x00000000080001a0       0x40 C:/ST/STM32CubeIDE_1.14.1/STM32CubeIDE/plugins/com.st.stm32cube.ide.mcu.externaltools.gnu-tools-for-stm32.11.3.rel1.win32_1.1.100.202309141235/tools/bin/../lib/gcc/arm-none-eabi/11.3.1/thumb/v7e-m+fp/hard/crtbegin.o
 .text          0x00000000080001e0       0x14 C:/ST/STM32CubeIDE_1.14.1/STM32CubeIDE/plugins/com.st.stm32cube.ide.mcu.externaltools.gnu-tools-for-stm32.11.3.rel1.win32_1.1.100.202309141235/tools/bin/../lib/gcc/arm-none-eabi/11.3.1/../../../../arm-none-eabi/lib/thumb/v7e-m+fp/hard\libc_nano.a(libc_a-strcmp.o)
                0x00000000080001e0                strcmp
 *fill*         0x00000000080001f4        0xc 
 .text          0x0000000008000200       0xa0 C:/ST/STM32CubeIDE_1.14.1/STM32CubeIDE/plugins/com.st.stm32cube.ide.mcu.externaltools.gnu-tools-for-stm32.11.3.rel1.win32_1.1.100.202309141235/tools/bin/../lib/gcc/arm-none-eabi/11.3.1/../../../../arm-none-eabi/lib/thumb/v7e-m+fp/hard\libc_nano.a(libc_a-memchr.o)
                0x0000000008000200                memchr
 .text          0x00000000080002a0       0x10 C:/ST/STM32CubeIDE_1.14.1/STM32CubeIDE/plugins/com.st.stm32cube.ide.mcu.externaltools.gnu-tools-for-stm32.11.3.rel1.win32_1.1.100.202309141235/tools/bin/../lib/gcc/arm-none-eabi/11.3.1/../../../../arm-none-eabi/lib/thumb/v7e-m+fp/hard\libc_nano.a(libc_a-strlen.o)
                0x00000000080002a0                strlen
 .text          0x00000000080002b0      0x378 C:/ST/STM32CubeIDE_1.14.1/STM32CubeIDE/plugins/com.st.stm32cube.ide.mcu.externaltools.gnu-tools-for-stm32.11.3.rel1.win32_1.1.100.202309141235/tools/bin/../lib/gcc/arm-none-eabi/11.3.1/thumb/v7e-m+fp/hard\libgcc.a(_arm_addsubdf3.o)
                0x00000000080002b0                __aeabi_drsub
                0x00000000080002b8                __aeabi_dsub
                0x00000000080002b8                __subdf3
                0x00000000080002bc                __aeabi_dadd
                0x00000000080002bc                __adddf3
                0x0000000008000534                __floatunsidf
                0x0000000008000534                __aeabi_ui2d
                0x0000000008000554                __floatsidf
                0x0000000008000554                __aeabi_i2d
                0x0000000008000578                __aeabi_f2d
                0x0000000008000578                __extendsfdf2
                0x00000000080005bc                __floatundidf
                0x00000000080005bc                __aeabi_ul2d
                0x00000000080005cc                __floatdidf
                0x00000000080005cc                __aeabi_l2d
 .text          0x0000000008000628      0x424 C:/ST/STM32CubeIDE_1.14.1/STM32CubeIDE/plugins/com.st.stm32cube.ide.mcu.externaltools.gnu-tools-for-stm32.11.3.rel1.win32_1.1.100.202309141235/tools/bin/../lib/gcc/arm-none-eabi/11.3.1/thumb/v7e-m+fp/hard\libgcc.a(_arm_muldivdf3.o)
                0x0000000008000628                __aeabi_dmul
                0x0000000008000628                __muldf3
                0x000000000800087c                __divdf3
                0x000000000800087c                __aeabi_ddiv
 .text          0x0000000008000a4c      0x110 C:/ST/STM32CubeIDE_1.14.1/STM32CubeIDE/plugins/com.st.stm32cube.ide.mcu.externaltools.gnu-tools-for-stm32.11.3.rel1.win32_1.1.100.202309141235/tools/bin/../lib/gcc/arm-none-eabi/11.3.1/thumb/v7e-m+fp/hard\libgcc.a(_arm_cmpdf2.o)
                0x0000000008000a4c                __gtdf2
                0x0000000008000a4c                __gedf2
                0x0000000008000a54                __ltdf2
                0x0000000008000a54                __ledf2
                0x0000000008000a5c                __nedf2
                0x0000000008000a5c                __eqdf2
                0x0000000008000a5c                __cmpdf2
                0x0000000008000ad8                __aeabi_cdrcmple
                0x0000000008000ae8                __aeabi_cdcmpeq
                0x0000000008000ae8                __aeabi_cdcmple
                0x0000000008000af8                __aeabi_dcmpeq
                0x0000000008000b0c                __aeabi_dcmplt
                0x0000000008000b20                __aeabi_dcmple
                0x0000000008000b34                __aeabi_dcmpge
                0x0000000008000b48                __aeabi_dcmpgt
 .text          0x0000000008000b5c       0x2c C:/ST/STM32CubeIDE_1.14.1/STM32CubeIDE/plugins/com.st.stm32cube.ide.mcu.externaltools.gnu-tools-for-stm32.11.3.rel1.win32_1.1.100.202309141235/tools/bin/../lib/gcc/arm-none-eabi/11.3.1/thumb/v7e-m+fp/hard\libgcc.a(_arm_unorddf2.o)
                0x0000000008000b5c                __unorddf2
                0x0000000008000b5c                __aeabi_dcmpun
 .text          0x0000000008000b88       0x50 C:/ST/STM32CubeIDE_1.14.1/STM32CubeIDE/plugins/com.st.stm32cube.ide.mcu.externaltools.gnu-tools-for-stm32.11.3.rel1.win32_1.1.100.202309141235/tools/bin/../lib/gcc/arm-none-eabi/11.3.1/thumb/v7e-m+fp/hard\libgcc.a(_arm_fixdfsi.o)
                0x0000000008000b88                __aeabi_d2iz
                0x0000000008000b88                __fixdfsi
 .text          0x0000000008000bd8       0xa0 C:/ST/STM32CubeIDE_1.14.1/STM32CubeIDE/plugins/com.st.stm32cube.ide.mcu.externaltools.gnu-tools-for-stm32.11.3.rel1.win32_1.1.100.202309141235/tools/bin/../lib/gcc/arm-none-eabi/11.3.1/thumb/v7e-m+fp/hard\libgcc.a(_arm_truncdfsf2.o)
                0x0000000008000bd8                __truncdfsf2
                0x0000000008000bd8                __aeabi_d2f
 .text          0x0000000008000c78       0x30 C:/ST/STM32CubeIDE_1.14.1/STM32CubeIDE/plugins/com.st.stm32cube.ide.mcu.externaltools.gnu-tools-for-stm32.11.3.rel1.win32_1.1.100.202309141235/tools/bin/../lib/gcc/arm-none-eabi/11.3.1/thumb/v7e-m+fp/hard\libgcc.a(_aeabi_uldivmod.o)
                0x0000000008000c78                __aeabi_uldivmod
 .text          0x0000000008000ca8      0x2c8 C:/ST/STM32CubeIDE_1.14.1/STM32CubeIDE/plugins/com.st.stm32cube.ide.mcu.externaltools.gnu-tools-for-stm32.11.3.rel1.win32_1.1.100.202309141235/tools/bin/../lib/gcc/arm-none-eabi/11.3.1/thumb/v7e-m+fp/hard\libgcc.a(_udivmoddi4.o)
                0x0000000008000ca8                __udivmoddi4
 .text          0x0000000008000f70        0x4 C:/ST/STM32CubeIDE_1.14.1/STM32CubeIDE/plugins/com.st.stm32cube.ide.mcu.externaltools.gnu-tools-for-stm32.11.3.rel1.win32_1.1.100.202309141235/tools/bin/../lib/gcc/arm-none-eabi/11.3.1/thumb/v7e-m+fp/hard\libgcc.a(_dvmd_tls.o)
                0x0000000008000f70                __aeabi_idiv0
                0x0000000008000f70                __aeabi_ldiv0
 *(.text*)
 .text.MX_ADC1_Init
                0x0000000008000f74       0x48 ./Core/Src/ADC.o
                0x0000000008000f74                MX_ADC1_Init
 .text.Acc_Init
                0x0000000008000fbc       0x58 ./Core/Src/Accelerometer.o
                0x0000000008000fbc                Acc_Init
 *fill*         0x0000000008001014        0x4 
 .text.Get_Axis
                0x0000000008001018      0x234 ./Core/Src/Accelerometer.o
                0x0000000008001018                Get_Axis
 .text.System_Start
                0x000000000800124c      0x10c ./Core/Src/Accelerometer.o
                0x000000000800124c                System_Start
 .text.Store_Data
                0x0000000008001358       0xb0 ./Core/Src/Data.o
                0x0000000008001358                Store_Data
 .text.MX_GPIO_Init
                0x0000000008001408       0xa4 ./Core/Src/GPIO.o
                0x0000000008001408                MX_GPIO_Init
 .text.MX_I2C1_Init
                0x00000000080014ac       0x3c ./Core/Src/I2C.o
                0x00000000080014ac                MX_I2C1_Init
 .text.I2C_WriteByte
                0x00000000080014e8       0x2c ./Core/Src/I2C.o
                0x00000000080014e8                I2C_WriteByte
 .text.Sleep_mode
                0x0000000008001514       0x50 ./Core/Src/ISR.o
                0x0000000008001514                Sleep_mode
 .text.HAL_TIM_PeriodElapsedCallback
                0x0000000008001564       0x4c ./Core/Src/ISR.o
                0x0000000008001564                HAL_TIM_PeriodElapsedCallback
 .text.NTC_Array
                0x00000000080015b0      0x478 ./Core/Src/NTC.o
                0x00000000080015b0                NTC_Array
 .text.PresureSensorData
                0x0000000008001a28       0xe0 ./Core/Src/Pressure_Sensor.o
                0x0000000008001a28                PresureSensorData
 .text.MX_SDIO_SD_Init
                0x0000000008001b08       0x20 ./Core/Src/SDIO.o
                0x0000000008001b08                MX_SDIO_SD_Init
 .text.SD_Card_Test
                0x0000000008001b28       0x54 ./Core/Src/SD_Card.o
                0x0000000008001b28                SD_Card_Test
 .text.File_Number_Create
                0x0000000008001b7c       0xd8 ./Core/Src/SD_Card.o
                0x0000000008001b7c                File_Number_Create
 .text.Num_Sys_Create
                0x0000000008001c54       0xe0 ./Core/Src/SD_Card.o
                0x0000000008001c54                Num_Sys_Create
 .text.HTML_File_Create
                0x0000000008001d34      0x140 ./Core/Src/SD_Card.o
                0x0000000008001d34                HTML_File_Create
 .text.Read_Log_Number
                0x0000000008001e74       0x70 ./Core/Src/SD_Card.o
                0x0000000008001e74                Read_Log_Number
 .text.Read_Number_Sys
                0x0000000008001ee4       0x8c ./Core/Src/SD_Card.o
                0x0000000008001ee4                Read_Number_Sys
 .text.Create_DataLog_File
                0x0000000008001f70       0xac ./Core/Src/SD_Card.o
                0x0000000008001f70                Create_DataLog_File
 .text.Update_Log_Num
                0x000000000800201c       0x94 ./Core/Src/SD_Card.o
                0x000000000800201c                Update_Log_Num
 .text.DATA_LOG
                0x00000000080020b0      0x260 ./Core/Src/SD_Card.o
                0x00000000080020b0                DATA_LOG
 .text.MX_TIM3_Init
                0x0000000008002310       0x6c ./Core/Src/Timer.o
                0x0000000008002310                MX_TIM3_Init
 .text.MX_TIM4_Init
                0x000000000800237c       0x6c ./Core/Src/Timer.o
                0x000000000800237c                MX_TIM4_Init
 .text.MX_USART1_UART_Init
                0x00000000080023e8       0x38 ./Core/Src/UART.o
                0x00000000080023e8                MX_USART1_UART_Init
 .text.UART_Printf
                0x0000000008002420       0x3c ./Core/Src/UART.o
                0x0000000008002420                UART_Printf
 *fill*         0x000000000800245c        0x4 
 .text.Ultrasonic_Amplitude
                0x0000000008002460       0x84 ./Core/Src/Ultrasonic.o
                0x0000000008002460                Ultrasonic_Amplitude
 *fill*         0x00000000080024e4        0x4 
 .text.Water_Res
                0x00000000080024e8       0xe4 ./Core/Src/Water_Resistance.o
                0x00000000080024e8                Water_Res
 .text.SystemClock_Config
                0x00000000080025cc       0xa0 ./Core/Src/main.o
                0x00000000080025cc                SystemClock_Config
 .text.startup.main
                0x000000000800266c      0x144 ./Core/Src/main.o
                0x000000000800266c                main
 .text.Error_Handler
                0x00000000080027b0        0x4 ./Core/Src/main.o
                0x00000000080027b0                Error_Handler
 .text.HAL_MspInit
                0x00000000080027b4       0x38 ./Core/Src/stm32f4xx_hal_msp.o
                0x00000000080027b4                HAL_MspInit
 .text.HAL_ADC_MspInit
                0x00000000080027ec       0x8c ./Core/Src/stm32f4xx_hal_msp.o
                0x00000000080027ec                HAL_ADC_MspInit
 .text.HAL_I2C_MspInit
                0x0000000008002878       0x6c ./Core/Src/stm32f4xx_hal_msp.o
                0x0000000008002878                HAL_I2C_MspInit
 .text.HAL_SD_MspInit
                0x00000000080028e4       0xa0 ./Core/Src/stm32f4xx_hal_msp.o
                0x00000000080028e4                HAL_SD_MspInit
 .text.HAL_TIM_Base_MspInit
                0x0000000008002984       0x74 ./Core/Src/stm32f4xx_hal_msp.o
                0x0000000008002984                HAL_TIM_Base_MspInit
 .text.HAL_UART_MspInit
                0x00000000080029f8       0x98 ./Core/Src/stm32f4xx_hal_msp.o
                0x00000000080029f8                HAL_UART_MspInit
 .text.NMI_Handler
                0x0000000008002a90        0x2 ./Core/Src/stm32f4xx_it.o
                0x0000000008002a90                NMI_Handler
 .text.HardFault_Handler
                0x0000000008002a92        0x2 ./Core/Src/stm32f4xx_it.o
                0x0000000008002a92                HardFault_Handler
 .text.MemManage_Handler
                0x0000000008002a94        0x2 ./Core/Src/stm32f4xx_it.o
                0x0000000008002a94                MemManage_Handler
 .text.BusFault_Handler
                0x0000000008002a96        0x2 ./Core/Src/stm32f4xx_it.o
                0x0000000008002a96                BusFault_Handler
 .text.UsageFault_Handler
                0x0000000008002a98        0x2 ./Core/Src/stm32f4xx_it.o
                0x0000000008002a98                UsageFault_Handler
 .text.SVC_Handler
                0x0000000008002a9a        0x2 ./Core/Src/stm32f4xx_it.o
                0x0000000008002a9a                SVC_Handler
 .text.DebugMon_Handler
                0x0000000008002a9c        0x2 ./Core/Src/stm32f4xx_it.o
                0x0000000008002a9c                DebugMon_Handler
 .text.PendSV_Handler
                0x0000000008002a9e        0x2 ./Core/Src/stm32f4xx_it.o
                0x0000000008002a9e                PendSV_Handler
 .text.SysTick_Handler
                0x0000000008002aa0        0x4 ./Core/Src/stm32f4xx_it.o
                0x0000000008002aa0                SysTick_Handler
 .text.TIM3_IRQHandler
                0x0000000008002aa4        0xc ./Core/Src/stm32f4xx_it.o
                0x0000000008002aa4                TIM3_IRQHandler
 .text.TIM4_IRQHandler
                0x0000000008002ab0        0xc ./Core/Src/stm32f4xx_it.o
                0x0000000008002ab0                TIM4_IRQHandler
 .text._getpid  0x0000000008002abc        0x4 ./Core/Src/syscalls.o
                0x0000000008002abc                _getpid
 .text._kill    0x0000000008002ac0       0x10 ./Core/Src/syscalls.o
                0x0000000008002ac0                _kill
 .text._exit    0x0000000008002ad0        0xc ./Core/Src/syscalls.o
                0x0000000008002ad0                _exit
 .text._read    0x0000000008002adc       0x1c ./Core/Src/syscalls.o
                0x0000000008002adc                _read
 .text._write   0x0000000008002af8       0x1c ./Core/Src/syscalls.o
                0x0000000008002af8                _write
 .text._close   0x0000000008002b14        0x6 ./Core/Src/syscalls.o
                0x0000000008002b14                _close
 .text._fstat   0x0000000008002b1a        0xa ./Core/Src/syscalls.o
                0x0000000008002b1a                _fstat
 .text._isatty  0x0000000008002b24        0x4 ./Core/Src/syscalls.o
                0x0000000008002b24                _isatty
 .text._lseek   0x0000000008002b28        0x4 ./Core/Src/syscalls.o
                0x0000000008002b28                _lseek
 .text._sbrk    0x0000000008002b2c       0x40 ./Core/Src/sysmem.o
                0x0000000008002b2c                _sbrk
 .text.SystemInit
                0x0000000008002b6c       0x14 ./Core/Src/system_stm32f4xx.o
                0x0000000008002b6c                SystemInit
 .text.Reset_Handler
                0x0000000008002b80       0x50 ./Core/Startup/startup_stm32f411ceux.o
                0x0000000008002b80                Reset_Handler
 .text.Default_Handler
                0x0000000008002bd0        0x2 ./Core/Startup/startup_stm32f411ceux.o
                0x0000000008002bd0                RTC_Alarm_IRQHandler
                0x0000000008002bd0                EXTI2_IRQHandler
                0x0000000008002bd0                SPI4_IRQHandler
                0x0000000008002bd0                TIM1_CC_IRQHandler
                0x0000000008002bd0                DMA2_Stream5_IRQHandler
                0x0000000008002bd0                DMA1_Stream5_IRQHandler
                0x0000000008002bd0                PVD_IRQHandler
                0x0000000008002bd0                SDIO_IRQHandler
                0x0000000008002bd0                TAMP_STAMP_IRQHandler
                0x0000000008002bd0                EXTI3_IRQHandler
                0x0000000008002bd0                TIM1_UP_TIM10_IRQHandler
                0x0000000008002bd0                I2C3_ER_IRQHandler
                0x0000000008002bd0                EXTI0_IRQHandler
                0x0000000008002bd0                I2C2_EV_IRQHandler
                0x0000000008002bd0                DMA1_Stream2_IRQHandler
                0x0000000008002bd0                FPU_IRQHandler
                0x0000000008002bd0                DMA2_Stream2_IRQHandler
                0x0000000008002bd0                SPI1_IRQHandler
                0x0000000008002bd0                TIM1_BRK_TIM9_IRQHandler
                0x0000000008002bd0                DMA2_Stream3_IRQHandler
                0x0000000008002bd0                USART6_IRQHandler
                0x0000000008002bd0                DMA2_Stream0_IRQHandler
                0x0000000008002bd0                I2C1_EV_IRQHandler
                0x0000000008002bd0                DMA1_Stream6_IRQHandler
                0x0000000008002bd0                DMA1_Stream1_IRQHandler
                0x0000000008002bd0                RCC_IRQHandler
                0x0000000008002bd0                Default_Handler
                0x0000000008002bd0                EXTI15_10_IRQHandler
                0x0000000008002bd0                ADC_IRQHandler
                0x0000000008002bd0                DMA1_Stream7_IRQHandler
                0x0000000008002bd0                SPI5_IRQHandler
                0x0000000008002bd0                TIM5_IRQHandler
                0x0000000008002bd0                DMA2_Stream7_IRQHandler
                0x0000000008002bd0                I2C3_EV_IRQHandler
                0x0000000008002bd0                EXTI9_5_IRQHandler
                0x0000000008002bd0                RTC_WKUP_IRQHandler
                0x0000000008002bd0                SPI2_IRQHandler
                0x0000000008002bd0                DMA1_Stream0_IRQHandler
                0x0000000008002bd0                EXTI4_IRQHandler
                0x0000000008002bd0                WWDG_IRQHandler
                0x0000000008002bd0                TIM2_IRQHandler
                0x0000000008002bd0                OTG_FS_WKUP_IRQHandler
                0x0000000008002bd0                TIM1_TRG_COM_TIM11_IRQHandler
                0x0000000008002bd0                EXTI1_IRQHandler
                0x0000000008002bd0                USART2_IRQHandler
                0x0000000008002bd0                I2C2_ER_IRQHandler
                0x0000000008002bd0                DMA2_Stream1_IRQHandler
                0x0000000008002bd0                FLASH_IRQHandler
                0x0000000008002bd0                DMA2_Stream4_IRQHandler
                0x0000000008002bd0                USART1_IRQHandler
                0x0000000008002bd0                OTG_FS_IRQHandler
                0x0000000008002bd0                SPI3_IRQHandler
                0x0000000008002bd0                DMA1_Stream4_IRQHandler
                0x0000000008002bd0                I2C1_ER_IRQHandler
                0x0000000008002bd0                DMA2_Stream6_IRQHandler
                0x0000000008002bd0                DMA1_Stream3_IRQHandler
 *fill*         0x0000000008002bd2        0x2 
 .text.HAL_InitTick
                0x0000000008002bd4       0x48 ./Drivers/STM32F4xx_HAL_Driver/Src/stm32f4xx_hal.o
                0x0000000008002bd4                HAL_InitTick
 .text.HAL_Init
                0x0000000008002c1c       0x34 ./Drivers/STM32F4xx_HAL_Driver/Src/stm32f4xx_hal.o
                0x0000000008002c1c                HAL_Init
 .text.HAL_IncTick
                0x0000000008002c50       0x18 ./Drivers/STM32F4xx_HAL_Driver/Src/stm32f4xx_hal.o
                0x0000000008002c50                HAL_IncTick
 .text.HAL_GetTick
                0x0000000008002c68        0xc ./Drivers/STM32F4xx_HAL_Driver/Src/stm32f4xx_hal.o
                0x0000000008002c68                HAL_GetTick
 .text.HAL_Delay
                0x0000000008002c74       0x28 ./Drivers/STM32F4xx_HAL_Driver/Src/stm32f4xx_hal.o
                0x0000000008002c74                HAL_Delay
 .text.HAL_SuspendTick
                0x0000000008002c9c        0xe ./Drivers/STM32F4xx_HAL_Driver/Src/stm32f4xx_hal.o
                0x0000000008002c9c                HAL_SuspendTick
 .text.HAL_ResumeTick
                0x0000000008002caa        0xe ./Drivers/STM32F4xx_HAL_Driver/Src/stm32f4xx_hal.o
                0x0000000008002caa                HAL_ResumeTick
 .text.HAL_ADC_Init
                0x0000000008002cb8      0x14c ./Drivers/STM32F4xx_HAL_Driver/Src/stm32f4xx_hal_adc.o
                0x0000000008002cb8                HAL_ADC_Init
 .text.HAL_ADC_Start
                0x0000000008002e04       0xe8 ./Drivers/STM32F4xx_HAL_Driver/Src/stm32f4xx_hal_adc.o
                0x0000000008002e04                HAL_ADC_Start
 .text.HAL_ADC_Stop
                0x0000000008002eec       0x36 ./Drivers/STM32F4xx_HAL_Driver/Src/stm32f4xx_hal_adc.o
                0x0000000008002eec                HAL_ADC_Stop
 .text.HAL_ADC_PollForConversion
                0x0000000008002f22       0xa6 ./Drivers/STM32F4xx_HAL_Driver/Src/stm32f4xx_hal_adc.o
                0x0000000008002f22                HAL_ADC_PollForConversion
 .text.HAL_ADC_GetValue
                0x0000000008002fc8        0x6 ./Drivers/STM32F4xx_HAL_Driver/Src/stm32f4xx_hal_adc.o
                0x0000000008002fc8                HAL_ADC_GetValue
 *fill*         0x0000000008002fce        0x2 
 .text.HAL_ADC_ConfigChannel
                0x0000000008002fd0      0x134 ./Drivers/STM32F4xx_HAL_Driver/Src/stm32f4xx_hal_adc.o
                0x0000000008002fd0                HAL_ADC_ConfigChannel
 .text.HAL_NVIC_SetPriorityGrouping
                0x0000000008003104       0x24 ./Drivers/STM32F4xx_HAL_Driver/Src/stm32f4xx_hal_cortex.o
                0x0000000008003104                HAL_NVIC_SetPriorityGrouping
 .text.HAL_NVIC_SetPriority
                0x0000000008003128       0x64 ./Drivers/STM32F4xx_HAL_Driver/Src/stm32f4xx_hal_cortex.o
                0x0000000008003128                HAL_NVIC_SetPriority
 .text.HAL_NVIC_EnableIRQ
                0x000000000800318c       0x1c ./Drivers/STM32F4xx_HAL_Driver/Src/stm32f4xx_hal_cortex.o
                0x000000000800318c                HAL_NVIC_EnableIRQ
 .text.HAL_SYSTICK_Config
                0x00000000080031a8       0x28 ./Drivers/STM32F4xx_HAL_Driver/Src/stm32f4xx_hal_cortex.o
                0x00000000080031a8                HAL_SYSTICK_Config
 .text.HAL_GPIO_Init
                0x00000000080031d0      0x190 ./Drivers/STM32F4xx_HAL_Driver/Src/stm32f4xx_hal_gpio.o
                0x00000000080031d0                HAL_GPIO_Init
 .text.HAL_GPIO_ReadPin
                0x0000000008003360        0xc ./Drivers/STM32F4xx_HAL_Driver/Src/stm32f4xx_hal_gpio.o
                0x0000000008003360                HAL_GPIO_ReadPin
 .text.HAL_GPIO_WritePin
                0x000000000800336c        0xa ./Drivers/STM32F4xx_HAL_Driver/Src/stm32f4xx_hal_gpio.o
                0x000000000800336c                HAL_GPIO_WritePin
 .text.I2C_IsAcknowledgeFailed
                0x0000000008003376       0x34 ./Drivers/STM32F4xx_HAL_Driver/Src/stm32f4xx_hal_i2c.o
 .text.I2C_WaitOnFlagUntilTimeout
                0x00000000080033aa       0x80 ./Drivers/STM32F4xx_HAL_Driver/Src/stm32f4xx_hal_i2c.o
 .text.I2C_WaitOnMasterAddressFlagUntilTimeout
                0x000000000800342a       0x84 ./Drivers/STM32F4xx_HAL_Driver/Src/stm32f4xx_hal_i2c.o
 .text.I2C_WaitOnTXEFlagUntilTimeout
                0x00000000080034ae       0x54 ./Drivers/STM32F4xx_HAL_Driver/Src/stm32f4xx_hal_i2c.o
 *fill*         0x0000000008003502        0x2 
 .text.I2C_RequestMemoryWrite
                0x0000000008003504       0xb0 ./Drivers/STM32F4xx_HAL_Driver/Src/stm32f4xx_hal_i2c.o
 .text.I2C_RequestMemoryRead
                0x00000000080035b4      0x104 ./Drivers/STM32F4xx_HAL_Driver/Src/stm32f4xx_hal_i2c.o
 .text.I2C_WaitOnBTFFlagUntilTimeout
                0x00000000080036b8       0x54 ./Drivers/STM32F4xx_HAL_Driver/Src/stm32f4xx_hal_i2c.o
 .text.I2C_WaitOnRXNEFlagUntilTimeout
                0x000000000800370c       0x66 ./Drivers/STM32F4xx_HAL_Driver/Src/stm32f4xx_hal_i2c.o
 *fill*         0x0000000008003772        0x2 
 .text.HAL_I2C_Init
                0x0000000008003774      0x150 ./Drivers/STM32F4xx_HAL_Driver/Src/stm32f4xx_hal_i2c.o
                0x0000000008003774                HAL_I2C_Init
 .text.HAL_I2C_Mem_Write
                0x00000000080038c4      0x120 ./Drivers/STM32F4xx_HAL_Driver/Src/stm32f4xx_hal_i2c.o
                0x00000000080038c4                HAL_I2C_Mem_Write
 .text.HAL_I2C_Mem_Read
                0x00000000080039e4      0x220 ./Drivers/STM32F4xx_HAL_Driver/Src/stm32f4xx_hal_i2c.o
                0x00000000080039e4                HAL_I2C_Mem_Read
 .text.HAL_PWR_EnterSLEEPMode
                0x0000000008003c04       0x20 ./Drivers/STM32F4xx_HAL_Driver/Src/stm32f4xx_hal_pwr.o
                0x0000000008003c04                HAL_PWR_EnterSLEEPMode
 .text.HAL_RCC_OscConfig
                0x0000000008003c24      0x358 ./Drivers/STM32F4xx_HAL_Driver/Src/stm32f4xx_hal_rcc.o
                0x0000000008003c24                HAL_RCC_OscConfig
 .text.HAL_RCC_GetSysClockFreq
                0x0000000008003f7c       0x5c ./Drivers/STM32F4xx_HAL_Driver/Src/stm32f4xx_hal_rcc.o
                0x0000000008003f7c                HAL_RCC_GetSysClockFreq
 .text.HAL_RCC_ClockConfig
                0x0000000008003fd8      0x134 ./Drivers/STM32F4xx_HAL_Driver/Src/stm32f4xx_hal_rcc.o
                0x0000000008003fd8                HAL_RCC_ClockConfig
 .text.HAL_RCC_GetPCLK1Freq
                0x000000000800410c       0x20 ./Drivers/STM32F4xx_HAL_Driver/Src/stm32f4xx_hal_rcc.o
                0x000000000800410c                HAL_RCC_GetPCLK1Freq
 .text.HAL_RCC_GetPCLK2Freq
                0x000000000800412c       0x20 ./Drivers/STM32F4xx_HAL_Driver/Src/stm32f4xx_hal_rcc.o
                0x000000000800412c                HAL_RCC_GetPCLK2Freq
 .text.SD_FindSCR.constprop.0
                0x000000000800414c       0xd2 ./Drivers/STM32F4xx_HAL_Driver/Src/stm32f4xx_hal_sd.o
 *fill*         0x000000000800421e        0x2 
 .text.HAL_SD_ReadBlocks
                0x0000000008004220      0x210 ./Drivers/STM32F4xx_HAL_Driver/Src/stm32f4xx_hal_sd.o
                0x0000000008004220                HAL_SD_ReadBlocks
 .text.HAL_SD_WriteBlocks
                0x0000000008004430      0x1a8 ./Drivers/STM32F4xx_HAL_Driver/Src/stm32f4xx_hal_sd.o
                0x0000000008004430                HAL_SD_WriteBlocks
 .text.HAL_SD_GetCardCSD
                0x00000000080045d8      0x16c ./Drivers/STM32F4xx_HAL_Driver/Src/stm32f4xx_hal_sd.o
                0x00000000080045d8                HAL_SD_GetCardCSD
 .text.HAL_SD_InitCard
                0x0000000008004744      0x204 ./Drivers/STM32F4xx_HAL_Driver/Src/stm32f4xx_hal_sd.o
                0x0000000008004744                HAL_SD_InitCard
 .text.HAL_SD_Init
                0x0000000008004948       0x36 ./Drivers/STM32F4xx_HAL_Driver/Src/stm32f4xx_hal_sd.o
                0x0000000008004948                HAL_SD_Init
 .text.HAL_SD_GetCardInfo
                0x000000000800497e       0x24 ./Drivers/STM32F4xx_HAL_Driver/Src/stm32f4xx_hal_sd.o
                0x000000000800497e                HAL_SD_GetCardInfo
 *fill*         0x00000000080049a2        0x2 
 .text.HAL_SD_ConfigWideBusOperation
                0x00000000080049a4      0x114 ./Drivers/STM32F4xx_HAL_Driver/Src/stm32f4xx_hal_sd.o
                0x00000000080049a4                HAL_SD_ConfigWideBusOperation
 .text.HAL_SD_GetCardState
                0x0000000008004ab8       0x28 ./Drivers/STM32F4xx_HAL_Driver/Src/stm32f4xx_hal_sd.o
                0x0000000008004ab8                HAL_SD_GetCardState
 .text.HAL_TIM_Base_Start_IT
                0x0000000008004ae0       0x64 ./Drivers/STM32F4xx_HAL_Driver/Src/stm32f4xx_hal_tim.o
                0x0000000008004ae0                HAL_TIM_Base_Start_IT
 .text.HAL_TIM_OC_DelayElapsedCallback
                0x0000000008004b44        0x2 ./Drivers/STM32F4xx_HAL_Driver/Src/stm32f4xx_hal_tim.o
                0x0000000008004b44                HAL_TIM_OC_DelayElapsedCallback
 .text.HAL_TIM_IC_CaptureCallback
                0x0000000008004b46        0x2 ./Drivers/STM32F4xx_HAL_Driver/Src/stm32f4xx_hal_tim.o
                0x0000000008004b46                HAL_TIM_IC_CaptureCallback
 .text.HAL_TIM_PWM_PulseFinishedCallback
                0x0000000008004b48        0x2 ./Drivers/STM32F4xx_HAL_Driver/Src/stm32f4xx_hal_tim.o
                0x0000000008004b48                HAL_TIM_PWM_PulseFinishedCallback
 .text.HAL_TIM_TriggerCallback
                0x0000000008004b4a        0x2 ./Drivers/STM32F4xx_HAL_Driver/Src/stm32f4xx_hal_tim.o
                0x0000000008004b4a                HAL_TIM_TriggerCallback
 .text.HAL_TIM_IRQHandler
                0x0000000008004b4c      0x128 ./Drivers/STM32F4xx_HAL_Driver/Src/stm32f4xx_hal_tim.o
                0x0000000008004b4c                HAL_TIM_IRQHandler
 .text.TIM_Base_SetConfig
                0x0000000008004c74       0xa8 ./Drivers/STM32F4xx_HAL_Driver/Src/stm32f4xx_hal_tim.o
                0x0000000008004c74                TIM_Base_SetConfig
 .text.HAL_TIM_Base_Init
                0x0000000008004d1c       0x58 ./Drivers/STM32F4xx_HAL_Driver/Src/stm32f4xx_hal_tim.o
                0x0000000008004d1c                HAL_TIM_Base_Init
 .text.TIM_ETR_SetConfig
                0x0000000008004d74       0x14 ./Drivers/STM32F4xx_HAL_Driver/Src/stm32f4xx_hal_tim.o
                0x0000000008004d74                TIM_ETR_SetConfig
 .text.HAL_TIM_ConfigClockSource
                0x0000000008004d88      0x132 ./Drivers/STM32F4xx_HAL_Driver/Src/stm32f4xx_hal_tim.o
                0x0000000008004d88                HAL_TIM_ConfigClockSource
 *fill*         0x0000000008004eba        0x2 
 .text.HAL_TIMEx_MasterConfigSynchronization
                0x0000000008004ebc       0x6c ./Drivers/STM32F4xx_HAL_Driver/Src/stm32f4xx_hal_tim_ex.o
                0x0000000008004ebc                HAL_TIMEx_MasterConfigSynchronization
 .text.HAL_TIMEx_CommutCallback
                0x0000000008004f28        0x2 ./Drivers/STM32F4xx_HAL_Driver/Src/stm32f4xx_hal_tim_ex.o
                0x0000000008004f28                HAL_TIMEx_CommutCallback
 .text.HAL_TIMEx_BreakCallback
                0x0000000008004f2a        0x2 ./Drivers/STM32F4xx_HAL_Driver/Src/stm32f4xx_hal_tim_ex.o
                0x0000000008004f2a                HAL_TIMEx_BreakCallback
 .text.UART_EndRxTransfer
                0x0000000008004f2c       0x5c ./Drivers/STM32F4xx_HAL_Driver/Src/stm32f4xx_hal_uart.o
 .text.UART_SetConfig
                0x0000000008004f88       0xbc ./Drivers/STM32F4xx_HAL_Driver/Src/stm32f4xx_hal_uart.o
 .text.UART_WaitOnFlagUntilTimeout.constprop.0
                0x0000000008005044       0x64 ./Drivers/STM32F4xx_HAL_Driver/Src/stm32f4xx_hal_uart.o
 .text.HAL_UART_Init
                0x00000000080050a8       0x5e ./Drivers/STM32F4xx_HAL_Driver/Src/stm32f4xx_hal_uart.o
                0x00000000080050a8                HAL_UART_Init
 .text.HAL_UART_Transmit
                0x0000000008005106       0x9c ./Drivers/STM32F4xx_HAL_Driver/Src/stm32f4xx_hal_uart.o
                0x0000000008005106                HAL_UART_Transmit
 .text.SDIO_Init
                0x00000000080051a2       0x38 ./Drivers/STM32F4xx_HAL_Driver/Src/stm32f4xx_ll_sdmmc.o
                0x00000000080051a2                SDIO_Init
 .text.SDIO_ReadFIFO
                0x00000000080051da        0x6 ./Drivers/STM32F4xx_HAL_Driver/Src/stm32f4xx_ll_sdmmc.o
                0x00000000080051da                SDIO_ReadFIFO
 .text.SDIO_WriteFIFO
                0x00000000080051e0        0xa ./Drivers/STM32F4xx_HAL_Driver/Src/stm32f4xx_ll_sdmmc.o
                0x00000000080051e0                SDIO_WriteFIFO
 .text.SDIO_PowerState_ON
                0x00000000080051ea        0x8 ./Drivers/STM32F4xx_HAL_Driver/Src/stm32f4xx_ll_sdmmc.o
                0x00000000080051ea                SDIO_PowerState_ON
 .text.SDIO_GetPowerState
                0x00000000080051f2        0x8 ./Drivers/STM32F4xx_HAL_Driver/Src/stm32f4xx_ll_sdmmc.o
                0x00000000080051f2                SDIO_GetPowerState
 .text.SDIO_SendCommand
                0x00000000080051fa       0x26 ./Drivers/STM32F4xx_HAL_Driver/Src/stm32f4xx_ll_sdmmc.o
                0x00000000080051fa                SDIO_SendCommand
 .text.SDIO_GetResponse
                0x0000000008005220        0x6 ./Drivers/STM32F4xx_HAL_Driver/Src/stm32f4xx_ll_sdmmc.o
                0x0000000008005220                SDIO_GetResponse
 .text.SDIO_ConfigData
                0x0000000008005226       0x26 ./Drivers/STM32F4xx_HAL_Driver/Src/stm32f4xx_ll_sdmmc.o
                0x0000000008005226                SDIO_ConfigData
 .text.SDMMC_CmdGoIdleState
                0x000000000800524c       0x4c ./Drivers/STM32F4xx_HAL_Driver/Src/stm32f4xx_ll_sdmmc.o
                0x000000000800524c                SDMMC_CmdGoIdleState
 .text.SDMMC_GetCmdResp1
                0x0000000008005298      0x120 ./Drivers/STM32F4xx_HAL_Driver/Src/stm32f4xx_ll_sdmmc.o
                0x0000000008005298                SDMMC_GetCmdResp1
 .text.SDMMC_CmdBlockLength
                0x00000000080053b8       0x32 ./Drivers/STM32F4xx_HAL_Driver/Src/stm32f4xx_ll_sdmmc.o
                0x00000000080053b8                SDMMC_CmdBlockLength
 .text.SDMMC_CmdReadSingleBlock
                0x00000000080053ea       0x32 ./Drivers/STM32F4xx_HAL_Driver/Src/stm32f4xx_ll_sdmmc.o
                0x00000000080053ea                SDMMC_CmdReadSingleBlock
 .text.SDMMC_CmdReadMultiBlock
                0x000000000800541c       0x32 ./Drivers/STM32F4xx_HAL_Driver/Src/stm32f4xx_ll_sdmmc.o
                0x000000000800541c                SDMMC_CmdReadMultiBlock
 .text.SDMMC_CmdWriteSingleBlock
                0x000000000800544e       0x32 ./Drivers/STM32F4xx_HAL_Driver/Src/stm32f4xx_ll_sdmmc.o
                0x000000000800544e                SDMMC_CmdWriteSingleBlock
 .text.SDMMC_CmdWriteMultiBlock
                0x0000000008005480       0x32 ./Drivers/STM32F4xx_HAL_Driver/Src/stm32f4xx_ll_sdmmc.o
                0x0000000008005480                SDMMC_CmdWriteMultiBlock
 *fill*         0x00000000080054b2        0x2 
 .text.SDMMC_CmdStopTransfer
                0x00000000080054b4       0x34 ./Drivers/STM32F4xx_HAL_Driver/Src/stm32f4xx_ll_sdmmc.o
                0x00000000080054b4                SDMMC_CmdStopTransfer
 .text.SDMMC_CmdSelDesel
                0x00000000080054e8       0x32 ./Drivers/STM32F4xx_HAL_Driver/Src/stm32f4xx_ll_sdmmc.o
                0x00000000080054e8                SDMMC_CmdSelDesel
 .text.SDMMC_CmdAppCommand
                0x000000000800551a       0x32 ./Drivers/STM32F4xx_HAL_Driver/Src/stm32f4xx_ll_sdmmc.o
                0x000000000800551a                SDMMC_CmdAppCommand
 .text.SDMMC_CmdBusWidth
                0x000000000800554c       0x32 ./Drivers/STM32F4xx_HAL_Driver/Src/stm32f4xx_ll_sdmmc.o
                0x000000000800554c                SDMMC_CmdBusWidth
 .text.SDMMC_CmdSendSCR
                0x000000000800557e       0x32 ./Drivers/STM32F4xx_HAL_Driver/Src/stm32f4xx_ll_sdmmc.o
                0x000000000800557e                SDMMC_CmdSendSCR
 .text.SDMMC_CmdSendStatus
                0x00000000080055b0       0x32 ./Drivers/STM32F4xx_HAL_Driver/Src/stm32f4xx_ll_sdmmc.o
                0x00000000080055b0                SDMMC_CmdSendStatus
 *fill*         0x00000000080055e2        0x2 
 .text.SDMMC_GetCmdResp2
                0x00000000080055e4       0x4c ./Drivers/STM32F4xx_HAL_Driver/Src/stm32f4xx_ll_sdmmc.o
                0x00000000080055e4                SDMMC_GetCmdResp2
 .text.SDMMC_CmdSendCID
                0x0000000008005630       0x2c ./Drivers/STM32F4xx_HAL_Driver/Src/stm32f4xx_ll_sdmmc.o
                0x0000000008005630                SDMMC_CmdSendCID
 .text.SDMMC_CmdSendCSD
                0x000000000800565c       0x2c ./Drivers/STM32F4xx_HAL_Driver/Src/stm32f4xx_ll_sdmmc.o
                0x000000000800565c                SDMMC_CmdSendCSD
 .text.SDMMC_GetCmdResp3
                0x0000000008005688       0x40 ./Drivers/STM32F4xx_HAL_Driver/Src/stm32f4xx_ll_sdmmc.o
                0x0000000008005688                SDMMC_GetCmdResp3
 .text.SDMMC_CmdAppOperCommand
                0x00000000080056c8       0x34 ./Drivers/STM32F4xx_HAL_Driver/Src/stm32f4xx_ll_sdmmc.o
                0x00000000080056c8                SDMMC_CmdAppOperCommand
 .text.SDMMC_GetCmdResp6
                0x00000000080056fc       0x84 ./Drivers/STM32F4xx_HAL_Driver/Src/stm32f4xx_ll_sdmmc.o
                0x00000000080056fc                SDMMC_GetCmdResp6
 .text.SDMMC_CmdSetRelAdd
                0x0000000008005780       0x32 ./Drivers/STM32F4xx_HAL_Driver/Src/stm32f4xx_ll_sdmmc.o
                0x0000000008005780                SDMMC_CmdSetRelAdd
 *fill*         0x00000000080057b2        0x2 
 .text.SDMMC_GetCmdResp7
                0x00000000080057b4       0x58 ./Drivers/STM32F4xx_HAL_Driver/Src/stm32f4xx_ll_sdmmc.o
                0x00000000080057b4                SDMMC_GetCmdResp7
 .text.SDMMC_CmdOperCond
                0x000000000800580c       0x30 ./Drivers/STM32F4xx_HAL_Driver/Src/stm32f4xx_ll_sdmmc.o
                0x000000000800580c                SDMMC_CmdOperCond
 .text.MX_FATFS_Init
                0x000000000800583c       0x1c ./FATFS/App/fatfs.o
                0x000000000800583c                MX_FATFS_Init
 .text.get_fattime
                0x0000000008005858        0x4 ./FATFS/App/fatfs.o
                0x0000000008005858                get_fattime
 .text.BSP_SD_ReadBlocks
                0x000000000800585c       0x20 ./FATFS/Target/bsp_driver_sd.o
                0x000000000800585c                BSP_SD_ReadBlocks
 .text.BSP_SD_WriteBlocks
                0x000000000800587c       0x20 ./FATFS/Target/bsp_driver_sd.o
                0x000000000800587c                BSP_SD_WriteBlocks
 .text.BSP_SD_GetCardState
                0x000000000800589c       0x14 ./FATFS/Target/bsp_driver_sd.o
                0x000000000800589c                BSP_SD_GetCardState
 .text.BSP_SD_GetCardInfo
                0x00000000080058b0        0xc ./FATFS/Target/bsp_driver_sd.o
                0x00000000080058b0                BSP_SD_GetCardInfo
 .text.BSP_SD_IsDetected
                0x00000000080058bc       0x1c ./FATFS/Target/bsp_driver_sd.o
                0x00000000080058bc                BSP_SD_IsDetected
 .text.BSP_SD_Init
                0x00000000080058d8       0x2c ./FATFS/Target/bsp_driver_sd.o
                0x00000000080058d8                BSP_SD_Init
 .text.BSP_PlatformIsDetected
                0x0000000008005904       0x18 ./FATFS/Target/fatfs_platform.o
                0x0000000008005904                BSP_PlatformIsDetected
 .text.SD_ioctl
                0x000000000800591c       0x54 ./FATFS/Target/sd_diskio.o
                0x000000000800591c                SD_ioctl
 .text.SD_read  0x0000000008005970       0x20 ./FATFS/Target/sd_diskio.o
                0x0000000008005970                SD_read
 .text.SD_status
                0x0000000008005990       0x20 ./FATFS/Target/sd_diskio.o
                0x0000000008005990                SD_status
 .text.SD_write
                0x00000000080059b0       0x20 ./FATFS/Target/sd_diskio.o
                0x00000000080059b0                SD_write
 .text.SD_initialize
                0x00000000080059d0       0x2c ./FATFS/Target/sd_diskio.o
                0x00000000080059d0                SD_initialize
 .text.disk_status
                0x00000000080059fc       0x14 ./Middlewares/Third_Party/FatFs/src/diskio.o
                0x00000000080059fc                disk_status
 .text.disk_initialize
                0x0000000008005a10       0x28 ./Middlewares/Third_Party/FatFs/src/diskio.o
                0x0000000008005a10                disk_initialize
 .text.disk_read
                0x0000000008005a38       0x1c ./Middlewares/Third_Party/FatFs/src/diskio.o
                0x0000000008005a38                disk_read
 .text.disk_write
                0x0000000008005a54       0x1c ./Middlewares/Third_Party/FatFs/src/diskio.o
                0x0000000008005a54                disk_write
 .text.disk_ioctl
                0x0000000008005a70       0x1c ./Middlewares/Third_Party/FatFs/src/diskio.o
                0x0000000008005a70                disk_ioctl
 .text.ld_dword
                0x0000000008005a8c        0x4 ./Middlewares/Third_Party/FatFs/src/ff.o
 .text.st_dword
                0x0000000008005a90       0x10 ./Middlewares/Third_Party/FatFs/src/ff.o
 .text.mem_set  0x0000000008005aa0        0xc ./Middlewares/Third_Party/FatFs/src/ff.o
 .text.chk_lock
                0x0000000008005aac       0x74 ./Middlewares/Third_Party/FatFs/src/ff.o
 .text.inc_lock
                0x0000000008005b20       0x84 ./Middlewares/Third_Party/FatFs/src/ff.o
 .text.dec_lock
                0x0000000008005ba4       0x3c ./Middlewares/Third_Party/FatFs/src/ff.o
 .text.clear_lock
                0x0000000008005be0       0x1c ./Middlewares/Third_Party/FatFs/src/ff.o
 .text.clust2sect
                0x0000000008005bfc       0x16 ./Middlewares/Third_Party/FatFs/src/ff.o
 .text.clmt_clust
                0x0000000008005c12       0x26 ./Middlewares/Third_Party/FatFs/src/ff.o
 .text.st_clust
                0x0000000008005c38       0x18 ./Middlewares/Third_Party/FatFs/src/ff.o
 .text.sum_sfn  0x0000000008005c50       0x1e ./Middlewares/Third_Party/FatFs/src/ff.o
 .text.get_ldnumber
                0x0000000008005c6e       0x30 ./Middlewares/Third_Party/FatFs/src/ff.o
 .text.validate
                0x0000000008005c9e       0x34 ./Middlewares/Third_Party/FatFs/src/ff.o
 .text.get_fileinfo
                0x0000000008005cd2       0xea ./Middlewares/Third_Party/FatFs/src/ff.o
 .text.mem_cpy.part.0
                0x0000000008005dbc       0x12 ./Middlewares/Third_Party/FatFs/src/ff.o
 .text.sync_window.part.0
                0x0000000008005dce       0x4c ./Middlewares/Third_Party/FatFs/src/ff.o
 .text.sync_window
                0x0000000008005e1a        0xc ./Middlewares/Third_Party/FatFs/src/ff.o
 .text.move_window
                0x0000000008005e26       0x32 ./Middlewares/Third_Party/FatFs/src/ff.o
 .text.check_fs
                0x0000000008005e58       0x78 ./Middlewares/Third_Party/FatFs/src/ff.o
 .text.find_volume
                0x0000000008005ed0      0x29c ./Middlewares/Third_Party/FatFs/src/ff.o
 .text.put_fat  0x000000000800616c      0x12a ./Middlewares/Third_Party/FatFs/src/ff.o
 .text.sync_fs  0x0000000008006296       0x94 ./Middlewares/Third_Party/FatFs/src/ff.o
 .text.ld_clust.isra.0
                0x000000000800632a       0x10 ./Middlewares/Third_Party/FatFs/src/ff.o
 .text.get_fat.isra.0
                0x000000000800633a       0xd6 ./Middlewares/Third_Party/FatFs/src/ff.o
 .text.remove_chain
                0x0000000008006410       0x70 ./Middlewares/Third_Party/FatFs/src/ff.o
 .text.create_chain
                0x0000000008006480       0xb0 ./Middlewares/Third_Party/FatFs/src/ff.o
 .text.dir_sdi  0x0000000008006530       0x86 ./Middlewares/Third_Party/FatFs/src/ff.o
 .text.dir_next
                0x00000000080065b6       0xf8 ./Middlewares/Third_Party/FatFs/src/ff.o
 *fill*         0x00000000080066ae        0x2 
 .text.dir_find
                0x00000000080066b0      0x160 ./Middlewares/Third_Party/FatFs/src/ff.o
 .text.dir_register
                0x0000000008006810      0x284 ./Middlewares/Third_Party/FatFs/src/ff.o
 .text.follow_path
                0x0000000008006a94      0x270 ./Middlewares/Third_Party/FatFs/src/ff.o
 .text.f_mount  0x0000000008006d04       0x54 ./Middlewares/Third_Party/FatFs/src/ff.o
                0x0000000008006d04                f_mount
 .text.f_open   0x0000000008006d58      0x200 ./Middlewares/Third_Party/FatFs/src/ff.o
                0x0000000008006d58                f_open
 .text.f_read   0x0000000008006f58      0x16e ./Middlewares/Third_Party/FatFs/src/ff.o
                0x0000000008006f58                f_read
 .text.f_write  0x00000000080070c6      0x196 ./Middlewares/Third_Party/FatFs/src/ff.o
                0x00000000080070c6                f_write
 .text.putc_bfd
                0x000000000800725c       0x44 ./Middlewares/Third_Party/FatFs/src/ff.o
 .text.putc_flush
                0x00000000080072a0       0x2e ./Middlewares/Third_Party/FatFs/src/ff.o
 .text.f_sync   0x00000000080072ce       0x96 ./Middlewares/Third_Party/FatFs/src/ff.o
                0x00000000080072ce                f_sync
 .text.f_close  0x0000000008007364       0x22 ./Middlewares/Third_Party/FatFs/src/ff.o
                0x0000000008007364                f_close
 .text.f_lseek  0x0000000008007386      0x210 ./Middlewares/Third_Party/FatFs/src/ff.o
                0x0000000008007386                f_lseek
 .text.f_opendir
                0x0000000008007596       0x80 ./Middlewares/Third_Party/FatFs/src/ff.o
                0x0000000008007596                f_opendir
 .text.f_closedir
                0x0000000008007616       0x28 ./Middlewares/Third_Party/FatFs/src/ff.o
                0x0000000008007616                f_closedir
 .text.f_stat   0x000000000800763e       0x3e ./Middlewares/Third_Party/FatFs/src/ff.o
                0x000000000800763e                f_stat
 .text.f_gets   0x000000000800767c       0x4a ./Middlewares/Third_Party/FatFs/src/ff.o
                0x000000000800767c                f_gets
 .text.f_puts   0x00000000080076c6       0x24 ./Middlewares/Third_Party/FatFs/src/ff.o
                0x00000000080076c6                f_puts
 *fill*         0x00000000080076ea        0x2 
 .text.FATFS_LinkDriverEx
                0x00000000080076ec       0x40 ./Middlewares/Third_Party/FatFs/src/ff_gen_drv.o
                0x00000000080076ec                FATFS_LinkDriverEx
 .text.FATFS_LinkDriver
                0x000000000800772c        0x6 ./Middlewares/Third_Party/FatFs/src/ff_gen_drv.o
                0x000000000800772c                FATFS_LinkDriver
 *fill*         0x0000000008007732        0x2 
 .text.ff_convert
                0x0000000008007734       0x38 ./Middlewares/Third_Party/FatFs/src/option/ccsbcs.o
                0x0000000008007734                ff_convert
 .text.ff_wtoupper
                0x000000000800776c       0x84 ./Middlewares/Third_Party/FatFs/src/option/ccsbcs.o
                0x000000000800776c                ff_wtoupper
 .text.exit     0x00000000080077f0       0x24 C:/ST/STM32CubeIDE_1.14.1/STM32CubeIDE/plugins/com.st.stm32cube.ide.mcu.externaltools.gnu-tools-for-stm32.11.3.rel1.win32_1.1.100.202309141235/tools/bin/../lib/gcc/arm-none-eabi/11.3.1/../../../../arm-none-eabi/lib/thumb/v7e-m+fp/hard\libc_nano.a(libc_a-exit.o)
                0x00000000080077f0                exit
 .text.malloc   0x0000000008007814       0x10 C:/ST/STM32CubeIDE_1.14.1/STM32CubeIDE/plugins/com.st.stm32cube.ide.mcu.externaltools.gnu-tools-for-stm32.11.3.rel1.win32_1.1.100.202309141235/tools/bin/../lib/gcc/arm-none-eabi/11.3.1/../../../../arm-none-eabi/lib/thumb/v7e-m+fp/hard\libc_nano.a(libc_a-malloc.o)
                0x0000000008007814                malloc
 .text.sbrk_aligned
                0x0000000008007824       0x40 C:/ST/STM32CubeIDE_1.14.1/STM32CubeIDE/plugins/com.st.stm32cube.ide.mcu.externaltools.gnu-tools-for-stm32.11.3.rel1.win32_1.1.100.202309141235/tools/bin/../lib/gcc/arm-none-eabi/11.3.1/../../../../arm-none-eabi/lib/thumb/v7e-m+fp/hard\libc_nano.a(libc_a-mallocr.o)
 .text._malloc_r
                0x0000000008007864      0x100 C:/ST/STM32CubeIDE_1.14.1/STM32CubeIDE/plugins/com.st.stm32cube.ide.mcu.externaltools.gnu-tools-for-stm32.11.3.rel1.win32_1.1.100.202309141235/tools/bin/../lib/gcc/arm-none-eabi/11.3.1/../../../../arm-none-eabi/lib/thumb/v7e-m+fp/hard\libc_nano.a(libc_a-mallocr.o)
                0x0000000008007864                _malloc_r
 .text.__malloc_lock
                0x0000000008007964        0xc C:/ST/STM32CubeIDE_1.14.1/STM32CubeIDE/plugins/com.st.stm32cube.ide.mcu.externaltools.gnu-tools-for-stm32.11.3.rel1.win32_1.1.100.202309141235/tools/bin/../lib/gcc/arm-none-eabi/11.3.1/../../../../arm-none-eabi/lib/thumb/v7e-m+fp/hard\libc_nano.a(libc_a-mlock.o)
                0x0000000008007964                __malloc_lock
 .text.__malloc_unlock
                0x0000000008007970        0xc C:/ST/STM32CubeIDE_1.14.1/STM32CubeIDE/plugins/com.st.stm32cube.ide.mcu.externaltools.gnu-tools-for-stm32.11.3.rel1.win32_1.1.100.202309141235/tools/bin/../lib/gcc/arm-none-eabi/11.3.1/../../../../arm-none-eabi/lib/thumb/v7e-m+fp/hard\libc_nano.a(libc_a-mlock.o)
                0x0000000008007970                __malloc_unlock
 .text.__cvt    0x000000000800797c       0xc4 C:/ST/STM32CubeIDE_1.14.1/STM32CubeIDE/plugins/com.st.stm32cube.ide.mcu.externaltools.gnu-tools-for-stm32.11.3.rel1.win32_1.1.100.202309141235/tools/bin/../lib/gcc/arm-none-eabi/11.3.1/../../../../arm-none-eabi/lib/thumb/v7e-m+fp/hard\libc_nano.a(libc_a-nano-vfprintf_float.o)
                0x000000000800797c                __cvt
 .text.__exponent
                0x0000000008007a40       0x7c C:/ST/STM32CubeIDE_1.14.1/STM32CubeIDE/plugins/com.st.stm32cube.ide.mcu.externaltools.gnu-tools-for-stm32.11.3.rel1.win32_1.1.100.202309141235/tools/bin/../lib/gcc/arm-none-eabi/11.3.1/../../../../arm-none-eabi/lib/thumb/v7e-m+fp/hard\libc_nano.a(libc_a-nano-vfprintf_float.o)
                0x0000000008007a40                __exponent
 .text._printf_float
                0x0000000008007abc      0x46c C:/ST/STM32CubeIDE_1.14.1/STM32CubeIDE/plugins/com.st.stm32cube.ide.mcu.externaltools.gnu-tools-for-stm32.11.3.rel1.win32_1.1.100.202309141235/tools/bin/../lib/gcc/arm-none-eabi/11.3.1/../../../../arm-none-eabi/lib/thumb/v7e-m+fp/hard\libc_nano.a(libc_a-nano-vfprintf_float.o)
                0x0000000008007abc                _printf_float
 .text._printf_common
                0x0000000008007f28       0xda C:/ST/STM32CubeIDE_1.14.1/STM32CubeIDE/plugins/com.st.stm32cube.ide.mcu.externaltools.gnu-tools-for-stm32.11.3.rel1.win32_1.1.100.202309141235/tools/bin/../lib/gcc/arm-none-eabi/11.3.1/../../../../arm-none-eabi/lib/thumb/v7e-m+fp/hard\libc_nano.a(libc_a-nano-vfprintf_i.o)
                0x0000000008007f28                _printf_common
 *fill*         0x0000000008008002        0x2 
 .text._printf_i
                0x0000000008008004      0x244 C:/ST/STM32CubeIDE_1.14.1/STM32CubeIDE/plugins/com.st.stm32cube.ide.mcu.externaltools.gnu-tools-for-stm32.11.3.rel1.win32_1.1.100.202309141235/tools/bin/../lib/gcc/arm-none-eabi/11.3.1/../../../../arm-none-eabi/lib/thumb/v7e-m+fp/hard\libc_nano.a(libc_a-nano-vfprintf_i.o)
                0x0000000008008004                _printf_i
 .text.std      0x0000000008008248       0x6c C:/ST/STM32CubeIDE_1.14.1/STM32CubeIDE/plugins/com.st.stm32cube.ide.mcu.externaltools.gnu-tools-for-stm32.11.3.rel1.win32_1.1.100.202309141235/tools/bin/../lib/gcc/arm-none-eabi/11.3.1/../../../../arm-none-eabi/lib/thumb/v7e-m+fp/hard\libc_nano.a(libc_a-findfp.o)
 .text.stdio_exit_handler
                0x00000000080082b4       0x18 C:/ST/STM32CubeIDE_1.14.1/STM32CubeIDE/plugins/com.st.stm32cube.ide.mcu.externaltools.gnu-tools-for-stm32.11.3.rel1.win32_1.1.100.202309141235/tools/bin/../lib/gcc/arm-none-eabi/11.3.1/../../../../arm-none-eabi/lib/thumb/v7e-m+fp/hard\libc_nano.a(libc_a-findfp.o)
 .text.cleanup_stdio
                0x00000000080082cc       0x40 C:/ST/STM32CubeIDE_1.14.1/STM32CubeIDE/plugins/com.st.stm32cube.ide.mcu.externaltools.gnu-tools-for-stm32.11.3.rel1.win32_1.1.100.202309141235/tools/bin/../lib/gcc/arm-none-eabi/11.3.1/../../../../arm-none-eabi/lib/thumb/v7e-m+fp/hard\libc_nano.a(libc_a-findfp.o)
 .text.global_stdio_init.part.0
                0x000000000800830c       0x3c C:/ST/STM32CubeIDE_1.14.1/STM32CubeIDE/plugins/com.st.stm32cube.ide.mcu.externaltools.gnu-tools-for-stm32.11.3.rel1.win32_1.1.100.202309141235/tools/bin/../lib/gcc/arm-none-eabi/11.3.1/../../../../arm-none-eabi/lib/thumb/v7e-m+fp/hard\libc_nano.a(libc_a-findfp.o)
 .text.__sfp_lock_acquire
                0x0000000008008348        0xc C:/ST/STM32CubeIDE_1.14.1/STM32CubeIDE/plugins/com.st.stm32cube.ide.mcu.externaltools.gnu-tools-for-stm32.11.3.rel1.win32_1.1.100.202309141235/tools/bin/../lib/gcc/arm-none-eabi/11.3.1/../../../../arm-none-eabi/lib/thumb/v7e-m+fp/hard\libc_nano.a(libc_a-findfp.o)
                0x0000000008008348                __sfp_lock_acquire
 .text.__sfp_lock_release
                0x0000000008008354        0xc C:/ST/STM32CubeIDE_1.14.1/STM32CubeIDE/plugins/com.st.stm32cube.ide.mcu.externaltools.gnu-tools-for-stm32.11.3.rel1.win32_1.1.100.202309141235/tools/bin/../lib/gcc/arm-none-eabi/11.3.1/../../../../arm-none-eabi/lib/thumb/v7e-m+fp/hard\libc_nano.a(libc_a-findfp.o)
                0x0000000008008354                __sfp_lock_release
 .text.__sinit  0x0000000008008360       0x30 C:/ST/STM32CubeIDE_1.14.1/STM32CubeIDE/plugins/com.st.stm32cube.ide.mcu.externaltools.gnu-tools-for-stm32.11.3.rel1.win32_1.1.100.202309141235/tools/bin/../lib/gcc/arm-none-eabi/11.3.1/../../../../arm-none-eabi/lib/thumb/v7e-m+fp/hard\libc_nano.a(libc_a-findfp.o)
                0x0000000008008360                __sinit
 .text._fwalk_sglue
                0x0000000008008390       0x3c C:/ST/STM32CubeIDE_1.14.1/STM32CubeIDE/plugins/com.st.stm32cube.ide.mcu.externaltools.gnu-tools-for-stm32.11.3.rel1.win32_1.1.100.202309141235/tools/bin/../lib/gcc/arm-none-eabi/11.3.1/../../../../arm-none-eabi/lib/thumb/v7e-m+fp/hard\libc_nano.a(libc_a-fwalk.o)
                0x0000000008008390                _fwalk_sglue
 .text.sprintf  0x00000000080083cc       0x40 C:/ST/STM32CubeIDE_1.14.1/STM32CubeIDE/plugins/com.st.stm32cube.ide.mcu.externaltools.gnu-tools-for-stm32.11.3.rel1.win32_1.1.100.202309141235/tools/bin/../lib/gcc/arm-none-eabi/11.3.1/../../../../arm-none-eabi/lib/thumb/v7e-m+fp/hard\libc_nano.a(libc_a-sprintf.o)
                0x00000000080083cc                siprintf
                0x00000000080083cc                sprintf
 .text.__sread  0x000000000800840c       0x22 C:/ST/STM32CubeIDE_1.14.1/STM32CubeIDE/plugins/com.st.stm32cube.ide.mcu.externaltools.gnu-tools-for-stm32.11.3.rel1.win32_1.1.100.202309141235/tools/bin/../lib/gcc/arm-none-eabi/11.3.1/../../../../arm-none-eabi/lib/thumb/v7e-m+fp/hard\libc_nano.a(libc_a-stdio.o)
                0x000000000800840c                __sread
 .text.__swrite
                0x000000000800842e       0x38 C:/ST/STM32CubeIDE_1.14.1/STM32CubeIDE/plugins/com.st.stm32cube.ide.mcu.externaltools.gnu-tools-for-stm32.11.3.rel1.win32_1.1.100.202309141235/tools/bin/../lib/gcc/arm-none-eabi/11.3.1/../../../../arm-none-eabi/lib/thumb/v7e-m+fp/hard\libc_nano.a(libc_a-stdio.o)
                0x000000000800842e                __swrite
 .text.__sseek  0x0000000008008466       0x24 C:/ST/STM32CubeIDE_1.14.1/STM32CubeIDE/plugins/com.st.stm32cube.ide.mcu.externaltools.gnu-tools-for-stm32.11.3.rel1.win32_1.1.100.202309141235/tools/bin/../lib/gcc/arm-none-eabi/11.3.1/../../../../arm-none-eabi/lib/thumb/v7e-m+fp/hard\libc_nano.a(libc_a-stdio.o)
                0x0000000008008466                __sseek
 .text.__sclose
                0x000000000800848a        0x8 C:/ST/STM32CubeIDE_1.14.1/STM32CubeIDE/plugins/com.st.stm32cube.ide.mcu.externaltools.gnu-tools-for-stm32.11.3.rel1.win32_1.1.100.202309141235/tools/bin/../lib/gcc/arm-none-eabi/11.3.1/../../../../arm-none-eabi/lib/thumb/v7e-m+fp/hard\libc_nano.a(libc_a-stdio.o)
                0x000000000800848a                __sclose
 .text._vsnprintf_r
                0x0000000008008492       0x56 C:/ST/STM32CubeIDE_1.14.1/STM32CubeIDE/plugins/com.st.stm32cube.ide.mcu.externaltools.gnu-tools-for-stm32.11.3.rel1.win32_1.1.100.202309141235/tools/bin/../lib/gcc/arm-none-eabi/11.3.1/../../../../arm-none-eabi/lib/thumb/v7e-m+fp/hard\libc_nano.a(libc_a-vsnprintf.o)
                0x0000000008008492                _vsniprintf_r
                0x0000000008008492                _vsnprintf_r
 .text.vsnprintf
                0x00000000080084e8       0x1c C:/ST/STM32CubeIDE_1.14.1/STM32CubeIDE/plugins/com.st.stm32cube.ide.mcu.externaltools.gnu-tools-for-stm32.11.3.rel1.win32_1.1.100.202309141235/tools/bin/../lib/gcc/arm-none-eabi/11.3.1/../../../../arm-none-eabi/lib/thumb/v7e-m+fp/hard\libc_nano.a(libc_a-vsnprintf.o)
                0x00000000080084e8                vsniprintf
                0x00000000080084e8                vsnprintf
 .text.memset   0x0000000008008504       0x10 C:/ST/STM32CubeIDE_1.14.1/STM32CubeIDE/plugins/com.st.stm32cube.ide.mcu.externaltools.gnu-tools-for-stm32.11.3.rel1.win32_1.1.100.202309141235/tools/bin/../lib/gcc/arm-none-eabi/11.3.1/../../../../arm-none-eabi/lib/thumb/v7e-m+fp/hard\libc_nano.a(libc_a-memset.o)
                0x0000000008008504                memset
 .text._localeconv_r
                0x0000000008008514        0x8 C:/ST/STM32CubeIDE_1.14.1/STM32CubeIDE/plugins/com.st.stm32cube.ide.mcu.externaltools.gnu-tools-for-stm32.11.3.rel1.win32_1.1.100.202309141235/tools/bin/../lib/gcc/arm-none-eabi/11.3.1/../../../../arm-none-eabi/lib/thumb/v7e-m+fp/hard\libc_nano.a(libc_a-localeconv.o)
                0x0000000008008514                _localeconv_r
 .text._close_r
                0x000000000800851c       0x20 C:/ST/STM32CubeIDE_1.14.1/STM32CubeIDE/plugins/com.st.stm32cube.ide.mcu.externaltools.gnu-tools-for-stm32.11.3.rel1.win32_1.1.100.202309141235/tools/bin/../lib/gcc/arm-none-eabi/11.3.1/../../../../arm-none-eabi/lib/thumb/v7e-m+fp/hard\libc_nano.a(libc_a-closer.o)
                0x000000000800851c                _close_r
 .text._lseek_r
                0x000000000800853c       0x24 C:/ST/STM32CubeIDE_1.14.1/STM32CubeIDE/plugins/com.st.stm32cube.ide.mcu.externaltools.gnu-tools-for-stm32.11.3.rel1.win32_1.1.100.202309141235/tools/bin/../lib/gcc/arm-none-eabi/11.3.1/../../../../arm-none-eabi/lib/thumb/v7e-m+fp/hard\libc_nano.a(libc_a-lseekr.o)
                0x000000000800853c                _lseek_r
 .text._read_r  0x0000000008008560       0x24 C:/ST/STM32CubeIDE_1.14.1/STM32CubeIDE/plugins/com.st.stm32cube.ide.mcu.externaltools.gnu-tools-for-stm32.11.3.rel1.win32_1.1.100.202309141235/tools/bin/../lib/gcc/arm-none-eabi/11.3.1/../../../../arm-none-eabi/lib/thumb/v7e-m+fp/hard\libc_nano.a(libc_a-readr.o)
                0x0000000008008560                _read_r
 .text._sbrk_r  0x0000000008008584       0x20 C:/ST/STM32CubeIDE_1.14.1/STM32CubeIDE/plugins/com.st.stm32cube.ide.mcu.externaltools.gnu-tools-for-stm32.11.3.rel1.win32_1.1.100.202309141235/tools/bin/../lib/gcc/arm-none-eabi/11.3.1/../../../../arm-none-eabi/lib/thumb/v7e-m+fp/hard\libc_nano.a(libc_a-sbrkr.o)
                0x0000000008008584                _sbrk_r
 .text._write_r
                0x00000000080085a4       0x24 C:/ST/STM32CubeIDE_1.14.1/STM32CubeIDE/plugins/com.st.stm32cube.ide.mcu.externaltools.gnu-tools-for-stm32.11.3.rel1.win32_1.1.100.202309141235/tools/bin/../lib/gcc/arm-none-eabi/11.3.1/../../../../arm-none-eabi/lib/thumb/v7e-m+fp/hard\libc_nano.a(libc_a-writer.o)
                0x00000000080085a4                _write_r
 .text.__errno  0x00000000080085c8        0xc C:/ST/STM32CubeIDE_1.14.1/STM32CubeIDE/plugins/com.st.stm32cube.ide.mcu.externaltools.gnu-tools-for-stm32.11.3.rel1.win32_1.1.100.202309141235/tools/bin/../lib/gcc/arm-none-eabi/11.3.1/../../../../arm-none-eabi/lib/thumb/v7e-m+fp/hard\libc_nano.a(libc_a-errno.o)
                0x00000000080085c8                __errno
 .text.__libc_init_array
                0x00000000080085d4       0x48 C:/ST/STM32CubeIDE_1.14.1/STM32CubeIDE/plugins/com.st.stm32cube.ide.mcu.externaltools.gnu-tools-for-stm32.11.3.rel1.win32_1.1.100.202309141235/tools/bin/../lib/gcc/arm-none-eabi/11.3.1/../../../../arm-none-eabi/lib/thumb/v7e-m+fp/hard\libc_nano.a(libc_a-init.o)
                0x00000000080085d4                __libc_init_array
 .text.__retarget_lock_init_recursive
                0x000000000800861c        0x2 C:/ST/STM32CubeIDE_1.14.1/STM32CubeIDE/plugins/com.st.stm32cube.ide.mcu.externaltools.gnu-tools-for-stm32.11.3.rel1.win32_1.1.100.202309141235/tools/bin/../lib/gcc/arm-none-eabi/11.3.1/../../../../arm-none-eabi/lib/thumb/v7e-m+fp/hard\libc_nano.a(libc_a-lock.o)
                0x000000000800861c                __retarget_lock_init_recursive
 .text.__retarget_lock_acquire_recursive
                0x000000000800861e        0x2 C:/ST/STM32CubeIDE_1.14.1/STM32CubeIDE/plugins/com.st.stm32cube.ide.mcu.externaltools.gnu-tools-for-stm32.11.3.rel1.win32_1.1.100.202309141235/tools/bin/../lib/gcc/arm-none-eabi/11.3.1/../../../../arm-none-eabi/lib/thumb/v7e-m+fp/hard\libc_nano.a(libc_a-lock.o)
                0x000000000800861e                __retarget_lock_acquire_recursive
 .text.__retarget_lock_release_recursive
                0x0000000008008620        0x2 C:/ST/STM32CubeIDE_1.14.1/STM32CubeIDE/plugins/com.st.stm32cube.ide.mcu.externaltools.gnu-tools-for-stm32.11.3.rel1.win32_1.1.100.202309141235/tools/bin/../lib/gcc/arm-none-eabi/11.3.1/../../../../arm-none-eabi/lib/thumb/v7e-m+fp/hard\libc_nano.a(libc_a-lock.o)
                0x0000000008008620                __retarget_lock_release_recursive
 .text.quorem   0x0000000008008622      0x110 C:/ST/STM32CubeIDE_1.14.1/STM32CubeIDE/plugins/com.st.stm32cube.ide.mcu.externaltools.gnu-tools-for-stm32.11.3.rel1.win32_1.1.100.202309141235/tools/bin/../lib/gcc/arm-none-eabi/11.3.1/../../../../arm-none-eabi/lib/thumb/v7e-m+fp/hard\libc_nano.a(libc_a-dtoa.o)
 *fill*         0x0000000008008732        0x6 
 .text._dtoa_r  0x0000000008008738      0xbe4 C:/ST/STM32CubeIDE_1.14.1/STM32CubeIDE/plugins/com.st.stm32cube.ide.mcu.externaltools.gnu-tools-for-stm32.11.3.rel1.win32_1.1.100.202309141235/tools/bin/../lib/gcc/arm-none-eabi/11.3.1/../../../../arm-none-eabi/lib/thumb/v7e-m+fp/hard\libc_nano.a(libc_a-dtoa.o)
                0x0000000008008738                _dtoa_r
 .text._free_r  0x000000000800931c       0x98 C:/ST/STM32CubeIDE_1.14.1/STM32CubeIDE/plugins/com.st.stm32cube.ide.mcu.externaltools.gnu-tools-for-stm32.11.3.rel1.win32_1.1.100.202309141235/tools/bin/../lib/gcc/arm-none-eabi/11.3.1/../../../../arm-none-eabi/lib/thumb/v7e-m+fp/hard\libc_nano.a(libc_a-freer.o)
                0x000000000800931c                _free_r
 .text._Balloc  0x00000000080093b4       0x80 C:/ST/STM32CubeIDE_1.14.1/STM32CubeIDE/plugins/com.st.stm32cube.ide.mcu.externaltools.gnu-tools-for-stm32.11.3.rel1.win32_1.1.100.202309141235/tools/bin/../lib/gcc/arm-none-eabi/11.3.1/../../../../arm-none-eabi/lib/thumb/v7e-m+fp/hard\libc_nano.a(libc_a-mprec.o)
                0x00000000080093b4                _Balloc
 .text._Bfree   0x0000000008009434       0x44 C:/ST/STM32CubeIDE_1.14.1/STM32CubeIDE/plugins/com.st.stm32cube.ide.mcu.externaltools.gnu-tools-for-stm32.11.3.rel1.win32_1.1.100.202309141235/tools/bin/../lib/gcc/arm-none-eabi/11.3.1/../../../../arm-none-eabi/lib/thumb/v7e-m+fp/hard\libc_nano.a(libc_a-mprec.o)
                0x0000000008009434                _Bfree
 .text.__multadd
                0x0000000008009478       0x8c C:/ST/STM32CubeIDE_1.14.1/STM32CubeIDE/plugins/com.st.stm32cube.ide.mcu.externaltools.gnu-tools-for-stm32.11.3.rel1.win32_1.1.100.202309141235/tools/bin/../lib/gcc/arm-none-eabi/11.3.1/../../../../arm-none-eabi/lib/thumb/v7e-m+fp/hard\libc_nano.a(libc_a-mprec.o)
                0x0000000008009478                __multadd
 .text.__hi0bits
                0x0000000008009504       0x40 C:/ST/STM32CubeIDE_1.14.1/STM32CubeIDE/plugins/com.st.stm32cube.ide.mcu.externaltools.gnu-tools-for-stm32.11.3.rel1.win32_1.1.100.202309141235/tools/bin/../lib/gcc/arm-none-eabi/11.3.1/../../../../arm-none-eabi/lib/thumb/v7e-m+fp/hard\libc_nano.a(libc_a-mprec.o)
                0x0000000008009504                __hi0bits
 .text.__lo0bits
                0x0000000008009544       0x5a C:/ST/STM32CubeIDE_1.14.1/STM32CubeIDE/plugins/com.st.stm32cube.ide.mcu.externaltools.gnu-tools-for-stm32.11.3.rel1.win32_1.1.100.202309141235/tools/bin/../lib/gcc/arm-none-eabi/11.3.1/../../../../arm-none-eabi/lib/thumb/v7e-m+fp/hard\libc_nano.a(libc_a-mprec.o)
                0x0000000008009544                __lo0bits
 *fill*         0x000000000800959e        0x2 
 .text.__i2b    0x00000000080095a0       0x2c C:/ST/STM32CubeIDE_1.14.1/STM32CubeIDE/plugins/com.st.stm32cube.ide.mcu.externaltools.gnu-tools-for-stm32.11.3.rel1.win32_1.1.100.202309141235/tools/bin/../lib/gcc/arm-none-eabi/11.3.1/../../../../arm-none-eabi/lib/thumb/v7e-m+fp/hard\libc_nano.a(libc_a-mprec.o)
                0x00000000080095a0                __i2b
 .text.__multiply
                0x00000000080095cc      0x154 C:/ST/STM32CubeIDE_1.14.1/STM32CubeIDE/plugins/com.st.stm32cube.ide.mcu.externaltools.gnu-tools-for-stm32.11.3.rel1.win32_1.1.100.202309141235/tools/bin/../lib/gcc/arm-none-eabi/11.3.1/../../../../arm-none-eabi/lib/thumb/v7e-m+fp/hard\libc_nano.a(libc_a-mprec.o)
                0x00000000080095cc                __multiply
 .text.__pow5mult
                0x0000000008009720       0xb4 C:/ST/STM32CubeIDE_1.14.1/STM32CubeIDE/plugins/com.st.stm32cube.ide.mcu.externaltools.gnu-tools-for-stm32.11.3.rel1.win32_1.1.100.202309141235/tools/bin/../lib/gcc/arm-none-eabi/11.3.1/../../../../arm-none-eabi/lib/thumb/v7e-m+fp/hard\libc_nano.a(libc_a-mprec.o)
                0x0000000008009720                __pow5mult
 .text.__lshift
                0x00000000080097d4       0xd8 C:/ST/STM32CubeIDE_1.14.1/STM32CubeIDE/plugins/com.st.stm32cube.ide.mcu.externaltools.gnu-tools-for-stm32.11.3.rel1.win32_1.1.100.202309141235/tools/bin/../lib/gcc/arm-none-eabi/11.3.1/../../../../arm-none-eabi/lib/thumb/v7e-m+fp/hard\libc_nano.a(libc_a-mprec.o)
                0x00000000080097d4                __lshift
 .text.__mcmp   0x00000000080098ac       0x38 C:/ST/STM32CubeIDE_1.14.1/STM32CubeIDE/plugins/com.st.stm32cube.ide.mcu.externaltools.gnu-tools-for-stm32.11.3.rel1.win32_1.1.100.202309141235/tools/bin/../lib/gcc/arm-none-eabi/11.3.1/../../../../arm-none-eabi/lib/thumb/v7e-m+fp/hard\libc_nano.a(libc_a-mprec.o)
                0x00000000080098ac                __mcmp
 .text.__mdiff  0x00000000080098e4      0x114 C:/ST/STM32CubeIDE_1.14.1/STM32CubeIDE/plugins/com.st.stm32cube.ide.mcu.externaltools.gnu-tools-for-stm32.11.3.rel1.win32_1.1.100.202309141235/tools/bin/../lib/gcc/arm-none-eabi/11.3.1/../../../../arm-none-eabi/lib/thumb/v7e-m+fp/hard\libc_nano.a(libc_a-mprec.o)
                0x00000000080098e4                __mdiff
 .text.__d2b    0x00000000080099f8       0xb4 C:/ST/STM32CubeIDE_1.14.1/STM32CubeIDE/plugins/com.st.stm32cube.ide.mcu.externaltools.gnu-tools-for-stm32.11.3.rel1.win32_1.1.100.202309141235/tools/bin/../lib/gcc/arm-none-eabi/11.3.1/../../../../arm-none-eabi/lib/thumb/v7e-m+fp/hard\libc_nano.a(libc_a-mprec.o)
                0x00000000080099f8                __d2b
 .text.__ssputs_r
                0x0000000008009aac       0xb4 C:/ST/STM32CubeIDE_1.14.1/STM32CubeIDE/plugins/com.st.stm32cube.ide.mcu.externaltools.gnu-tools-for-stm32.11.3.rel1.win32_1.1.100.202309141235/tools/bin/../lib/gcc/arm-none-eabi/11.3.1/../../../../arm-none-eabi/lib/thumb/v7e-m+fp/hard\libc_nano.a(libc_a-nano-svfprintf.o)
                0x0000000008009aac                __ssputs_r
 .text._svfprintf_r
                0x0000000008009b60      0x1fc C:/ST/STM32CubeIDE_1.14.1/STM32CubeIDE/plugins/com.st.stm32cube.ide.mcu.externaltools.gnu-tools-for-stm32.11.3.rel1.win32_1.1.100.202309141235/tools/bin/../lib/gcc/arm-none-eabi/11.3.1/../../../../arm-none-eabi/lib/thumb/v7e-m+fp/hard\libc_nano.a(libc_a-nano-svfprintf.o)
                0x0000000008009b60                _svfiprintf_r
                0x0000000008009b60                _svfprintf_r
 .text.__sflush_r
                0x0000000008009d5c      0x10c C:/ST/STM32CubeIDE_1.14.1/STM32CubeIDE/plugins/com.st.stm32cube.ide.mcu.externaltools.gnu-tools-for-stm32.11.3.rel1.win32_1.1.100.202309141235/tools/bin/../lib/gcc/arm-none-eabi/11.3.1/../../../../arm-none-eabi/lib/thumb/v7e-m+fp/hard\libc_nano.a(libc_a-fflush.o)
                0x0000000008009d5c                __sflush_r
 .text._fflush_r
                0x0000000008009e68       0x50 C:/ST/STM32CubeIDE_1.14.1/STM32CubeIDE/plugins/com.st.stm32cube.ide.mcu.externaltools.gnu-tools-for-stm32.11.3.rel1.win32_1.1.100.202309141235/tools/bin/../lib/gcc/arm-none-eabi/11.3.1/../../../../arm-none-eabi/lib/thumb/v7e-m+fp/hard\libc_nano.a(libc_a-fflush.o)
                0x0000000008009e68                _fflush_r
 .text.memmove  0x0000000008009eb8       0x34 C:/ST/STM32CubeIDE_1.14.1/STM32CubeIDE/plugins/com.st.stm32cube.ide.mcu.externaltools.gnu-tools-for-stm32.11.3.rel1.win32_1.1.100.202309141235/tools/bin/../lib/gcc/arm-none-eabi/11.3.1/../../../../arm-none-eabi/lib/thumb/v7e-m+fp/hard\libc_nano.a(libc_a-memmove.o)
                0x0000000008009eb8                memmove
 .text.memcpy   0x0000000008009eec       0x1c C:/ST/STM32CubeIDE_1.14.1/STM32CubeIDE/plugins/com.st.stm32cube.ide.mcu.externaltools.gnu-tools-for-stm32.11.3.rel1.win32_1.1.100.202309141235/tools/bin/../lib/gcc/arm-none-eabi/11.3.1/../../../../arm-none-eabi/lib/thumb/v7e-m+fp/hard\libc_nano.a(libc_a-memcpy-stub.o)
                0x0000000008009eec                memcpy
 .text.__assert_func
                0x0000000008009f08       0x3c C:/ST/STM32CubeIDE_1.14.1/STM32CubeIDE/plugins/com.st.stm32cube.ide.mcu.externaltools.gnu-tools-for-stm32.11.3.rel1.win32_1.1.100.202309141235/tools/bin/../lib/gcc/arm-none-eabi/11.3.1/../../../../arm-none-eabi/lib/thumb/v7e-m+fp/hard\libc_nano.a(libc_a-assert.o)
                0x0000000008009f08                __assert_func
 .text._calloc_r
                0x0000000008009f44       0x2c C:/ST/STM32CubeIDE_1.14.1/STM32CubeIDE/plugins/com.st.stm32cube.ide.mcu.externaltools.gnu-tools-for-stm32.11.3.rel1.win32_1.1.100.202309141235/tools/bin/../lib/gcc/arm-none-eabi/11.3.1/../../../../arm-none-eabi/lib/thumb/v7e-m+fp/hard\libc_nano.a(libc_a-callocr.o)
                0x0000000008009f44                _calloc_r
 .text.__ascii_mbtowc
                0x0000000008009f70       0x24 C:/ST/STM32CubeIDE_1.14.1/STM32CubeIDE/plugins/com.st.stm32cube.ide.mcu.externaltools.gnu-tools-for-stm32.11.3.rel1.win32_1.1.100.202309141235/tools/bin/../lib/gcc/arm-none-eabi/11.3.1/../../../../arm-none-eabi/lib/thumb/v7e-m+fp/hard\libc_nano.a(libc_a-mbtowc_r.o)
                0x0000000008009f70                __ascii_mbtowc
 .text._realloc_r
                0x0000000008009f94       0x5e C:/ST/STM32CubeIDE_1.14.1/STM32CubeIDE/plugins/com.st.stm32cube.ide.mcu.externaltools.gnu-tools-for-stm32.11.3.rel1.win32_1.1.100.202309141235/tools/bin/../lib/gcc/arm-none-eabi/11.3.1/../../../../arm-none-eabi/lib/thumb/v7e-m+fp/hard\libc_nano.a(libc_a-reallocr.o)
                0x0000000008009f94                _realloc_r
 .text.__ascii_wctomb
                0x0000000008009ff2       0x1a C:/ST/STM32CubeIDE_1.14.1/STM32CubeIDE/plugins/com.st.stm32cube.ide.mcu.externaltools.gnu-tools-for-stm32.11.3.rel1.win32_1.1.100.202309141235/tools/bin/../lib/gcc/arm-none-eabi/11.3.1/../../../../arm-none-eabi/lib/thumb/v7e-m+fp/hard\libc_nano.a(libc_a-wctomb_r.o)
                0x0000000008009ff2                __ascii_wctomb
 .text.fprintf  0x000000000800a00c       0x24 C:/ST/STM32CubeIDE_1.14.1/STM32CubeIDE/plugins/com.st.stm32cube.ide.mcu.externaltools.gnu-tools-for-stm32.11.3.rel1.win32_1.1.100.202309141235/tools/bin/../lib/gcc/arm-none-eabi/11.3.1/../../../../arm-none-eabi/lib/thumb/v7e-m+fp/hard\libc_nano.a(libc_a-fprintf.o)
                0x000000000800a00c                fiprintf
                0x000000000800a00c                fprintf
 .text.abort    0x000000000800a030        0xe C:/ST/STM32CubeIDE_1.14.1/STM32CubeIDE/plugins/com.st.stm32cube.ide.mcu.externaltools.gnu-tools-for-stm32.11.3.rel1.win32_1.1.100.202309141235/tools/bin/../lib/gcc/arm-none-eabi/11.3.1/../../../../arm-none-eabi/lib/thumb/v7e-m+fp/hard\libc_nano.a(libc_a-abort.o)
                0x000000000800a030                abort
 .text._malloc_usable_size_r
                0x000000000800a03e       0x10 C:/ST/STM32CubeIDE_1.14.1/STM32CubeIDE/plugins/com.st.stm32cube.ide.mcu.externaltools.gnu-tools-for-stm32.11.3.rel1.win32_1.1.100.202309141235/tools/bin/../lib/gcc/arm-none-eabi/11.3.1/../../../../arm-none-eabi/lib/thumb/v7e-m+fp/hard\libc_nano.a(libc_a-msizer.o)
                0x000000000800a03e                _malloc_usable_size_r
 .text.__sfputc_r
                0x000000000800a04e       0x2e C:/ST/STM32CubeIDE_1.14.1/STM32CubeIDE/plugins/com.st.stm32cube.ide.mcu.externaltools.gnu-tools-for-stm32.11.3.rel1.win32_1.1.100.202309141235/tools/bin/../lib/gcc/arm-none-eabi/11.3.1/../../../../arm-none-eabi/lib/thumb/v7e-m+fp/hard\libc_nano.a(libc_a-nano-vfprintf.o)
 .text.__sfputs_r
                0x000000000800a07c       0x24 C:/ST/STM32CubeIDE_1.14.1/STM32CubeIDE/plugins/com.st.stm32cube.ide.mcu.externaltools.gnu-tools-for-stm32.11.3.rel1.win32_1.1.100.202309141235/tools/bin/../lib/gcc/arm-none-eabi/11.3.1/../../../../arm-none-eabi/lib/thumb/v7e-m+fp/hard\libc_nano.a(libc_a-nano-vfprintf.o)
                0x000000000800a07c                __sfputs_r
 .text._vfprintf_r
                0x000000000800a0a0      0x234 C:/ST/STM32CubeIDE_1.14.1/STM32CubeIDE/plugins/com.st.stm32cube.ide.mcu.externaltools.gnu-tools-for-stm32.11.3.rel1.win32_1.1.100.202309141235/tools/bin/../lib/gcc/arm-none-eabi/11.3.1/../../../../arm-none-eabi/lib/thumb/v7e-m+fp/hard\libc_nano.a(libc_a-nano-vfprintf.o)
                0x000000000800a0a0                _vfprintf_r
                0x000000000800a0a0                _vfiprintf_r
 .text.__swbuf_r
                0x000000000800a2d4       0x7a C:/ST/STM32CubeIDE_1.14.1/STM32CubeIDE/plugins/com.st.stm32cube.ide.mcu.externaltools.gnu-tools-for-stm32.11.3.rel1.win32_1.1.100.202309141235/tools/bin/../lib/gcc/arm-none-eabi/11.3.1/../../../../arm-none-eabi/lib/thumb/v7e-m+fp/hard\libc_nano.a(libc_a-wbuf.o)
                0x000000000800a2d4                __swbuf_r
 *fill*         0x000000000800a34e        0x2 
 .text.__swsetup_r
                0x000000000800a350       0xb0 C:/ST/STM32CubeIDE_1.14.1/STM32CubeIDE/plugins/com.st.stm32cube.ide.mcu.externaltools.gnu-tools-for-stm32.11.3.rel1.win32_1.1.100.202309141235/tools/bin/../lib/gcc/arm-none-eabi/11.3.1/../../../../arm-none-eabi/lib/thumb/v7e-m+fp/hard\libc_nano.a(libc_a-wsetup.o)
                0x000000000800a350                __swsetup_r
 .text._raise_r
                0x000000000800a400       0x50 C:/ST/STM32CubeIDE_1.14.1/STM32CubeIDE/plugins/com.st.stm32cube.ide.mcu.externaltools.gnu-tools-for-stm32.11.3.rel1.win32_1.1.100.202309141235/tools/bin/../lib/gcc/arm-none-eabi/11.3.1/../../../../arm-none-eabi/lib/thumb/v7e-m+fp/hard\libc_nano.a(libc_a-signal.o)
                0x000000000800a400                _raise_r
 .text.raise    0x000000000800a450       0x10 C:/ST/STM32CubeIDE_1.14.1/STM32CubeIDE/plugins/com.st.stm32cube.ide.mcu.externaltools.gnu-tools-for-stm32.11.3.rel1.win32_1.1.100.202309141235/tools/bin/../lib/gcc/arm-none-eabi/11.3.1/../../../../arm-none-eabi/lib/thumb/v7e-m+fp/hard\libc_nano.a(libc_a-signal.o)
                0x000000000800a450                raise
 .text._kill_r  0x000000000800a460       0x24 C:/ST/STM32CubeIDE_1.14.1/STM32CubeIDE/plugins/com.st.stm32cube.ide.mcu.externaltools.gnu-tools-for-stm32.11.3.rel1.win32_1.1.100.202309141235/tools/bin/../lib/gcc/arm-none-eabi/11.3.1/../../../../arm-none-eabi/lib/thumb/v7e-m+fp/hard\libc_nano.a(libc_a-signalr.o)
                0x000000000800a460                _kill_r
 .text._getpid_r
                0x000000000800a484        0x4 C:/ST/STM32CubeIDE_1.14.1/STM32CubeIDE/plugins/com.st.stm32cube.ide.mcu.externaltools.gnu-tools-for-stm32.11.3.rel1.win32_1.1.100.202309141235/tools/bin/../lib/gcc/arm-none-eabi/11.3.1/../../../../arm-none-eabi/lib/thumb/v7e-m+fp/hard\libc_nano.a(libc_a-signalr.o)
                0x000000000800a484                _getpid_r
 .text.__swhatbuf_r
                0x000000000800a488       0x4c C:/ST/STM32CubeIDE_1.14.1/STM32CubeIDE/plugins/com.st.stm32cube.ide.mcu.externaltools.gnu-tools-for-stm32.11.3.rel1.win32_1.1.100.202309141235/tools/bin/../lib/gcc/arm-none-eabi/11.3.1/../../../../arm-none-eabi/lib/thumb/v7e-m+fp/hard\libc_nano.a(libc_a-makebuf.o)
                0x000000000800a488                __swhatbuf_r
 .text.__smakebuf_r
                0x000000000800a4d4       0x78 C:/ST/STM32CubeIDE_1.14.1/STM32CubeIDE/plugins/com.st.stm32cube.ide.mcu.externaltools.gnu-tools-for-stm32.11.3.rel1.win32_1.1.100.202309141235/tools/bin/../lib/gcc/arm-none-eabi/11.3.1/../../../../arm-none-eabi/lib/thumb/v7e-m+fp/hard\libc_nano.a(libc_a-makebuf.o)
                0x000000000800a4d4                __smakebuf_r
 .text._fstat_r
                0x000000000800a54c       0x24 C:/ST/STM32CubeIDE_1.14.1/STM32CubeIDE/plugins/com.st.stm32cube.ide.mcu.externaltools.gnu-tools-for-stm32.11.3.rel1.win32_1.1.100.202309141235/tools/bin/../lib/gcc/arm-none-eabi/11.3.1/../../../../arm-none-eabi/lib/thumb/v7e-m+fp/hard\libc_nano.a(libc_a-fstatr.o)
                0x000000000800a54c                _fstat_r
 .text._isatty_r
                0x000000000800a570       0x20 C:/ST/STM32CubeIDE_1.14.1/STM32CubeIDE/plugins/com.st.stm32cube.ide.mcu.externaltools.gnu-tools-for-stm32.11.3.rel1.win32_1.1.100.202309141235/tools/bin/../lib/gcc/arm-none-eabi/11.3.1/../../../../arm-none-eabi/lib/thumb/v7e-m+fp/hard\libc_nano.a(libc_a-isattyr.o)
                0x000000000800a570                _isatty_r
 .text.atan2    0x000000000800a590        0x4 C:/ST/STM32CubeIDE_1.14.1/STM32CubeIDE/plugins/com.st.stm32cube.ide.mcu.externaltools.gnu-tools-for-stm32.11.3.rel1.win32_1.1.100.202309141235/tools/bin/../lib/gcc/arm-none-eabi/11.3.1/../../../../arm-none-eabi/lib/thumb/v7e-m+fp/hard\libm.a(libm_a-w_atan2.o)
                0x000000000800a590                atan2
 *fill*         0x000000000800a594        0x4 
 .text.log      0x000000000800a598       0x7c C:/ST/STM32CubeIDE_1.14.1/STM32CubeIDE/plugins/com.st.stm32cube.ide.mcu.externaltools.gnu-tools-for-stm32.11.3.rel1.win32_1.1.100.202309141235/tools/bin/../lib/gcc/arm-none-eabi/11.3.1/../../../../arm-none-eabi/lib/thumb/v7e-m+fp/hard\libm.a(libm_a-w_log.o)
                0x000000000800a598                log
 .text.sqrt     0x000000000800a614       0x58 C:/ST/STM32CubeIDE_1.14.1/STM32CubeIDE/plugins/com.st.stm32cube.ide.mcu.externaltools.gnu-tools-for-stm32.11.3.rel1.win32_1.1.100.202309141235/tools/bin/../lib/gcc/arm-none-eabi/11.3.1/../../../../arm-none-eabi/lib/thumb/v7e-m+fp/hard\libm.a(libm_a-w_sqrt.o)
                0x000000000800a614                sqrt
 *fill*         0x000000000800a66c        0x4 
 .text.nan      0x000000000800a670       0x10 C:/ST/STM32CubeIDE_1.14.1/STM32CubeIDE/plugins/com.st.stm32cube.ide.mcu.externaltools.gnu-tools-for-stm32.11.3.rel1.win32_1.1.100.202309141235/tools/bin/../lib/gcc/arm-none-eabi/11.3.1/../../../../arm-none-eabi/lib/thumb/v7e-m+fp/hard\libm.a(libm_a-s_nan.o)
                0x000000000800a670                nan
 .text.__ieee754_sqrt
                0x000000000800a680      0x1b4 C:/ST/STM32CubeIDE_1.14.1/STM32CubeIDE/plugins/com.st.stm32cube.ide.mcu.externaltools.gnu-tools-for-stm32.11.3.rel1.win32_1.1.100.202309141235/tools/bin/../lib/gcc/arm-none-eabi/11.3.1/../../../../arm-none-eabi/lib/thumb/v7e-m+fp/hard\libm.a(libm_a-e_sqrt.o)
                0x000000000800a680                __ieee754_sqrt
 *fill*         0x000000000800a834        0x4 
 .text.__ieee754_atan2
                0x000000000800a838      0x18c C:/ST/STM32CubeIDE_1.14.1/STM32CubeIDE/plugins/com.st.stm32cube.ide.mcu.externaltools.gnu-tools-for-stm32.11.3.rel1.win32_1.1.100.202309141235/tools/bin/../lib/gcc/arm-none-eabi/11.3.1/../../../../arm-none-eabi/lib/thumb/v7e-m+fp/hard\libm.a(libm_a-e_atan2.o)
                0x000000000800a838                __ieee754_atan2
 *fill*         0x000000000800a9c4        0x4 
 .text.__ieee754_log
                0x000000000800a9c8      0x374 C:/ST/STM32CubeIDE_1.14.1/STM32CubeIDE/plugins/com.st.stm32cube.ide.mcu.externaltools.gnu-tools-for-stm32.11.3.rel1.win32_1.1.100.202309141235/tools/bin/../lib/gcc/arm-none-eabi/11.3.1/../../../../arm-none-eabi/lib/thumb/v7e-m+fp/hard\libm.a(libm_a-e_log.o)
                0x000000000800a9c8                __ieee754_log
 *fill*         0x000000000800ad3c        0x4 
 .text.atan     0x000000000800ad40      0x340 C:/ST/STM32CubeIDE_1.14.1/STM32CubeIDE/plugins/com.st.stm32cube.ide.mcu.externaltools.gnu-tools-for-stm32.11.3.rel1.win32_1.1.100.202309141235/tools/bin/../lib/gcc/arm-none-eabi/11.3.1/../../../../arm-none-eabi/lib/thumb/v7e-m+fp/hard\libm.a(libm_a-s_atan.o)
                0x000000000800ad40                atan
 .text.fabs     0x000000000800b080       0x12 C:/ST/STM32CubeIDE_1.14.1/STM32CubeIDE/plugins/com.st.stm32cube.ide.mcu.externaltools.gnu-tools-for-stm32.11.3.rel1.win32_1.1.100.202309141235/tools/bin/../lib/gcc/arm-none-eabi/11.3.1/../../../../arm-none-eabi/lib/thumb/v7e-m+fp/hard\libm.a(libm_a-s_fabs.o)
                0x000000000800b080                fabs
 *(.glue_7)
 .glue_7        0x000000000800b092        0x0 linker stubs
 *(.glue_7t)
 .glue_7t       0x000000000800b092        0x0 linker stubs
 *(.eh_frame)
 *fill*         0x000000000800b092        0x2 
 .eh_frame      0x000000000800b094        0x0 C:/ST/STM32CubeIDE_1.14.1/STM32CubeIDE/plugins/com.st.stm32cube.ide.mcu.externaltools.gnu-tools-for-stm32.11.3.rel1.win32_1.1.100.202309141235/tools/bin/../lib/gcc/arm-none-eabi/11.3.1/thumb/v7e-m+fp/hard/crtbegin.o
 *(.init)
 .init          0x000000000800b094        0x4 C:/ST/STM32CubeIDE_1.14.1/STM32CubeIDE/plugins/com.st.stm32cube.ide.mcu.externaltools.gnu-tools-for-stm32.11.3.rel1.win32_1.1.100.202309141235/tools/bin/../lib/gcc/arm-none-eabi/11.3.1/thumb/v7e-m+fp/hard/crti.o
                0x000000000800b094                _init
 .init          0x000000000800b098        0x8 C:/ST/STM32CubeIDE_1.14.1/STM32CubeIDE/plugins/com.st.stm32cube.ide.mcu.externaltools.gnu-tools-for-stm32.11.3.rel1.win32_1.1.100.202309141235/tools/bin/../lib/gcc/arm-none-eabi/11.3.1/thumb/v7e-m+fp/hard/crtn.o
 *(.fini)
 .fini          0x000000000800b0a0        0x4 C:/ST/STM32CubeIDE_1.14.1/STM32CubeIDE/plugins/com.st.stm32cube.ide.mcu.externaltools.gnu-tools-for-stm32.11.3.rel1.win32_1.1.100.202309141235/tools/bin/../lib/gcc/arm-none-eabi/11.3.1/thumb/v7e-m+fp/hard/crti.o
                0x000000000800b0a0                _fini
 .fini          0x000000000800b0a4        0x8 C:/ST/STM32CubeIDE_1.14.1/STM32CubeIDE/plugins/com.st.stm32cube.ide.mcu.externaltools.gnu-tools-for-stm32.11.3.rel1.win32_1.1.100.202309141235/tools/bin/../lib/gcc/arm-none-eabi/11.3.1/thumb/v7e-m+fp/hard/crtn.o
                0x000000000800b0ac                . = ALIGN (0x4)
                0x000000000800b0ac                _etext = .

.vfp11_veneer   0x000000000800b0ac        0x0
 .vfp11_veneer  0x000000000800b0ac        0x0 linker stubs

.v4_bx          0x000000000800b0ac        0x0
 .v4_bx         0x000000000800b0ac        0x0 linker stubs

.iplt           0x000000000800b0ac        0x0
 .iplt          0x000000000800b0ac        0x0 C:/ST/STM32CubeIDE_1.14.1/STM32CubeIDE/plugins/com.st.stm32cube.ide.mcu.externaltools.gnu-tools-for-stm32.11.3.rel1.win32_1.1.100.202309141235/tools/bin/../lib/gcc/arm-none-eabi/11.3.1/thumb/v7e-m+fp/hard/crtbegin.o

.rodata         0x000000000800b0b0     0x7ef8
                0x000000000800b0b0                . = ALIGN (0x4)
 *(.rodata)
 *(.rodata*)
 .rodata.Get_Axis.str1.1
                0x000000000800b0b0       0x2a ./Core/Src/Accelerometer.o
 .rodata.System_Start.str1.1
                0x000000000800b0da       0x50 ./Core/Src/Accelerometer.o
 .rodata.GERMAN
                0x000000000800b12a     0x384e ./Core/Src/HTML_Code.o
                0x000000000800b12a                GERMAN
 .rodata.USA    0x000000000800e978     0x3846 ./Core/Src/HTML_Code.o
                0x000000000800e978                USA
 .rodata.Sleep_mode.str1.1
                0x00000000080121be       0x39 ./Core/Src/ISR.o
 .rodata.NTC_Array.str1.1
                0x00000000080121f7       0x1b ./Core/Src/NTC.o
 .rodata.SD_Card_Test.str1.1
                0x0000000008012212       0x74 ./Core/Src/SD_Card.o
                                         0x75 (size before relaxing)
 .rodata.File_Number_Create.str1.1
                0x0000000008012286       0xde ./Core/Src/SD_Card.o
 .rodata.Num_Sys_Create.str1.1
                0x0000000008012364       0x91 ./Core/Src/SD_Card.o
 .rodata.HTML_File_Create.str1.1
                0x00000000080123f5       0xf4 ./Core/Src/SD_Card.o
 .rodata.Create_DataLog_File.str1.1
                0x00000000080124e9      0x11f ./Core/Src/SD_Card.o
 .rodata.Update_Log_Num.str1.1
                0x0000000008012608       0x1b ./Core/Src/SD_Card.o
 .rodata.DATA_LOG.str1.1
                0x0000000008012623       0x8b ./Core/Src/SD_Card.o
 .rodata.File_Name
                0x00000000080126ae        0x9 ./Core/Src/SD_Card.o
                0x00000000080126ae                File_Name
 .rodata.main.str1.1
                0x00000000080126b7       0x94 ./Core/Src/main.o
 .rodata.AHBPrescTable
                0x000000000801274b       0x10 ./Core/Src/system_stm32f4xx.o
                0x000000000801274b                AHBPrescTable
 .rodata.APBPrescTable
                0x000000000801275b        0x8 ./Core/Src/system_stm32f4xx.o
                0x000000000801275b                APBPrescTable
 *fill*         0x0000000008012763        0x1 
 .rodata.SD_Driver
                0x0000000008012764       0x14 ./FATFS/Target/sd_diskio.o
                0x0000000008012764                SD_Driver
 .rodata.follow_path.str1.1
                0x0000000008012778       0x10 ./Middlewares/Third_Party/FatFs/src/ff.o
 .rodata.ExCvt  0x0000000008012788       0x80 ./Middlewares/Third_Party/FatFs/src/ff.o
 .rodata.LfnOfs
                0x0000000008012808        0xd ./Middlewares/Third_Party/FatFs/src/ff.o
 *fill*         0x0000000008012815        0x1 
 .rodata.Tbl    0x0000000008012816      0x100 ./Middlewares/Third_Party/FatFs/src/option/ccsbcs.o
 .rodata.cvt1.1
                0x0000000008012916      0x1f2 ./Middlewares/Third_Party/FatFs/src/option/ccsbcs.o
 .rodata.cvt2.0
                0x0000000008012b08       0xbc ./Middlewares/Third_Party/FatFs/src/option/ccsbcs.o
 .rodata._printf_float.str1.1
                0x0000000008012bc4       0x12 C:/ST/STM32CubeIDE_1.14.1/STM32CubeIDE/plugins/com.st.stm32cube.ide.mcu.externaltools.gnu-tools-for-stm32.11.3.rel1.win32_1.1.100.202309141235/tools/bin/../lib/gcc/arm-none-eabi/11.3.1/../../../../arm-none-eabi/lib/thumb/v7e-m+fp/hard\libc_nano.a(libc_a-nano-vfprintf_float.o)
 .rodata._printf_i.str1.1
                0x0000000008012bd6       0x22 C:/ST/STM32CubeIDE_1.14.1/STM32CubeIDE/plugins/com.st.stm32cube.ide.mcu.externaltools.gnu-tools-for-stm32.11.3.rel1.win32_1.1.100.202309141235/tools/bin/../lib/gcc/arm-none-eabi/11.3.1/../../../../arm-none-eabi/lib/thumb/v7e-m+fp/hard\libc_nano.a(libc_a-nano-vfprintf_i.o)
 .rodata._dtoa_r.str1.1